[2025-04-20T10:22:51.056+0800][0.015s] CardTable entry size: 512
[2025-04-20T10:22:51.056+0800][0.016s] Using G1
[2025-04-20T10:22:51.145+0800][0.104s] Version: 19.0.1+10-21 (release)
[2025-04-20T10:22:51.145+0800][0.105s] CPUs: 8 total, 8 available
[2025-04-20T10:22:51.145+0800][0.105s] Memory: 16103M
[2025-04-20T10:22:51.145+0800][0.105s] Large Page Support: Disabled
[2025-04-20T10:22:51.145+0800][0.105s] NUMA Support: Disabled
[2025-04-20T10:22:51.145+0800][0.105s] Compressed Oops: Enabled (32-bit)
[2025-04-20T10:22:51.145+0800][0.105s] Heap Region Size: 1M
[2025-04-20T10:22:51.145+0800][0.105s] Heap Min Capacity: 512M
[2025-04-20T10:22:51.145+0800][0.105s] Heap Initial Capacity: 512M
[2025-04-20T10:22:51.145+0800][0.105s] Heap Max Capacity: 512M
[2025-04-20T10:22:51.146+0800][0.105s] Pre-touch: Enabled
[2025-04-20T10:22:51.146+0800][0.105s] Parallel Workers: 8
[2025-04-20T10:22:51.146+0800][0.105s] Concurrent Workers: 2
[2025-04-20T10:22:51.146+0800][0.105s] Concurrent Refinement Workers: 8
[2025-04-20T10:22:51.146+0800][0.105s] Periodic GC: Disabled
[2025-04-20T10:22:51.146+0800][0.105s] CDS archive(s) mapped at: [0x0000000800000000-0x0000000800c40000-0x0000000800c40000), size 12845056, SharedBaseAddress: 0x0000000800000000, ArchiveRelocationMode: 0.
[2025-04-20T10:22:51.146+0800][0.105s] Compressed class space mapped at: 0x0000000801000000-0x0000000841000000, reserved size: 1073741824
[2025-04-20T10:22:51.146+0800][0.105s] Narrow klass base: 0x0000000800000000, Narrow klass shift: 0, Narrow klass range: 0x100000000
[2025-04-20T10:22:51.896+0800][0.855s] GC(0) Pause Young (Normal) (G1 Evacuation Pause)
[2025-04-20T10:22:51.897+0800][0.855s] GC(0) Using 8 workers of 8 for evacuation
[2025-04-20T10:22:51.899+0800][0.858s] GC(0)   Pre Evacuate Collection Set: 0.1ms
[2025-04-20T10:22:51.899+0800][0.858s] GC(0)   Merge Heap Roots: 0.0ms
[2025-04-20T10:22:51.899+0800][0.858s] GC(0)   Evacuate Collection Set: 2.0ms
[2025-04-20T10:22:51.899+0800][0.858s] GC(0)   Post Evacuate Collection Set: 0.3ms
[2025-04-20T10:22:51.899+0800][0.858s] GC(0)   Other: 0.3ms
[2025-04-20T10:22:51.899+0800][0.858s] GC(0) Eden regions: 29->0(43)
[2025-04-20T10:22:51.899+0800][0.858s] GC(0) Survivor regions: 0->4(4)
[2025-04-20T10:22:51.899+0800][0.858s] GC(0) Old regions: 0->0
[2025-04-20T10:22:51.899+0800][0.858s] GC(0) Archive regions: 0->0
[2025-04-20T10:22:51.899+0800][0.858s] GC(0) Humongous regions: 0->0
[2025-04-20T10:22:51.899+0800][0.858s] GC(0) Metaspace: 7711K(8000K)->7711K(8000K) NonClass: 6835K(6976K)->6835K(6976K) Class: 876K(1024K)->876K(1024K)
[2025-04-20T10:22:51.899+0800][0.858s] GC(0) Pause Young (Normal) (G1 Evacuation Pause) 29M->3M(512M) 3.054ms
[2025-04-20T10:22:51.899+0800][0.858s] GC(0) User=0.00s Sys=0.00s Real=0.00s
[2025-04-20T10:22:57.313+0800][6.272s] GC(1) Pause Young (Normal) (G1 Evacuation Pause)
[2025-04-20T10:22:57.314+0800][6.273s] GC(1) Using 8 workers of 8 for evacuation
[2025-04-20T10:22:57.321+0800][6.279s] GC(1)   Pre Evacuate Collection Set: 0.1ms
[2025-04-20T10:22:57.321+0800][6.280s] GC(1)   Merge Heap Roots: 0.0ms
[2025-04-20T10:22:57.321+0800][6.280s] GC(1)   Evacuate Collection Set: 6.0ms
[2025-04-20T10:22:57.321+0800][6.280s] GC(1)   Post Evacuate Collection Set: 0.8ms
[2025-04-20T10:22:57.321+0800][6.280s] GC(1)   Other: 0.1ms
[2025-04-20T10:22:57.321+0800][6.280s] GC(1) Eden regions: 43->0(71)
[2025-04-20T10:22:57.321+0800][6.280s] GC(1) Survivor regions: 4->6(6)
[2025-04-20T10:22:57.321+0800][6.280s] GC(1) Old regions: 0->9
[2025-04-20T10:22:57.321+0800][6.280s] GC(1) Archive regions: 0->0
[2025-04-20T10:22:57.321+0800][6.280s] GC(1) Humongous regions: 4->4
[2025-04-20T10:22:57.321+0800][6.280s] GC(1) Metaspace: 19178K(19520K)->19178K(19520K) NonClass: 17018K(17216K)->17018K(17216K) Class: 2160K(2304K)->2160K(2304K)
[2025-04-20T10:22:57.321+0800][6.280s] GC(1) Pause Young (Normal) (G1 Evacuation Pause) 50M->18M(512M) 7.193ms
[2025-04-20T10:22:57.321+0800][6.280s] GC(1) User=0.00s Sys=0.00s Real=0.01s
[2025-04-20T10:22:57.697+0800][6.656s] GC(2) Pause Young (Normal) (G1 Evacuation Pause)
[2025-04-20T10:22:57.697+0800][6.656s] GC(2) Using 8 workers of 8 for evacuation
[2025-04-20T10:22:57.700+0800][6.660s] GC(2)   Pre Evacuate Collection Set: 0.2ms
[2025-04-20T10:22:57.700+0800][6.660s] GC(2)   Merge Heap Roots: 0.2ms
[2025-04-20T10:22:57.700+0800][6.660s] GC(2)   Evacuate Collection Set: 2.8ms
[2025-04-20T10:22:57.700+0800][6.660s] GC(2)   Post Evacuate Collection Set: 0.5ms
[2025-04-20T10:22:57.701+0800][6.660s] GC(2)   Other: 0.1ms
[2025-04-20T10:22:57.701+0800][6.660s] GC(2) Eden regions: 71->0(133)
[2025-04-20T10:22:57.701+0800][6.660s] GC(2) Survivor regions: 6->5(10)
[2025-04-20T10:22:57.701+0800][6.660s] GC(2) Old regions: 9->15
[2025-04-20T10:22:57.701+0800][6.660s] GC(2) Archive regions: 0->0
[2025-04-20T10:22:57.701+0800][6.660s] GC(2) Humongous regions: 4->4
[2025-04-20T10:22:57.701+0800][6.660s] GC(2) Metaspace: 19573K(20096K)->19573K(20096K) NonClass: 17386K(17664K)->17386K(17664K) Class: 2186K(2432K)->2186K(2432K)
[2025-04-20T10:22:57.701+0800][6.660s] GC(2) Pause Young (Normal) (G1 Evacuation Pause) 89M->23M(512M) 4.061ms
[2025-04-20T10:22:57.701+0800][6.660s] GC(2) User=0.00s Sys=0.00s Real=0.00s
[2025-04-20T10:22:57.922+0800][6.881s] GC(3) Pause Young (Concurrent Start) (Metadata GC Threshold)
[2025-04-20T10:22:57.922+0800][6.881s] GC(3) Using 8 workers of 8 for evacuation
[2025-04-20T10:22:57.924+0800][6.882s] GC(3)   Pre Evacuate Collection Set: 0.1ms
[2025-04-20T10:22:57.924+0800][6.882s] GC(3)   Merge Heap Roots: 0.0ms
[2025-04-20T10:22:57.924+0800][6.882s] GC(3)   Evacuate Collection Set: 1.3ms
[2025-04-20T10:22:57.924+0800][6.883s] GC(3)   Post Evacuate Collection Set: 0.3ms
[2025-04-20T10:22:57.924+0800][6.883s] GC(3)   Other: 0.1ms
[2025-04-20T10:22:57.924+0800][6.883s] GC(3) Eden regions: 21->0(215)
[2025-04-20T10:22:57.924+0800][6.883s] GC(3) Survivor regions: 5->6(18)
[2025-04-20T10:22:57.924+0800][6.883s] GC(3) Old regions: 15->15
[2025-04-20T10:22:57.924+0800][6.883s] GC(3) Archive regions: 0->0
[2025-04-20T10:22:57.924+0800][6.883s] GC(3) Humongous regions: 4->4
[2025-04-20T10:22:57.924+0800][6.883s] GC(3) Metaspace: 21102K(21504K)->21102K(21504K) NonClass: 18738K(18944K)->18738K(18944K) Class: 2363K(2560K)->2363K(2560K)
[2025-04-20T10:22:57.924+0800][6.883s] GC(3) Pause Young (Concurrent Start) (Metadata GC Threshold) 44M->23M(512M) 2.041ms
[2025-04-20T10:22:57.924+0800][6.883s] GC(3) User=0.00s Sys=0.00s Real=0.00s
[2025-04-20T10:22:57.924+0800][6.883s] GC(4) Concurrent Mark Cycle
[2025-04-20T10:22:57.924+0800][6.883s] GC(4) Concurrent Clear Claimed Marks
[2025-04-20T10:22:57.924+0800][6.883s] GC(4) Concurrent Clear Claimed Marks 0.023ms
[2025-04-20T10:22:57.924+0800][6.883s] GC(4) Concurrent Scan Root Regions
[2025-04-20T10:22:57.925+0800][6.883s] GC(4) Concurrent Scan Root Regions 0.737ms
[2025-04-20T10:22:57.925+0800][6.883s] GC(4) Concurrent Mark
[2025-04-20T10:22:57.925+0800][6.883s] GC(4) Concurrent Mark From Roots
[2025-04-20T10:22:57.925+0800][6.883s] GC(4) Using 2 workers of 2 for marking
[2025-04-20T10:22:57.935+0800][6.894s] GC(4) Concurrent Mark From Roots 10.150ms
[2025-04-20T10:22:57.935+0800][6.894s] GC(4) Concurrent Preclean
[2025-04-20T10:22:57.935+0800][6.894s] GC(4) Concurrent Preclean 0.025ms
[2025-04-20T10:22:57.935+0800][6.894s] GC(4) Pause Remark
[2025-04-20T10:22:57.938+0800][6.897s] GC(4) Pause Remark 25M->25M(512M) 2.670ms
[2025-04-20T10:22:57.938+0800][6.897s] GC(4) User=0.00s Sys=0.00s Real=0.00s
[2025-04-20T10:22:57.938+0800][6.897s] GC(4) Concurrent Mark 13.233ms
[2025-04-20T10:22:57.938+0800][6.897s] GC(4) Concurrent Rebuild Remembered Sets
[2025-04-20T10:22:57.943+0800][6.902s] GC(4) Concurrent Rebuild Remembered Sets 5.136ms
[2025-04-20T10:22:57.943+0800][6.902s] GC(4) Pause Cleanup
[2025-04-20T10:22:57.943+0800][6.902s] GC(4) Pause Cleanup 25M->25M(512M) 0.132ms
[2025-04-20T10:22:57.943+0800][6.902s] GC(4) User=0.00s Sys=0.00s Real=0.00s
[2025-04-20T10:22:57.944+0800][6.902s] GC(4) Concurrent Cleanup for Next Mark
[2025-04-20T10:22:57.945+0800][6.903s] GC(4) Concurrent Cleanup for Next Mark 1.004ms
[2025-04-20T10:22:57.945+0800][6.904s] GC(4) Concurrent Mark Cycle 20.890ms
[2025-04-20T10:22:59.090+0800][8.049s] GC(5) Pause Young (Concurrent Start) (Metadata GC Threshold)
[2025-04-20T10:22:59.090+0800][8.049s] GC(5) Using 8 workers of 8 for evacuation
[2025-04-20T10:22:59.095+0800][8.054s] GC(5)   Pre Evacuate Collection Set: 0.1ms
[2025-04-20T10:22:59.095+0800][8.054s] GC(5)   Merge Heap Roots: 0.1ms
[2025-04-20T10:22:59.095+0800][8.054s] GC(5)   Evacuate Collection Set: 4.0ms
[2025-04-20T10:22:59.095+0800][8.054s] GC(5)   Post Evacuate Collection Set: 0.4ms
[2025-04-20T10:22:59.095+0800][8.054s] GC(5)   Other: 0.1ms
[2025-04-20T10:22:59.095+0800][8.054s] GC(5) Eden regions: 97->0(297)
[2025-04-20T10:22:59.095+0800][8.054s] GC(5) Survivor regions: 6->10(30)
[2025-04-20T10:22:59.095+0800][8.054s] GC(5) Old regions: 15->15
[2025-04-20T10:22:59.095+0800][8.054s] GC(5) Archive regions: 0->0
[2025-04-20T10:22:59.095+0800][8.054s] GC(5) Humongous regions: 4->4
[2025-04-20T10:22:59.095+0800][8.054s] GC(5) Metaspace: 35683K(36160K)->35683K(36160K) NonClass: 31604K(31808K)->31604K(31808K) Class: 4078K(4352K)->4078K(4352K)
[2025-04-20T10:22:59.095+0800][8.054s] GC(5) Pause Young (Concurrent Start) (Metadata GC Threshold) 120M->28M(512M) 4.941ms
[2025-04-20T10:22:59.095+0800][8.054s] GC(6) Concurrent Mark Cycle
[2025-04-20T10:22:59.095+0800][8.054s] GC(5) User=0.09s Sys=0.03s Real=0.01s
[2025-04-20T10:22:59.095+0800][8.054s] GC(6) Concurrent Clear Claimed Marks
[2025-04-20T10:22:59.095+0800][8.054s] GC(6) Concurrent Clear Claimed Marks 0.102ms
[2025-04-20T10:22:59.095+0800][8.054s] GC(6) Concurrent Scan Root Regions
[2025-04-20T10:22:59.097+0800][8.056s] GC(6) Concurrent Scan Root Regions 2.000ms
[2025-04-20T10:22:59.097+0800][8.056s] GC(6) Concurrent Mark
[2025-04-20T10:22:59.097+0800][8.056s] GC(6) Concurrent Mark From Roots
[2025-04-20T10:22:59.097+0800][8.056s] GC(6) Using 2 workers of 2 for marking
[2025-04-20T10:22:59.106+0800][8.065s] GC(6) Concurrent Mark From Roots 8.425ms
[2025-04-20T10:22:59.106+0800][8.065s] GC(6) Concurrent Preclean
[2025-04-20T10:22:59.106+0800][8.065s] GC(6) Concurrent Preclean 0.025ms
[2025-04-20T10:22:59.106+0800][8.065s] GC(6) Pause Remark
[2025-04-20T10:22:59.107+0800][8.066s] GC(6) Pause Remark 30M->30M(512M) 1.489ms
[2025-04-20T10:22:59.107+0800][8.066s] GC(6) User=0.00s Sys=0.00s Real=0.00s
[2025-04-20T10:22:59.107+0800][8.066s] GC(6) Concurrent Mark 10.253ms
[2025-04-20T10:22:59.107+0800][8.066s] GC(6) Concurrent Rebuild Remembered Sets
[2025-04-20T10:22:59.111+0800][8.070s] GC(6) Concurrent Rebuild Remembered Sets 4.013ms
[2025-04-20T10:22:59.111+0800][8.070s] GC(6) Pause Cleanup
[2025-04-20T10:22:59.111+0800][8.071s] GC(6) Pause Cleanup 30M->30M(512M) 0.079ms
[2025-04-20T10:22:59.111+0800][8.071s] GC(6) User=0.00s Sys=0.00s Real=0.00s
[2025-04-20T10:22:59.111+0800][8.071s] GC(6) Concurrent Cleanup for Next Mark
[2025-04-20T10:22:59.112+0800][8.071s] GC(6) Concurrent Cleanup for Next Mark 0.843ms
[2025-04-20T10:22:59.112+0800][8.072s] GC(6) Concurrent Mark Cycle 17.624ms
[2025-04-20T10:39:37.091+0800][1006.050s] Heap
[2025-04-20T10:39:37.091+0800][1006.050s]  garbage-first heap   total 524288K, used 304707K [0x00000000e0000000, 0x0000000100000000)
[2025-04-20T10:39:37.091+0800][1006.050s]   region size 1024K, 279 young (285696K), 10 survivors (10240K)
[2025-04-20T10:39:37.091+0800][1006.050s]  Metaspace       used 58353K, committed 59072K, reserved 1114112K
[2025-04-20T10:39:37.091+0800][1006.050s]   class space    used 7146K, committed 7488K, reserved 1048576K
