[2025-04-15T21:02:55.193+0800][0.011s] CardTable entry size: 512
[2025-04-15T21:02:55.193+0800][0.012s] Using G1
[2025-04-15T21:02:55.277+0800][0.095s] Version: 19.0.1+10-21 (release)
[2025-04-15T21:02:55.277+0800][0.095s] CPUs: 8 total, 8 available
[2025-04-15T21:02:55.277+0800][0.095s] Memory: 16103M
[2025-04-15T21:02:55.277+0800][0.095s] Large Page Support: Disabled
[2025-04-15T21:02:55.277+0800][0.095s] NUMA Support: Disabled
[2025-04-15T21:02:55.277+0800][0.095s] Compressed Oops: Enabled (32-bit)
[2025-04-15T21:02:55.277+0800][0.095s] Heap Region Size: 1M
[2025-04-15T21:02:55.277+0800][0.095s] Heap Min Capacity: 512M
[2025-04-15T21:02:55.277+0800][0.095s] Heap Initial Capacity: 512M
[2025-04-15T21:02:55.277+0800][0.095s] Heap Max Capacity: 512M
[2025-04-15T21:02:55.278+0800][0.096s] Pre-touch: Enabled
[2025-04-15T21:02:55.278+0800][0.096s] Parallel Workers: 8
[2025-04-15T21:02:55.278+0800][0.096s] Concurrent Workers: 2
[2025-04-15T21:02:55.278+0800][0.096s] Concurrent Refinement Workers: 8
[2025-04-15T21:02:55.278+0800][0.096s] Periodic GC: Disabled
[2025-04-15T21:02:55.278+0800][0.096s] CDS archive(s) mapped at: [0x0000000800000000-0x0000000800c40000-0x0000000800c40000), size 12845056, SharedBaseAddress: 0x0000000800000000, ArchiveRelocationMode: 0.
[2025-04-15T21:02:55.278+0800][0.096s] Compressed class space mapped at: 0x0000000801000000-0x0000000841000000, reserved size: 1073741824
[2025-04-15T21:02:55.278+0800][0.097s] Narrow klass base: 0x0000000800000000, Narrow klass shift: 0, Narrow klass range: 0x100000000
[2025-04-15T21:02:56.034+0800][0.851s] GC(0) Pause Young (Normal) (G1 Evacuation Pause)
[2025-04-15T21:02:56.034+0800][0.852s] GC(0) Using 8 workers of 8 for evacuation
[2025-04-15T21:02:56.037+0800][0.854s] GC(0)   Pre Evacuate Collection Set: 0.1ms
[2025-04-15T21:02:56.037+0800][0.854s] GC(0)   Merge Heap Roots: 0.0ms
[2025-04-15T21:02:56.037+0800][0.854s] GC(0)   Evacuate Collection Set: 2.2ms
[2025-04-15T21:02:56.037+0800][0.854s] GC(0)   Post Evacuate Collection Set: 0.4ms
[2025-04-15T21:02:56.037+0800][0.854s] GC(0)   Other: 0.3ms
[2025-04-15T21:02:56.037+0800][0.854s] GC(0) Eden regions: 29->0(43)
[2025-04-15T21:02:56.037+0800][0.855s] GC(0) Survivor regions: 0->4(4)
[2025-04-15T21:02:56.037+0800][0.855s] GC(0) Old regions: 0->0
[2025-04-15T21:02:56.037+0800][0.855s] GC(0) Archive regions: 0->0
[2025-04-15T21:02:56.037+0800][0.855s] GC(0) Humongous regions: 0->0
[2025-04-15T21:02:56.037+0800][0.855s] GC(0) Metaspace: 7709K(8000K)->7709K(8000K) NonClass: 6834K(6976K)->6834K(6976K) Class: 875K(1024K)->875K(1024K)
[2025-04-15T21:02:56.037+0800][0.855s] GC(0) Pause Young (Normal) (G1 Evacuation Pause) 29M->3M(512M) 3.275ms
[2025-04-15T21:02:56.037+0800][0.855s] GC(0) User=0.00s Sys=0.00s Real=0.00s
[2025-04-15T21:03:01.778+0800][6.596s] GC(1) Pause Young (Normal) (G1 Evacuation Pause)
[2025-04-15T21:03:01.779+0800][6.596s] GC(1) Using 8 workers of 8 for evacuation
[2025-04-15T21:03:01.792+0800][6.609s] GC(1)   Pre Evacuate Collection Set: 0.1ms
[2025-04-15T21:03:01.792+0800][6.609s] GC(1)   Merge Heap Roots: 0.1ms
[2025-04-15T21:03:01.792+0800][6.609s] GC(1)   Evacuate Collection Set: 12.1ms
[2025-04-15T21:03:01.792+0800][6.609s] GC(1)   Post Evacuate Collection Set: 1.1ms
[2025-04-15T21:03:01.792+0800][6.609s] GC(1)   Other: 0.1ms
[2025-04-15T21:03:01.792+0800][6.609s] GC(1) Eden regions: 43->0(70)
[2025-04-15T21:03:01.792+0800][6.610s] GC(1) Survivor regions: 4->6(6)
[2025-04-15T21:03:01.792+0800][6.610s] GC(1) Old regions: 0->9
[2025-04-15T21:03:01.792+0800][6.610s] GC(1) Archive regions: 0->0
[2025-04-15T21:03:01.792+0800][6.610s] GC(1) Humongous regions: 4->4
[2025-04-15T21:03:01.792+0800][6.610s] GC(1) Metaspace: 19064K(19456K)->19064K(19456K) NonClass: 16923K(17152K)->16923K(17152K) Class: 2141K(2304K)->2141K(2304K)
[2025-04-15T21:03:01.792+0800][6.610s] GC(1) Pause Young (Normal) (G1 Evacuation Pause) 50M->18M(512M) 14.108ms
[2025-04-15T21:03:01.792+0800][6.610s] GC(1) User=0.09s Sys=0.03s Real=0.01s
[2025-04-15T21:03:02.629+0800][7.446s] GC(2) Pause Young (Normal) (G1 Evacuation Pause)
[2025-04-15T21:03:02.629+0800][7.446s] GC(2) Using 8 workers of 8 for evacuation
[2025-04-15T21:03:02.637+0800][7.454s] GC(2)   Pre Evacuate Collection Set: 0.2ms
[2025-04-15T21:03:02.637+0800][7.454s] GC(2)   Merge Heap Roots: 0.1ms
[2025-04-15T21:03:02.637+0800][7.454s] GC(2)   Evacuate Collection Set: 6.3ms
[2025-04-15T21:03:02.637+0800][7.454s] GC(2)   Post Evacuate Collection Set: 0.6ms
[2025-04-15T21:03:02.637+0800][7.454s] GC(2)   Other: 0.1ms
[2025-04-15T21:03:02.637+0800][7.454s] GC(2) Eden regions: 70->0(221)
[2025-04-15T21:03:02.637+0800][7.454s] GC(2) Survivor regions: 6->5(10)
[2025-04-15T21:03:02.637+0800][7.454s] GC(2) Old regions: 9->15
[2025-04-15T21:03:02.637+0800][7.454s] GC(2) Archive regions: 0->0
[2025-04-15T21:03:02.637+0800][7.454s] GC(2) Humongous regions: 4->4
[2025-04-15T21:03:02.637+0800][7.454s] GC(2) Metaspace: 19507K(19968K)->19507K(19968K) NonClass: 17324K(17536K)->17324K(17536K) Class: 2183K(2432K)->2183K(2432K)
[2025-04-15T21:03:02.637+0800][7.454s] GC(2) Pause Young (Normal) (G1 Evacuation Pause) 88M->23M(512M) 7.824ms
[2025-04-15T21:03:02.637+0800][7.454s] GC(2) User=0.00s Sys=0.00s Real=0.01s
[2025-04-15T21:03:03.265+0800][8.082s] GC(3) Pause Young (Concurrent Start) (Metadata GC Threshold)
[2025-04-15T21:03:03.265+0800][8.082s] GC(3) Using 8 workers of 8 for evacuation
[2025-04-15T21:03:03.269+0800][8.086s] GC(3)   Pre Evacuate Collection Set: 0.2ms
[2025-04-15T21:03:03.269+0800][8.086s] GC(3)   Merge Heap Roots: 0.1ms
[2025-04-15T21:03:03.269+0800][8.086s] GC(3)   Evacuate Collection Set: 2.3ms
[2025-04-15T21:03:03.269+0800][8.086s] GC(3)   Post Evacuate Collection Set: 0.8ms
[2025-04-15T21:03:03.269+0800][8.086s] GC(3)   Other: 0.2ms
[2025-04-15T21:03:03.269+0800][8.086s] GC(3) Eden regions: 51->0(296)
[2025-04-15T21:03:03.269+0800][8.086s] GC(3) Survivor regions: 5->6(29)
[2025-04-15T21:03:03.269+0800][8.086s] GC(3) Old regions: 15->15
[2025-04-15T21:03:03.269+0800][8.086s] GC(3) Archive regions: 0->0
[2025-04-15T21:03:03.269+0800][8.086s] GC(3) Humongous regions: 4->4
[2025-04-15T21:03:03.269+0800][8.086s] GC(3) Metaspace: 21101K(21504K)->21101K(21504K) NonClass: 18739K(18944K)->18739K(18944K) Class: 2361K(2560K)->2361K(2560K)
[2025-04-15T21:03:03.269+0800][8.086s] GC(3) Pause Young (Concurrent Start) (Metadata GC Threshold) 74M->24M(512M) 3.932ms
[2025-04-15T21:03:03.269+0800][8.086s] GC(3) User=0.02s Sys=0.09s Real=0.00s
[2025-04-15T21:03:03.269+0800][8.086s] GC(4) Concurrent Mark Cycle
[2025-04-15T21:03:03.269+0800][8.086s] GC(4) Concurrent Clear Claimed Marks
[2025-04-15T21:03:03.270+0800][8.086s] GC(4) Concurrent Clear Claimed Marks 0.050ms
[2025-04-15T21:03:03.270+0800][8.086s] GC(4) Concurrent Scan Root Regions
[2025-04-15T21:03:03.272+0800][8.088s] GC(4) Concurrent Scan Root Regions 1.975ms
[2025-04-15T21:03:03.272+0800][8.088s] GC(4) Concurrent Mark
[2025-04-15T21:03:03.272+0800][8.088s] GC(4) Concurrent Mark From Roots
[2025-04-15T21:03:03.272+0800][8.088s] GC(4) Using 2 workers of 2 for marking
[2025-04-15T21:03:03.292+0800][8.108s] GC(4) Concurrent Mark From Roots 19.965ms
[2025-04-15T21:03:03.292+0800][8.108s] GC(4) Concurrent Preclean
[2025-04-15T21:03:03.292+0800][8.108s] GC(4) Concurrent Preclean 0.058ms
[2025-04-15T21:03:03.292+0800][8.109s] GC(4) Pause Remark
[2025-04-15T21:03:03.295+0800][8.112s] GC(4) Pause Remark 26M->26M(512M) 3.131ms
[2025-04-15T21:03:03.296+0800][8.112s] GC(4) User=0.00s Sys=0.00s Real=0.00s
[2025-04-15T21:03:03.296+0800][8.112s] GC(4) Concurrent Mark 23.588ms
[2025-04-15T21:03:03.296+0800][8.112s] GC(4) Concurrent Rebuild Remembered Sets
[2025-04-15T21:03:03.305+0800][8.121s] GC(4) Concurrent Rebuild Remembered Sets 9.558ms
[2025-04-15T21:03:03.306+0800][8.122s] GC(4) Pause Cleanup
[2025-04-15T21:03:03.306+0800][8.122s] GC(4) Pause Cleanup 26M->26M(512M) 0.200ms
[2025-04-15T21:03:03.306+0800][8.122s] GC(4) User=0.00s Sys=0.00s Real=0.00s
[2025-04-15T21:03:03.306+0800][8.122s] GC(4) Concurrent Cleanup for Next Mark
[2025-04-15T21:03:03.307+0800][8.123s] GC(4) Concurrent Cleanup for Next Mark 1.025ms
[2025-04-15T21:03:03.307+0800][8.123s] GC(4) Concurrent Mark Cycle 37.214ms
[2025-04-15T21:03:06.204+0800][11.020s] GC(5) Pause Young (Concurrent Start) (Metadata GC Threshold)
[2025-04-15T21:03:06.204+0800][11.020s] GC(5) Using 8 workers of 8 for evacuation
[2025-04-15T21:03:06.212+0800][11.029s] GC(5)   Pre Evacuate Collection Set: 0.2ms
[2025-04-15T21:03:06.212+0800][11.029s] GC(5)   Merge Heap Roots: 0.1ms
[2025-04-15T21:03:06.212+0800][11.029s] GC(5)   Evacuate Collection Set: 7.6ms
[2025-04-15T21:03:06.212+0800][11.029s] GC(5)   Post Evacuate Collection Set: 0.7ms
[2025-04-15T21:03:06.212+0800][11.029s] GC(5)   Other: 0.1ms
[2025-04-15T21:03:06.213+0800][11.029s] GC(5) Eden regions: 115->0(296)
[2025-04-15T21:03:06.213+0800][11.029s] GC(5) Survivor regions: 6->11(39)
[2025-04-15T21:03:06.213+0800][11.029s] GC(5) Old regions: 15->15
[2025-04-15T21:03:06.213+0800][11.029s] GC(5) Archive regions: 0->0
[2025-04-15T21:03:06.213+0800][11.029s] GC(5) Humongous regions: 4->4
[2025-04-15T21:03:06.213+0800][11.029s] GC(5) Metaspace: 35581K(36096K)->35581K(36096K) NonClass: 31516K(31744K)->31516K(31744K) Class: 4065K(4352K)->4065K(4352K)
[2025-04-15T21:03:06.213+0800][11.029s] GC(5) Pause Young (Concurrent Start) (Metadata GC Threshold) 138M->28M(512M) 9.162ms
[2025-04-15T21:03:06.213+0800][11.029s] GC(5) User=0.05s Sys=0.05s Real=0.01s
[2025-04-15T21:03:06.213+0800][11.029s] GC(6) Concurrent Mark Cycle
[2025-04-15T21:03:06.213+0800][11.029s] GC(6) Concurrent Clear Claimed Marks
[2025-04-15T21:03:06.213+0800][11.029s] GC(6) Concurrent Clear Claimed Marks 0.066ms
[2025-04-15T21:03:06.213+0800][11.029s] GC(6) Concurrent Scan Root Regions
[2025-04-15T21:03:06.219+0800][11.035s] GC(6) Concurrent Scan Root Regions 5.707ms
[2025-04-15T21:03:06.219+0800][11.035s] GC(6) Concurrent Mark
[2025-04-15T21:03:06.219+0800][11.035s] GC(6) Concurrent Mark From Roots
[2025-04-15T21:03:06.219+0800][11.035s] GC(6) Using 2 workers of 2 for marking
[2025-04-15T21:03:06.242+0800][11.058s] GC(6) Concurrent Mark From Roots 22.748ms
[2025-04-15T21:03:06.242+0800][11.058s] GC(6) Concurrent Preclean
[2025-04-15T21:03:06.242+0800][11.058s] GC(6) Concurrent Preclean 0.060ms
[2025-04-15T21:03:06.242+0800][11.058s] GC(6) Pause Remark
[2025-04-15T21:03:06.245+0800][11.061s] GC(6) Pause Remark 30M->30M(512M) 3.026ms
[2025-04-15T21:03:06.245+0800][11.061s] GC(6) User=0.00s Sys=0.00s Real=0.00s
[2025-04-15T21:03:06.245+0800][11.061s] GC(6) Concurrent Mark 26.236ms
[2025-04-15T21:03:06.245+0800][11.061s] GC(6) Concurrent Rebuild Remembered Sets
[2025-04-15T21:03:06.255+0800][11.072s] GC(6) Concurrent Rebuild Remembered Sets 10.623ms
[2025-04-15T21:03:06.256+0800][11.072s] GC(6) Pause Cleanup
[2025-04-15T21:03:06.256+0800][11.072s] GC(6) Pause Cleanup 30M->30M(512M) 0.221ms
[2025-04-15T21:03:06.256+0800][11.072s] GC(6) User=0.00s Sys=0.00s Real=0.00s
[2025-04-15T21:03:06.256+0800][11.073s] GC(6) Concurrent Cleanup for Next Mark
[2025-04-15T21:03:06.257+0800][11.074s] GC(6) Concurrent Cleanup for Next Mark 1.106ms
[2025-04-15T21:03:06.257+0800][11.074s] GC(6) Concurrent Mark Cycle 44.692ms
[2025-04-15T23:11:36.895+0800][7721.189s] Heap
[2025-04-15T23:11:36.895+0800][7721.190s]  garbage-first heap   total 524288K, used 330177K [0x00000000e0000000, 0x0000000100000000)
[2025-04-15T23:11:36.895+0800][7721.190s]   region size 1024K, 305 young (312320K), 11 survivors (11264K)
[2025-04-15T23:11:36.895+0800][7721.190s]  Metaspace       used 58902K, committed 59648K, reserved 1114112K
[2025-04-15T23:11:36.896+0800][7721.190s]   class space    used 7122K, committed 7488K, reserved 1048576K
