[2025-04-12T17:23:41.146+0800][0.009s] CardTable entry size: 512
[2025-04-12T17:23:41.146+0800][0.010s] Using G1
[2025-04-12T17:23:41.270+0800][0.134s] Version: 19.0.1+10-21 (release)
[2025-04-12T17:23:41.270+0800][0.134s] CPUs: 8 total, 8 available
[2025-04-12T17:23:41.270+0800][0.134s] Memory: 16103M
[2025-04-12T17:23:41.270+0800][0.134s] Large Page Support: Disabled
[2025-04-12T17:23:41.270+0800][0.134s] NUMA Support: Disabled
[2025-04-12T17:23:41.270+0800][0.134s] Compressed Oops: Enabled (32-bit)
[2025-04-12T17:23:41.270+0800][0.134s] Heap Region Size: 1M
[2025-04-12T17:23:41.270+0800][0.134s] Heap Min Capacity: 512M
[2025-04-12T17:23:41.270+0800][0.134s] Heap Initial Capacity: 512M
[2025-04-12T17:23:41.271+0800][0.134s] Heap Max Capacity: 512M
[2025-04-12T17:23:41.271+0800][0.135s] Pre-touch: Enabled
[2025-04-12T17:23:41.271+0800][0.135s] Parallel Workers: 8
[2025-04-12T17:23:41.271+0800][0.135s] Concurrent Workers: 2
[2025-04-12T17:23:41.271+0800][0.135s] Concurrent Refinement Workers: 8
[2025-04-12T17:23:41.271+0800][0.135s] Periodic GC: Disabled
[2025-04-12T17:23:41.272+0800][0.136s] CDS archive(s) mapped at: [0x0000000800000000-0x0000000800c40000-0x0000000800c40000), size 12845056, SharedBaseAddress: 0x0000000800000000, ArchiveRelocationMode: 0.
[2025-04-12T17:23:41.272+0800][0.136s] Compressed class space mapped at: 0x0000000801000000-0x0000000841000000, reserved size: 1073741824
[2025-04-12T17:23:41.272+0800][0.136s] Narrow klass base: 0x0000000800000000, Narrow klass shift: 0, Narrow klass range: 0x100000000
[2025-04-12T17:23:41.919+0800][0.782s] GC(0) Pause Young (Normal) (G1 Evacuation Pause)
[2025-04-12T17:23:41.919+0800][0.783s] GC(0) Using 8 workers of 8 for evacuation
[2025-04-12T17:23:41.922+0800][0.786s] GC(0)   Pre Evacuate Collection Set: 0.1ms
[2025-04-12T17:23:41.922+0800][0.786s] GC(0)   Merge Heap Roots: 0.0ms
[2025-04-12T17:23:41.922+0800][0.786s] GC(0)   Evacuate Collection Set: 2.5ms
[2025-04-12T17:23:41.922+0800][0.786s] GC(0)   Post Evacuate Collection Set: 0.4ms
[2025-04-12T17:23:41.922+0800][0.786s] GC(0)   Other: 0.4ms
[2025-04-12T17:23:41.922+0800][0.786s] GC(0) Eden regions: 29->0(43)
[2025-04-12T17:23:41.922+0800][0.786s] GC(0) Survivor regions: 0->4(4)
[2025-04-12T17:23:41.922+0800][0.786s] GC(0) Old regions: 0->0
[2025-04-12T17:23:41.922+0800][0.786s] GC(0) Archive regions: 0->0
[2025-04-12T17:23:41.922+0800][0.786s] GC(0) Humongous regions: 0->0
[2025-04-12T17:23:41.922+0800][0.786s] GC(0) Metaspace: 7712K(8000K)->7712K(8000K) NonClass: 6837K(6976K)->6837K(6976K) Class: 875K(1024K)->875K(1024K)
[2025-04-12T17:23:41.922+0800][0.786s] GC(0) Pause Young (Normal) (G1 Evacuation Pause) 29M->3M(512M) 3.725ms
[2025-04-12T17:23:41.922+0800][0.786s] GC(0) User=0.02s Sys=0.00s Real=0.00s
[2025-04-12T17:23:47.431+0800][6.295s] GC(1) Pause Young (Normal) (G1 Evacuation Pause)
[2025-04-12T17:23:47.431+0800][6.295s] GC(1) Using 8 workers of 8 for evacuation
[2025-04-12T17:23:47.439+0800][6.303s] GC(1)   Pre Evacuate Collection Set: 0.1ms
[2025-04-12T17:23:47.439+0800][6.303s] GC(1)   Merge Heap Roots: 0.2ms
[2025-04-12T17:23:47.439+0800][6.303s] GC(1)   Evacuate Collection Set: 6.4ms
[2025-04-12T17:23:47.439+0800][6.303s] GC(1)   Post Evacuate Collection Set: 0.8ms
[2025-04-12T17:23:47.439+0800][6.303s] GC(1)   Other: 0.1ms
[2025-04-12T17:23:47.439+0800][6.303s] GC(1) Eden regions: 43->0(71)
[2025-04-12T17:23:47.439+0800][6.303s] GC(1) Survivor regions: 4->6(6)
[2025-04-12T17:23:47.439+0800][6.303s] GC(1) Old regions: 0->9
[2025-04-12T17:23:47.439+0800][6.303s] GC(1) Archive regions: 0->0
[2025-04-12T17:23:47.439+0800][6.303s] GC(1) Humongous regions: 4->4
[2025-04-12T17:23:47.439+0800][6.303s] GC(1) Metaspace: 19152K(19520K)->19152K(19520K) NonClass: 16994K(17216K)->16994K(17216K) Class: 2157K(2304K)->2157K(2304K)
[2025-04-12T17:23:47.439+0800][6.303s] GC(1) Pause Young (Normal) (G1 Evacuation Pause) 50M->18M(512M) 7.737ms
[2025-04-12T17:23:47.439+0800][6.303s] GC(1) User=0.06s Sys=0.06s Real=0.01s
[2025-04-12T17:23:47.797+0800][6.660s] GC(2) Pause Young (Normal) (G1 Evacuation Pause)
[2025-04-12T17:23:47.797+0800][6.660s] GC(2) Using 8 workers of 8 for evacuation
[2025-04-12T17:23:47.800+0800][6.664s] GC(2)   Pre Evacuate Collection Set: 0.1ms
[2025-04-12T17:23:47.800+0800][6.664s] GC(2)   Merge Heap Roots: 0.2ms
[2025-04-12T17:23:47.800+0800][6.664s] GC(2)   Evacuate Collection Set: 2.7ms
[2025-04-12T17:23:47.800+0800][6.664s] GC(2)   Post Evacuate Collection Set: 0.6ms
[2025-04-12T17:23:47.800+0800][6.664s] GC(2)   Other: 0.1ms
[2025-04-12T17:23:47.800+0800][6.664s] GC(2) Eden regions: 71->0(152)
[2025-04-12T17:23:47.800+0800][6.664s] GC(2) Survivor regions: 6->5(10)
[2025-04-12T17:23:47.800+0800][6.664s] GC(2) Old regions: 9->15
[2025-04-12T17:23:47.800+0800][6.664s] GC(2) Archive regions: 0->0
[2025-04-12T17:23:47.800+0800][6.664s] GC(2) Humongous regions: 4->4
[2025-04-12T17:23:47.800+0800][6.664s] GC(2) Metaspace: 19513K(19904K)->19513K(19904K) NonClass: 17334K(17536K)->17334K(17536K) Class: 2179K(2368K)->2179K(2368K)
[2025-04-12T17:23:47.800+0800][6.664s] GC(2) Pause Young (Normal) (G1 Evacuation Pause) 89M->23M(512M) 3.962ms
[2025-04-12T17:23:47.801+0800][6.664s] GC(2) User=0.00s Sys=0.02s Real=0.00s
[2025-04-12T17:23:47.971+0800][6.834s] GC(3) Pause Young (Concurrent Start) (Metadata GC Threshold)
[2025-04-12T17:23:47.971+0800][6.835s] GC(3) Using 8 workers of 8 for evacuation
[2025-04-12T17:23:47.973+0800][6.837s] GC(3)   Pre Evacuate Collection Set: 0.2ms
[2025-04-12T17:23:47.973+0800][6.837s] GC(3)   Merge Heap Roots: 0.1ms
[2025-04-12T17:23:47.973+0800][6.837s] GC(3)   Evacuate Collection Set: 1.2ms
[2025-04-12T17:23:47.973+0800][6.837s] GC(3)   Post Evacuate Collection Set: 0.4ms
[2025-04-12T17:23:47.973+0800][6.837s] GC(3)   Other: 0.1ms
[2025-04-12T17:23:47.973+0800][6.837s] GC(3) Eden regions: 22->0(257)
[2025-04-12T17:23:47.973+0800][6.837s] GC(3) Survivor regions: 5->5(20)
[2025-04-12T17:23:47.973+0800][6.837s] GC(3) Old regions: 15->15
[2025-04-12T17:23:47.973+0800][6.837s] GC(3) Archive regions: 0->0
[2025-04-12T17:23:47.973+0800][6.837s] GC(3) Humongous regions: 4->4
[2025-04-12T17:23:47.973+0800][6.837s] GC(3) Metaspace: 21055K(21504K)->21055K(21504K) NonClass: 18699K(18944K)->18699K(18944K) Class: 2355K(2560K)->2355K(2560K)
[2025-04-12T17:23:47.973+0800][6.837s] GC(3) Pause Young (Concurrent Start) (Metadata GC Threshold) 45M->23M(512M) 2.288ms
[2025-04-12T17:23:47.973+0800][6.837s] GC(3) User=0.00s Sys=0.00s Real=0.00s
[2025-04-12T17:23:47.973+0800][6.837s] GC(4) Concurrent Mark Cycle
[2025-04-12T17:23:47.973+0800][6.837s] GC(4) Concurrent Clear Claimed Marks
[2025-04-12T17:23:47.973+0800][6.837s] GC(4) Concurrent Clear Claimed Marks 0.025ms
[2025-04-12T17:23:47.973+0800][6.837s] GC(4) Concurrent Scan Root Regions
[2025-04-12T17:23:47.975+0800][6.838s] GC(4) Concurrent Scan Root Regions 0.850ms
[2025-04-12T17:23:47.975+0800][6.838s] GC(4) Concurrent Mark
[2025-04-12T17:23:47.975+0800][6.838s] GC(4) Concurrent Mark From Roots
[2025-04-12T17:23:47.975+0800][6.838s] GC(4) Using 2 workers of 2 for marking
[2025-04-12T17:23:47.984+0800][6.847s] GC(4) Concurrent Mark From Roots 9.726ms
[2025-04-12T17:23:47.984+0800][6.847s] GC(4) Concurrent Preclean
[2025-04-12T17:23:47.984+0800][6.848s] GC(4) Concurrent Preclean 0.035ms
[2025-04-12T17:23:47.984+0800][6.848s] GC(4) Pause Remark
[2025-04-12T17:23:47.987+0800][6.850s] GC(4) Pause Remark 25M->25M(512M) 2.016ms
[2025-04-12T17:23:47.987+0800][6.850s] GC(4) User=0.00s Sys=0.00s Real=0.00s
[2025-04-12T17:23:47.987+0800][6.850s] GC(4) Concurrent Mark 12.426ms
[2025-04-12T17:23:47.987+0800][6.850s] GC(4) Concurrent Rebuild Remembered Sets
[2025-04-12T17:23:47.991+0800][6.854s] GC(4) Concurrent Rebuild Remembered Sets 4.025ms
[2025-04-12T17:23:47.991+0800][6.854s] GC(4) Pause Cleanup
[2025-04-12T17:23:47.992+0800][6.855s] GC(4) Pause Cleanup 25M->25M(512M) 0.130ms
[2025-04-12T17:23:47.992+0800][6.855s] GC(4) User=0.00s Sys=0.00s Real=0.00s
[2025-04-12T17:23:47.992+0800][6.855s] GC(4) Concurrent Cleanup for Next Mark
[2025-04-12T17:23:47.993+0800][6.856s] GC(4) Concurrent Cleanup for Next Mark 1.058ms
[2025-04-12T17:23:47.993+0800][6.856s] GC(4) Concurrent Mark Cycle 19.169ms
[2025-04-12T17:23:49.051+0800][7.914s] GC(5) Pause Young (Concurrent Start) (Metadata GC Threshold)
[2025-04-12T17:23:49.051+0800][7.914s] GC(5) Using 8 workers of 8 for evacuation
[2025-04-12T17:23:49.056+0800][7.919s] GC(5)   Pre Evacuate Collection Set: 0.1ms
[2025-04-12T17:23:49.056+0800][7.919s] GC(5)   Merge Heap Roots: 0.0ms
[2025-04-12T17:23:49.056+0800][7.919s] GC(5)   Evacuate Collection Set: 4.4ms
[2025-04-12T17:23:49.056+0800][7.919s] GC(5)   Post Evacuate Collection Set: 0.6ms
[2025-04-12T17:23:49.056+0800][7.919s] GC(5)   Other: 0.1ms
[2025-04-12T17:23:49.056+0800][7.919s] GC(5) Eden regions: 102->0(297)
[2025-04-12T17:23:49.056+0800][7.919s] GC(5) Survivor regions: 5->10(36)
[2025-04-12T17:23:49.056+0800][7.919s] GC(5) Old regions: 15->15
[2025-04-12T17:23:49.056+0800][7.919s] GC(5) Archive regions: 0->0
[2025-04-12T17:23:49.056+0800][7.919s] GC(5) Humongous regions: 4->4
[2025-04-12T17:23:49.056+0800][7.919s] GC(5) Metaspace: 35646K(36096K)->35646K(36096K) NonClass: 31576K(31808K)->31576K(31808K) Class: 4070K(4288K)->4070K(4288K)
[2025-04-12T17:23:49.056+0800][7.919s] GC(5) Pause Young (Concurrent Start) (Metadata GC Threshold) 125M->28M(512M) 5.493ms
[2025-04-12T17:23:49.056+0800][7.919s] GC(6) Concurrent Mark Cycle
[2025-04-12T17:23:49.056+0800][7.919s] GC(5) User=0.00s Sys=0.00s Real=0.00s
[2025-04-12T17:23:49.056+0800][7.919s] GC(6) Concurrent Clear Claimed Marks
[2025-04-12T17:23:49.056+0800][7.919s] GC(6) Concurrent Clear Claimed Marks 0.073ms
[2025-04-12T17:23:49.056+0800][7.919s] GC(6) Concurrent Scan Root Regions
[2025-04-12T17:23:49.060+0800][7.923s] GC(6) Concurrent Scan Root Regions 3.389ms
[2025-04-12T17:23:49.060+0800][7.923s] GC(6) Concurrent Mark
[2025-04-12T17:23:49.060+0800][7.923s] GC(6) Concurrent Mark From Roots
[2025-04-12T17:23:49.060+0800][7.923s] GC(6) Using 2 workers of 2 for marking
[2025-04-12T17:23:49.068+0800][7.931s] GC(6) Concurrent Mark From Roots 8.420ms
[2025-04-12T17:23:49.068+0800][7.931s] GC(6) Concurrent Preclean
[2025-04-12T17:23:49.068+0800][7.931s] GC(6) Concurrent Preclean 0.031ms
[2025-04-12T17:23:49.068+0800][7.932s] GC(6) Pause Remark
[2025-04-12T17:23:49.070+0800][7.933s] GC(6) Pause Remark 30M->30M(512M) 1.428ms
[2025-04-12T17:23:49.070+0800][7.933s] GC(6) User=0.00s Sys=0.00s Real=0.00s
[2025-04-12T17:23:49.070+0800][7.933s] GC(6) Concurrent Mark 10.131ms
[2025-04-12T17:23:49.070+0800][7.933s] GC(6) Concurrent Rebuild Remembered Sets
[2025-04-12T17:23:49.075+0800][7.938s] GC(6) Concurrent Rebuild Remembered Sets 4.562ms
[2025-04-12T17:23:49.075+0800][7.938s] GC(6) Pause Cleanup
[2025-04-12T17:23:49.075+0800][7.938s] GC(6) Pause Cleanup 30M->30M(512M) 0.065ms
[2025-04-12T17:23:49.075+0800][7.938s] GC(6) User=0.00s Sys=0.00s Real=0.00s
[2025-04-12T17:23:49.075+0800][7.938s] GC(6) Concurrent Cleanup for Next Mark
[2025-04-12T17:23:49.076+0800][7.939s] GC(6) Concurrent Cleanup for Next Mark 0.940ms
[2025-04-12T17:23:49.076+0800][7.939s] GC(6) Concurrent Mark Cycle 19.468ms
[2025-04-12T17:25:34.505+0800][113.369s] Heap
[2025-04-12T17:25:34.505+0800][113.369s]  garbage-first heap   total 524288K, used 215209K [0x00000000e0000000, 0x0000000100000000)
[2025-04-12T17:25:34.505+0800][113.369s]   region size 1024K, 192 young (196608K), 10 survivors (10240K)
[2025-04-12T17:25:34.505+0800][113.369s]  Metaspace       used 47233K, committed 47808K, reserved 1114112K
[2025-04-12T17:25:34.505+0800][113.369s]   class space    used 5608K, committed 5888K, reserved 1048576K
