[2025-04-12T17:25:38.854+0800][0.011s] CardTable entry size: 512
[2025-04-12T17:25:38.854+0800][0.011s] Using G1
[2025-04-12T17:25:38.938+0800][0.095s] Version: 19.0.1+10-21 (release)
[2025-04-12T17:25:38.938+0800][0.095s] CPUs: 8 total, 8 available
[2025-04-12T17:25:38.938+0800][0.095s] Memory: 16103M
[2025-04-12T17:25:38.938+0800][0.095s] Large Page Support: Disabled
[2025-04-12T17:25:38.938+0800][0.095s] NUMA Support: Disabled
[2025-04-12T17:25:38.938+0800][0.095s] Compressed Oops: Enabled (32-bit)
[2025-04-12T17:25:38.938+0800][0.095s] Heap Region Size: 1M
[2025-04-12T17:25:38.938+0800][0.095s] Heap Min Capacity: 512M
[2025-04-12T17:25:38.938+0800][0.095s] Heap Initial Capacity: 512M
[2025-04-12T17:25:38.938+0800][0.095s] Heap Max Capacity: 512M
[2025-04-12T17:25:38.939+0800][0.096s] Pre-touch: Enabled
[2025-04-12T17:25:38.939+0800][0.096s] Parallel Workers: 8
[2025-04-12T17:25:38.939+0800][0.096s] Concurrent Workers: 2
[2025-04-12T17:25:38.939+0800][0.096s] Concurrent Refinement Workers: 8
[2025-04-12T17:25:38.939+0800][0.096s] Periodic GC: Disabled
[2025-04-12T17:25:38.939+0800][0.097s] CDS archive(s) mapped at: [0x0000000800000000-0x0000000800c40000-0x0000000800c40000), size 12845056, SharedBaseAddress: 0x0000000800000000, ArchiveRelocationMode: 0.
[2025-04-12T17:25:38.939+0800][0.097s] Compressed class space mapped at: 0x0000000801000000-0x0000000841000000, reserved size: 1073741824
[2025-04-12T17:25:38.939+0800][0.097s] Narrow klass base: 0x0000000800000000, Narrow klass shift: 0, Narrow klass range: 0x100000000
[2025-04-12T17:25:39.691+0800][0.848s] GC(0) Pause Young (Normal) (G1 Evacuation Pause)
[2025-04-12T17:25:39.692+0800][0.848s] GC(0) Using 8 workers of 8 for evacuation
[2025-04-12T17:25:39.694+0800][0.851s] GC(0)   Pre Evacuate Collection Set: 0.1ms
[2025-04-12T17:25:39.694+0800][0.851s] GC(0)   Merge Heap Roots: 0.0ms
[2025-04-12T17:25:39.694+0800][0.851s] GC(0)   Evacuate Collection Set: 2.3ms
[2025-04-12T17:25:39.694+0800][0.851s] GC(0)   Post Evacuate Collection Set: 0.4ms
[2025-04-12T17:25:39.694+0800][0.851s] GC(0)   Other: 0.4ms
[2025-04-12T17:25:39.694+0800][0.851s] GC(0) Eden regions: 29->0(43)
[2025-04-12T17:25:39.694+0800][0.851s] GC(0) Survivor regions: 0->4(4)
[2025-04-12T17:25:39.694+0800][0.851s] GC(0) Old regions: 0->0
[2025-04-12T17:25:39.694+0800][0.851s] GC(0) Archive regions: 0->0
[2025-04-12T17:25:39.694+0800][0.851s] GC(0) Humongous regions: 0->0
[2025-04-12T17:25:39.694+0800][0.851s] GC(0) Metaspace: 7717K(8000K)->7717K(8000K) NonClass: 6841K(6976K)->6841K(6976K) Class: 876K(1024K)->876K(1024K)
[2025-04-12T17:25:39.694+0800][0.851s] GC(0) Pause Young (Normal) (G1 Evacuation Pause) 29M->3M(512M) 3.578ms
[2025-04-12T17:25:39.694+0800][0.851s] GC(0) User=0.00s Sys=0.00s Real=0.00s
[2025-04-12T17:25:45.141+0800][6.298s] GC(1) Pause Young (Normal) (G1 Evacuation Pause)
[2025-04-12T17:25:45.141+0800][6.298s] GC(1) Using 8 workers of 8 for evacuation
[2025-04-12T17:25:45.150+0800][6.306s] GC(1)   Pre Evacuate Collection Set: 0.3ms
[2025-04-12T17:25:45.150+0800][6.306s] GC(1)   Merge Heap Roots: 0.1ms
[2025-04-12T17:25:45.150+0800][6.306s] GC(1)   Evacuate Collection Set: 7.5ms
[2025-04-12T17:25:45.150+0800][6.306s] GC(1)   Post Evacuate Collection Set: 0.7ms
[2025-04-12T17:25:45.150+0800][6.306s] GC(1)   Other: 0.1ms
[2025-04-12T17:25:45.150+0800][6.306s] GC(1) Eden regions: 43->0(79)
[2025-04-12T17:25:45.150+0800][6.307s] GC(1) Survivor regions: 4->6(6)
[2025-04-12T17:25:45.150+0800][6.307s] GC(1) Old regions: 0->9
[2025-04-12T17:25:45.150+0800][6.307s] GC(1) Archive regions: 0->0
[2025-04-12T17:25:45.150+0800][6.307s] GC(1) Humongous regions: 4->4
[2025-04-12T17:25:45.150+0800][6.307s] GC(1) Metaspace: 19129K(19520K)->19129K(19520K) NonClass: 16974K(17216K)->16974K(17216K) Class: 2154K(2304K)->2154K(2304K)
[2025-04-12T17:25:45.150+0800][6.307s] GC(1) Pause Young (Normal) (G1 Evacuation Pause) 50M->18M(512M) 9.011ms
[2025-04-12T17:25:45.150+0800][6.307s] GC(1) User=0.02s Sys=0.00s Real=0.01s
[2025-04-12T17:25:45.651+0800][6.808s] GC(2) Pause Young (Normal) (G1 Evacuation Pause)
[2025-04-12T17:25:45.651+0800][6.808s] GC(2) Using 8 workers of 8 for evacuation
[2025-04-12T17:25:45.654+0800][6.812s] GC(2)   Pre Evacuate Collection Set: 0.1ms
[2025-04-12T17:25:45.654+0800][6.812s] GC(2)   Merge Heap Roots: 0.0ms
[2025-04-12T17:25:45.654+0800][6.812s] GC(2)   Evacuate Collection Set: 3.0ms
[2025-04-12T17:25:45.654+0800][6.812s] GC(2)   Post Evacuate Collection Set: 0.5ms
[2025-04-12T17:25:45.654+0800][6.812s] GC(2)   Other: 0.1ms
[2025-04-12T17:25:45.655+0800][6.812s] GC(2) Eden regions: 79->0(142)
[2025-04-12T17:25:45.655+0800][6.812s] GC(2) Survivor regions: 6->5(11)
[2025-04-12T17:25:45.655+0800][6.812s] GC(2) Old regions: 9->15
[2025-04-12T17:25:45.655+0800][6.812s] GC(2) Archive regions: 0->0
[2025-04-12T17:25:45.655+0800][6.812s] GC(2) Humongous regions: 4->4
[2025-04-12T17:25:45.655+0800][6.812s] GC(2) Metaspace: 19644K(20160K)->19644K(20160K) NonClass: 17455K(17728K)->17455K(17728K) Class: 2189K(2432K)->2189K(2432K)
[2025-04-12T17:25:45.655+0800][6.812s] GC(2) Pause Young (Normal) (G1 Evacuation Pause) 97M->23M(512M) 3.920ms
[2025-04-12T17:25:45.655+0800][6.812s] GC(2) User=0.00s Sys=0.00s Real=0.00s
[2025-04-12T17:25:45.784+0800][6.942s] GC(3) Pause Young (Concurrent Start) (Metadata GC Threshold)
[2025-04-12T17:25:45.784+0800][6.942s] GC(3) Using 8 workers of 8 for evacuation
[2025-04-12T17:25:45.786+0800][6.943s] GC(3)   Pre Evacuate Collection Set: 0.1ms
[2025-04-12T17:25:45.786+0800][6.943s] GC(3)   Merge Heap Roots: 0.0ms
[2025-04-12T17:25:45.786+0800][6.943s] GC(3)   Evacuate Collection Set: 1.2ms
[2025-04-12T17:25:45.786+0800][6.943s] GC(3)   Post Evacuate Collection Set: 0.4ms
[2025-04-12T17:25:45.786+0800][6.943s] GC(3)   Other: 0.0ms
[2025-04-12T17:25:45.786+0800][6.943s] GC(3) Eden regions: 14->0(217)
[2025-04-12T17:25:45.786+0800][6.943s] GC(3) Survivor regions: 5->6(19)
[2025-04-12T17:25:45.786+0800][6.943s] GC(3) Old regions: 15->15
[2025-04-12T17:25:45.786+0800][6.943s] GC(3) Archive regions: 0->0
[2025-04-12T17:25:45.786+0800][6.943s] GC(3) Humongous regions: 4->4
[2025-04-12T17:25:45.786+0800][6.943s] GC(3) Metaspace: 21116K(21504K)->21116K(21504K) NonClass: 18754K(18944K)->18754K(18944K) Class: 2361K(2560K)->2361K(2560K)
[2025-04-12T17:25:45.786+0800][6.943s] GC(3) Pause Young (Concurrent Start) (Metadata GC Threshold) 36M->23M(512M) 1.952ms
[2025-04-12T17:25:45.786+0800][6.943s] GC(3) User=0.00s Sys=0.00s Real=0.00s
[2025-04-12T17:25:45.786+0800][6.943s] GC(4) Concurrent Mark Cycle
[2025-04-12T17:25:45.786+0800][6.944s] GC(4) Concurrent Clear Claimed Marks
[2025-04-12T17:25:45.786+0800][6.944s] GC(4) Concurrent Clear Claimed Marks 0.030ms
[2025-04-12T17:25:45.786+0800][6.944s] GC(4) Concurrent Scan Root Regions
[2025-04-12T17:25:45.787+0800][6.944s] GC(4) Concurrent Scan Root Regions 0.740ms
[2025-04-12T17:25:45.787+0800][6.944s] GC(4) Concurrent Mark
[2025-04-12T17:25:45.787+0800][6.944s] GC(4) Concurrent Mark From Roots
[2025-04-12T17:25:45.787+0800][6.944s] GC(4) Using 2 workers of 2 for marking
[2025-04-12T17:25:45.796+0800][6.954s] GC(4) Concurrent Mark From Roots 9.270ms
[2025-04-12T17:25:45.796+0800][6.954s] GC(4) Concurrent Preclean
[2025-04-12T17:25:45.796+0800][6.954s] GC(4) Concurrent Preclean 0.028ms
[2025-04-12T17:25:45.796+0800][6.954s] GC(4) Pause Remark
[2025-04-12T17:25:45.798+0800][6.955s] GC(4) Pause Remark 25M->25M(512M) 1.283ms
[2025-04-12T17:25:45.798+0800][6.955s] GC(4) User=0.00s Sys=0.00s Real=0.00s
[2025-04-12T17:25:45.798+0800][6.955s] GC(4) Concurrent Mark 10.997ms
[2025-04-12T17:25:45.798+0800][6.955s] GC(4) Concurrent Rebuild Remembered Sets
[2025-04-12T17:25:45.802+0800][6.959s] GC(4) Concurrent Rebuild Remembered Sets 3.531ms
[2025-04-12T17:25:45.802+0800][6.959s] GC(4) Pause Cleanup
[2025-04-12T17:25:45.802+0800][6.959s] GC(4) Pause Cleanup 25M->25M(512M) 0.122ms
[2025-04-12T17:25:45.802+0800][6.959s] GC(4) User=0.00s Sys=0.00s Real=0.00s
[2025-04-12T17:25:45.802+0800][6.959s] GC(4) Concurrent Cleanup for Next Mark
[2025-04-12T17:25:45.803+0800][6.960s] GC(4) Concurrent Cleanup for Next Mark 0.933ms
[2025-04-12T17:25:45.803+0800][6.960s] GC(4) Concurrent Mark Cycle 16.935ms
[2025-04-12T17:25:46.995+0800][8.153s] GC(5) Pause Young (Concurrent Start) (Metadata GC Threshold)
[2025-04-12T17:25:46.995+0800][8.153s] GC(5) Using 8 workers of 8 for evacuation
[2025-04-12T17:25:47.000+0800][8.157s] GC(5)   Pre Evacuate Collection Set: 0.1ms
[2025-04-12T17:25:47.000+0800][8.157s] GC(5)   Merge Heap Roots: 0.1ms
[2025-04-12T17:25:47.000+0800][8.157s] GC(5)   Evacuate Collection Set: 4.0ms
[2025-04-12T17:25:47.000+0800][8.157s] GC(5)   Post Evacuate Collection Set: 0.4ms
[2025-04-12T17:25:47.000+0800][8.157s] GC(5)   Other: 0.1ms
[2025-04-12T17:25:47.000+0800][8.158s] GC(5) Eden regions: 108->0(296)
[2025-04-12T17:25:47.000+0800][8.158s] GC(5) Survivor regions: 6->11(31)
[2025-04-12T17:25:47.000+0800][8.158s] GC(5) Old regions: 15->15
[2025-04-12T17:25:47.000+0800][8.158s] GC(5) Archive regions: 0->0
[2025-04-12T17:25:47.000+0800][8.158s] GC(5) Humongous regions: 4->4
[2025-04-12T17:25:47.000+0800][8.158s] GC(5) Metaspace: 35637K(36160K)->35637K(36160K) NonClass: 31563K(31808K)->31563K(31808K) Class: 4073K(4352K)->4073K(4352K)
[2025-04-12T17:25:47.000+0800][8.158s] GC(5) Pause Young (Concurrent Start) (Metadata GC Threshold) 131M->28M(512M) 4.856ms
[2025-04-12T17:25:47.000+0800][8.158s] GC(6) Concurrent Mark Cycle
[2025-04-12T17:25:47.000+0800][8.158s] GC(5) User=0.02s Sys=0.02s Real=0.01s
[2025-04-12T17:25:47.000+0800][8.158s] GC(6) Concurrent Clear Claimed Marks
[2025-04-12T17:25:47.000+0800][8.158s] GC(6) Concurrent Clear Claimed Marks 0.055ms
[2025-04-12T17:25:47.000+0800][8.158s] GC(6) Concurrent Scan Root Regions
[2025-04-12T17:25:47.003+0800][8.160s] GC(6) Concurrent Scan Root Regions 2.608ms
[2025-04-12T17:25:47.003+0800][8.160s] GC(6) Concurrent Mark
[2025-04-12T17:25:47.003+0800][8.160s] GC(6) Concurrent Mark From Roots
[2025-04-12T17:25:47.003+0800][8.160s] GC(6) Using 2 workers of 2 for marking
[2025-04-12T17:25:47.015+0800][8.173s] GC(6) Concurrent Mark From Roots 12.226ms
[2025-04-12T17:25:47.015+0800][8.173s] GC(6) Concurrent Preclean
[2025-04-12T17:25:47.015+0800][8.173s] GC(6) Concurrent Preclean 0.029ms
[2025-04-12T17:25:47.015+0800][8.173s] GC(6) Pause Remark
[2025-04-12T17:25:47.017+0800][8.174s] GC(6) Pause Remark 30M->30M(512M) 1.519ms
[2025-04-12T17:25:47.017+0800][8.174s] GC(6) User=0.02s Sys=0.00s Real=0.00s
[2025-04-12T17:25:47.017+0800][8.174s] GC(6) Concurrent Mark 13.973ms
[2025-04-12T17:25:47.017+0800][8.174s] GC(6) Concurrent Rebuild Remembered Sets
[2025-04-12T17:25:47.021+0800][8.178s] GC(6) Concurrent Rebuild Remembered Sets 3.838ms
[2025-04-12T17:25:47.021+0800][8.178s] GC(6) Pause Cleanup
[2025-04-12T17:25:47.021+0800][8.178s] GC(6) Pause Cleanup 30M->30M(512M) 0.076ms
[2025-04-12T17:25:47.021+0800][8.178s] GC(6) User=0.00s Sys=0.00s Real=0.00s
[2025-04-12T17:25:47.021+0800][8.178s] GC(6) Concurrent Cleanup for Next Mark
[2025-04-12T17:25:47.022+0800][8.179s] GC(6) Concurrent Cleanup for Next Mark 1.061ms
[2025-04-12T17:25:47.022+0800][8.180s] GC(6) Concurrent Mark Cycle 21.926ms
[2025-04-12T21:13:55.784+0800][13696.941s] GC(7) Pause Young (Concurrent Start) (Metadata GC Threshold)
[2025-04-12T21:13:55.784+0800][13696.942s] GC(7) Using 8 workers of 8 for evacuation
[2025-04-12T21:13:55.840+0800][13696.997s] GC(7)   Pre Evacuate Collection Set: 1.0ms
[2025-04-12T21:13:55.840+0800][13696.997s] GC(7)   Merge Heap Roots: 0.3ms
[2025-04-12T21:13:55.840+0800][13696.997s] GC(7)   Evacuate Collection Set: 51.8ms
[2025-04-12T21:13:55.840+0800][13696.997s] GC(7)   Post Evacuate Collection Set: 2.2ms
[2025-04-12T21:13:55.840+0800][13696.997s] GC(7)   Other: 0.2ms
[2025-04-12T21:13:55.840+0800][13696.997s] GC(7) Eden regions: 233->0(280)
[2025-04-12T21:13:55.840+0800][13696.997s] GC(7) Survivor regions: 11->27(39)
[2025-04-12T21:13:55.840+0800][13696.997s] GC(7) Old regions: 15->15
[2025-04-12T21:13:55.840+0800][13696.997s] GC(7) Archive regions: 0->0
[2025-04-12T21:13:55.840+0800][13696.997s] GC(7) Humongous regions: 4->4
[2025-04-12T21:13:55.840+0800][13696.997s] GC(7) Metaspace: 59937K(60608K)->59937K(60608K) NonClass: 52776K(53120K)->52776K(53120K) Class: 7160K(7488K)->7160K(7488K)
[2025-04-12T21:13:55.840+0800][13696.997s] GC(7) Pause Young (Concurrent Start) (Metadata GC Threshold) 261M->44M(512M) 55.852ms
[2025-04-12T21:13:55.840+0800][13696.997s] GC(7) User=0.11s Sys=0.17s Real=0.06s
[2025-04-12T21:13:55.840+0800][13696.997s] GC(8) Concurrent Mark Cycle
[2025-04-12T21:13:55.840+0800][13696.997s] GC(8) Concurrent Clear Claimed Marks
[2025-04-12T21:13:55.840+0800][13696.997s] GC(8) Concurrent Clear Claimed Marks 0.064ms
[2025-04-12T21:13:55.840+0800][13696.997s] GC(8) Concurrent Scan Root Regions
[2025-04-12T21:13:55.848+0800][13697.006s] GC(8) Concurrent Scan Root Regions 8.340ms
[2025-04-12T21:13:55.848+0800][13697.006s] GC(8) Concurrent Mark
[2025-04-12T21:13:55.848+0800][13697.006s] GC(8) Concurrent Mark From Roots
[2025-04-12T21:13:55.848+0800][13697.006s] GC(8) Using 2 workers of 2 for marking
[2025-04-12T21:13:55.862+0800][13697.019s] GC(8) Concurrent Mark From Roots 13.062ms
[2025-04-12T21:13:55.862+0800][13697.019s] GC(8) Concurrent Preclean
[2025-04-12T21:13:55.862+0800][13697.020s] GC(8) Concurrent Preclean 0.484ms
[2025-04-12T21:13:55.862+0800][13697.020s] GC(8) Pause Remark
[2025-04-12T21:13:55.898+0800][13697.055s] GC(8) Pause Remark 47M->47M(512M) 34.869ms
[2025-04-12T21:13:55.898+0800][13697.055s] GC(8) User=0.08s Sys=0.05s Real=0.04s
[2025-04-12T21:13:55.898+0800][13697.055s] GC(8) Concurrent Mark 48.793ms
[2025-04-12T21:13:55.898+0800][13697.055s] GC(8) Concurrent Rebuild Remembered Sets
[2025-04-12T21:13:55.903+0800][13697.060s] GC(8) Concurrent Rebuild Remembered Sets 5.666ms
[2025-04-12T21:13:55.904+0800][13697.061s] GC(8) Pause Cleanup
[2025-04-12T21:13:55.905+0800][13697.062s] GC(8) Pause Cleanup 47M->47M(512M) 0.198ms
[2025-04-12T21:13:55.905+0800][13697.062s] GC(8) User=0.00s Sys=0.00s Real=0.00s
[2025-04-12T21:13:55.905+0800][13697.062s] GC(8) Concurrent Cleanup for Next Mark
[2025-04-12T21:13:55.907+0800][13697.064s] GC(8) Concurrent Cleanup for Next Mark 2.739ms
[2025-04-12T21:13:55.907+0800][13697.064s] GC(8) Concurrent Mark Cycle 67.063ms
[2025-04-12T23:41:48.613+0800][22568.246s] Heap
[2025-04-12T23:41:48.613+0800][22568.246s]  garbage-first heap   total 524288K, used 92451K [0x00000000e0000000, 0x0000000100000000)
[2025-04-12T23:41:48.614+0800][22568.246s]   region size 1024K, 73 young (74752K), 27 survivors (27648K)
[2025-04-12T23:41:48.614+0800][22568.246s]  Metaspace       used 60932K, committed 61568K, reserved 1114112K
[2025-04-12T23:41:48.614+0800][22568.246s]   class space    used 7197K, committed 7488K, reserved 1048576K
