[2025-04-16T09:39:16.288+0800][0.014s] CardTable entry size: 512
[2025-04-16T09:39:16.289+0800][0.015s] Using G1
[2025-04-16T09:39:16.376+0800][0.102s] Version: 19.0.1+10-21 (release)
[2025-04-16T09:39:16.376+0800][0.102s] CPUs: 8 total, 8 available
[2025-04-16T09:39:16.376+0800][0.102s] Memory: 16103M
[2025-04-16T09:39:16.376+0800][0.102s] Large Page Support: Disabled
[2025-04-16T09:39:16.376+0800][0.102s] NUMA Support: Disabled
[2025-04-16T09:39:16.376+0800][0.102s] Compressed Oops: Enabled (32-bit)
[2025-04-16T09:39:16.376+0800][0.102s] Heap Region Size: 1M
[2025-04-16T09:39:16.376+0800][0.102s] Heap Min Capacity: 512M
[2025-04-16T09:39:16.376+0800][0.102s] Heap Initial Capacity: 512M
[2025-04-16T09:39:16.376+0800][0.102s] Heap Max Capacity: 512M
[2025-04-16T09:39:16.377+0800][0.103s] Pre-touch: Enabled
[2025-04-16T09:39:16.377+0800][0.103s] Parallel Workers: 8
[2025-04-16T09:39:16.377+0800][0.103s] Concurrent Workers: 2
[2025-04-16T09:39:16.377+0800][0.103s] Concurrent Refinement Workers: 8
[2025-04-16T09:39:16.377+0800][0.103s] Periodic GC: Disabled
[2025-04-16T09:39:16.377+0800][0.104s] CDS archive(s) mapped at: [0x0000000800000000-0x0000000800c40000-0x0000000800c40000), size 12845056, SharedBaseAddress: 0x0000000800000000, ArchiveRelocationMode: 0.
[2025-04-16T09:39:16.377+0800][0.104s] Compressed class space mapped at: 0x0000000801000000-0x0000000841000000, reserved size: 1073741824
[2025-04-16T09:39:16.377+0800][0.104s] Narrow klass base: 0x0000000800000000, Narrow klass shift: 0, Narrow klass range: 0x100000000
[2025-04-16T09:39:17.144+0800][0.870s] GC(0) Pause Young (Normal) (G1 Evacuation Pause)
[2025-04-16T09:39:17.145+0800][0.871s] GC(0) Using 8 workers of 8 for evacuation
[2025-04-16T09:39:17.147+0800][0.873s] GC(0)   Pre Evacuate Collection Set: 0.1ms
[2025-04-16T09:39:17.147+0800][0.873s] GC(0)   Merge Heap Roots: 0.0ms
[2025-04-16T09:39:17.147+0800][0.873s] GC(0)   Evacuate Collection Set: 2.2ms
[2025-04-16T09:39:17.147+0800][0.873s] GC(0)   Post Evacuate Collection Set: 0.4ms
[2025-04-16T09:39:17.147+0800][0.873s] GC(0)   Other: 0.3ms
[2025-04-16T09:39:17.147+0800][0.873s] GC(0) Eden regions: 29->0(43)
[2025-04-16T09:39:17.147+0800][0.873s] GC(0) Survivor regions: 0->4(4)
[2025-04-16T09:39:17.147+0800][0.873s] GC(0) Old regions: 0->0
[2025-04-16T09:39:17.147+0800][0.873s] GC(0) Archive regions: 0->0
[2025-04-16T09:39:17.147+0800][0.873s] GC(0) Humongous regions: 0->0
[2025-04-16T09:39:17.147+0800][0.873s] GC(0) Metaspace: 7704K(8000K)->7704K(8000K) NonClass: 6829K(6976K)->6829K(6976K) Class: 875K(1024K)->875K(1024K)
[2025-04-16T09:39:17.147+0800][0.874s] GC(0) Pause Young (Normal) (G1 Evacuation Pause) 29M->3M(512M) 3.293ms
[2025-04-16T09:39:17.147+0800][0.874s] GC(0) User=0.00s Sys=0.00s Real=0.00s
[2025-04-16T09:39:23.322+0800][7.047s] GC(1) Pause Young (Normal) (G1 Evacuation Pause)
[2025-04-16T09:39:23.322+0800][7.047s] GC(1) Using 8 workers of 8 for evacuation
[2025-04-16T09:39:23.334+0800][7.060s] GC(1)   Pre Evacuate Collection Set: 0.2ms
[2025-04-16T09:39:23.335+0800][7.060s] GC(1)   Merge Heap Roots: 0.1ms
[2025-04-16T09:39:23.335+0800][7.060s] GC(1)   Evacuate Collection Set: 11.4ms
[2025-04-16T09:39:23.335+0800][7.060s] GC(1)   Post Evacuate Collection Set: 1.3ms
[2025-04-16T09:39:23.335+0800][7.060s] GC(1)   Other: 0.1ms
[2025-04-16T09:39:23.335+0800][7.060s] GC(1) Eden regions: 43->0(70)
[2025-04-16T09:39:23.335+0800][7.060s] GC(1) Survivor regions: 4->6(6)
[2025-04-16T09:39:23.335+0800][7.060s] GC(1) Old regions: 0->9
[2025-04-16T09:39:23.335+0800][7.060s] GC(1) Archive regions: 0->0
[2025-04-16T09:39:23.335+0800][7.060s] GC(1) Humongous regions: 4->4
[2025-04-16T09:39:23.335+0800][7.060s] GC(1) Metaspace: 19013K(19392K)->19013K(19392K) NonClass: 16880K(17088K)->16880K(17088K) Class: 2132K(2304K)->2132K(2304K)
[2025-04-16T09:39:23.335+0800][7.060s] GC(1) Pause Young (Normal) (G1 Evacuation Pause) 50M->18M(512M) 13.722ms
[2025-04-16T09:39:23.335+0800][7.060s] GC(1) User=0.05s Sys=0.08s Real=0.01s
[2025-04-16T09:39:24.036+0800][7.761s] GC(2) Pause Young (Normal) (G1 Evacuation Pause)
[2025-04-16T09:39:24.036+0800][7.761s] GC(2) Using 8 workers of 8 for evacuation
[2025-04-16T09:39:24.042+0800][7.767s] GC(2)   Pre Evacuate Collection Set: 0.2ms
[2025-04-16T09:39:24.042+0800][7.767s] GC(2)   Merge Heap Roots: 0.1ms
[2025-04-16T09:39:24.042+0800][7.767s] GC(2)   Evacuate Collection Set: 5.1ms
[2025-04-16T09:39:24.042+0800][7.767s] GC(2)   Post Evacuate Collection Set: 0.5ms
[2025-04-16T09:39:24.042+0800][7.767s] GC(2)   Other: 0.2ms
[2025-04-16T09:39:24.042+0800][7.767s] GC(2) Eden regions: 70->0(242)
[2025-04-16T09:39:24.042+0800][7.767s] GC(2) Survivor regions: 6->5(10)
[2025-04-16T09:39:24.042+0800][7.767s] GC(2) Old regions: 9->15
[2025-04-16T09:39:24.042+0800][7.767s] GC(2) Archive regions: 0->0
[2025-04-16T09:39:24.042+0800][7.767s] GC(2) Humongous regions: 4->4
[2025-04-16T09:39:24.042+0800][7.767s] GC(2) Metaspace: 19524K(19968K)->19524K(19968K) NonClass: 17341K(17536K)->17341K(17536K) Class: 2183K(2432K)->2183K(2432K)
[2025-04-16T09:39:24.042+0800][7.767s] GC(2) Pause Young (Normal) (G1 Evacuation Pause) 88M->23M(512M) 6.617ms
[2025-04-16T09:39:24.042+0800][7.767s] GC(2) User=0.00s Sys=0.00s Real=0.01s
[2025-04-16T09:39:24.832+0800][8.557s] GC(3) Pause Young (Concurrent Start) (Metadata GC Threshold)
[2025-04-16T09:39:24.832+0800][8.557s] GC(3) Using 8 workers of 8 for evacuation
[2025-04-16T09:39:24.834+0800][8.560s] GC(3)   Pre Evacuate Collection Set: 0.2ms
[2025-04-16T09:39:24.834+0800][8.560s] GC(3)   Merge Heap Roots: 0.2ms
[2025-04-16T09:39:24.834+0800][8.560s] GC(3)   Evacuate Collection Set: 1.7ms
[2025-04-16T09:39:24.834+0800][8.560s] GC(3)   Post Evacuate Collection Set: 0.5ms
[2025-04-16T09:39:24.836+0800][8.560s] GC(3)   Other: 0.2ms
[2025-04-16T09:39:24.836+0800][8.560s] GC(3) Eden regions: 51->0(240)
[2025-04-16T09:39:24.836+0800][8.560s] GC(3) Survivor regions: 5->5(31)
[2025-04-16T09:39:24.836+0800][8.560s] GC(3) Old regions: 15->15
[2025-04-16T09:39:24.836+0800][8.560s] GC(3) Archive regions: 0->0
[2025-04-16T09:39:24.836+0800][8.560s] GC(3) Humongous regions: 4->4
[2025-04-16T09:39:24.836+0800][8.560s] GC(3) Metaspace: 21112K(21504K)->21112K(21504K) NonClass: 18750K(18944K)->18750K(18944K) Class: 2362K(2560K)->2362K(2560K)
[2025-04-16T09:39:24.836+0800][8.560s] GC(3) Pause Young (Concurrent Start) (Metadata GC Threshold) 74M->23M(512M) 3.146ms
[2025-04-16T09:39:24.836+0800][8.560s] GC(3) User=0.00s Sys=0.00s Real=0.00s
[2025-04-16T09:39:24.836+0800][8.560s] GC(4) Concurrent Mark Cycle
[2025-04-16T09:39:24.836+0800][8.560s] GC(4) Concurrent Clear Claimed Marks
[2025-04-16T09:39:24.836+0800][8.561s] GC(4) Concurrent Clear Claimed Marks 0.045ms
[2025-04-16T09:39:24.836+0800][8.561s] GC(4) Concurrent Scan Root Regions
[2025-04-16T09:39:24.838+0800][8.563s] GC(4) Concurrent Scan Root Regions 2.118ms
[2025-04-16T09:39:24.838+0800][8.563s] GC(4) Concurrent Mark
[2025-04-16T09:39:24.838+0800][8.563s] GC(4) Concurrent Mark From Roots
[2025-04-16T09:39:24.838+0800][8.563s] GC(4) Using 2 workers of 2 for marking
[2025-04-16T09:39:24.858+0800][8.584s] GC(4) Concurrent Mark From Roots 20.870ms
[2025-04-16T09:39:24.858+0800][8.584s] GC(4) Concurrent Preclean
[2025-04-16T09:39:24.858+0800][8.584s] GC(4) Concurrent Preclean 0.051ms
[2025-04-16T09:39:24.858+0800][8.584s] GC(4) Pause Remark
[2025-04-16T09:39:24.866+0800][8.591s] GC(4) Pause Remark 25M->25M(512M) 6.945ms
[2025-04-16T09:39:24.866+0800][8.591s] GC(4) User=0.00s Sys=0.00s Real=0.01s
[2025-04-16T09:39:24.866+0800][8.591s] GC(4) Concurrent Mark 28.594ms
[2025-04-16T09:39:24.866+0800][8.591s] GC(4) Concurrent Rebuild Remembered Sets
[2025-04-16T09:39:24.874+0800][8.599s] GC(4) Concurrent Rebuild Remembered Sets 7.410ms
[2025-04-16T09:39:24.874+0800][8.599s] GC(4) Pause Cleanup
[2025-04-16T09:39:24.875+0800][8.599s] GC(4) Pause Cleanup 25M->25M(512M) 0.193ms
[2025-04-16T09:39:24.875+0800][8.599s] GC(4) User=0.00s Sys=0.00s Real=0.00s
[2025-04-16T09:39:24.875+0800][8.599s] GC(4) Concurrent Cleanup for Next Mark
[2025-04-16T09:39:24.876+0800][8.600s] GC(4) Concurrent Cleanup for Next Mark 0.934ms
[2025-04-16T09:39:24.876+0800][8.600s] GC(4) Concurrent Mark Cycle 40.118ms
[2025-04-16T09:39:27.732+0800][11.457s] GC(5) Pause Young (Concurrent Start) (Metadata GC Threshold)
[2025-04-16T09:39:27.732+0800][11.457s] GC(5) Using 8 workers of 8 for evacuation
[2025-04-16T09:39:27.741+0800][11.466s] GC(5)   Pre Evacuate Collection Set: 0.2ms
[2025-04-16T09:39:27.741+0800][11.466s] GC(5)   Merge Heap Roots: 0.1ms
[2025-04-16T09:39:27.741+0800][11.466s] GC(5)   Evacuate Collection Set: 6.7ms
[2025-04-16T09:39:27.741+0800][11.466s] GC(5)   Post Evacuate Collection Set: 1.0ms
[2025-04-16T09:39:27.741+0800][11.466s] GC(5)   Other: 0.2ms
[2025-04-16T09:39:27.741+0800][11.466s] GC(5) Eden regions: 131->0(297)
[2025-04-16T09:39:27.741+0800][11.466s] GC(5) Survivor regions: 5->10(34)
[2025-04-16T09:39:27.741+0800][11.466s] GC(5) Old regions: 15->15
[2025-04-16T09:39:27.741+0800][11.466s] GC(5) Archive regions: 0->0
[2025-04-16T09:39:27.741+0800][11.466s] GC(5) Humongous regions: 4->4
[2025-04-16T09:39:27.741+0800][11.466s] GC(5) Metaspace: 35658K(36160K)->35658K(36160K) NonClass: 31583K(31808K)->31583K(31808K) Class: 4074K(4352K)->4074K(4352K)
[2025-04-16T09:39:27.741+0800][11.466s] GC(5) Pause Young (Concurrent Start) (Metadata GC Threshold) 154M->28M(512M) 8.644ms
[2025-04-16T09:39:27.741+0800][11.466s] GC(5) User=0.00s Sys=0.00s Real=0.01s
[2025-04-16T09:39:27.742+0800][11.466s] GC(6) Concurrent Mark Cycle
[2025-04-16T09:39:27.742+0800][11.466s] GC(6) Concurrent Clear Claimed Marks
[2025-04-16T09:39:27.742+0800][11.466s] GC(6) Concurrent Clear Claimed Marks 0.069ms
[2025-04-16T09:39:27.742+0800][11.466s] GC(6) Concurrent Scan Root Regions
[2025-04-16T09:39:27.746+0800][11.471s] GC(6) Concurrent Scan Root Regions 4.545ms
[2025-04-16T09:39:27.746+0800][11.471s] GC(6) Concurrent Mark
[2025-04-16T09:39:27.746+0800][11.471s] GC(6) Concurrent Mark From Roots
[2025-04-16T09:39:27.746+0800][11.471s] GC(6) Using 2 workers of 2 for marking
[2025-04-16T09:39:27.764+0800][11.489s] GC(6) Concurrent Mark From Roots 17.978ms
[2025-04-16T09:39:27.764+0800][11.489s] GC(6) Concurrent Preclean
[2025-04-16T09:39:27.764+0800][11.489s] GC(6) Concurrent Preclean 0.069ms
[2025-04-16T09:39:27.765+0800][11.489s] GC(6) Pause Remark
[2025-04-16T09:39:27.768+0800][11.493s] GC(6) Pause Remark 30M->30M(512M) 3.635ms
[2025-04-16T09:39:27.768+0800][11.493s] GC(6) User=0.00s Sys=0.00s Real=0.00s
[2025-04-16T09:39:27.768+0800][11.493s] GC(6) Concurrent Mark 22.309ms
[2025-04-16T09:39:27.768+0800][11.493s] GC(6) Concurrent Rebuild Remembered Sets
[2025-04-16T09:39:27.777+0800][11.502s] GC(6) Concurrent Rebuild Remembered Sets 8.720ms
[2025-04-16T09:39:27.777+0800][11.502s] GC(6) Pause Cleanup
[2025-04-16T09:39:27.777+0800][11.502s] GC(6) Pause Cleanup 30M->30M(512M) 0.199ms
[2025-04-16T09:39:27.777+0800][11.502s] GC(6) User=0.00s Sys=0.00s Real=0.00s
[2025-04-16T09:39:27.777+0800][11.503s] GC(6) Concurrent Cleanup for Next Mark
[2025-04-16T09:39:27.780+0800][11.504s] GC(6) Concurrent Cleanup for Next Mark 1.701ms
[2025-04-16T09:39:27.780+0800][11.504s] GC(6) Concurrent Mark Cycle 38.233ms
[2025-04-16T09:47:51.132+0800][514.801s] GC(7) Pause Young (Normal) (G1 Evacuation Pause)
[2025-04-16T09:47:51.132+0800][514.801s] GC(7) Using 8 workers of 8 for evacuation
[2025-04-16T09:47:51.150+0800][514.820s] GC(7)   Pre Evacuate Collection Set: 0.1ms
[2025-04-16T09:47:51.152+0800][514.820s] GC(7)   Merge Heap Roots: 0.1ms
[2025-04-16T09:47:51.152+0800][514.820s] GC(7)   Evacuate Collection Set: 15.5ms
[2025-04-16T09:47:51.152+0800][514.820s] GC(7)   Post Evacuate Collection Set: 2.6ms
[2025-04-16T09:47:51.152+0800][514.820s] GC(7)   Other: 0.1ms
[2025-04-16T09:47:51.152+0800][514.820s] GC(7) Eden regions: 297->0(277)
[2025-04-16T09:47:51.152+0800][514.820s] GC(7) Survivor regions: 10->30(39)
[2025-04-16T09:47:51.152+0800][514.820s] GC(7) Old regions: 15->15
[2025-04-16T09:47:51.152+0800][514.820s] GC(7) Archive regions: 0->0
[2025-04-16T09:47:51.152+0800][514.820s] GC(7) Humongous regions: 4->4
[2025-04-16T09:47:51.152+0800][514.820s] GC(7) Metaspace: 58305K(59072K)->58305K(59072K) NonClass: 51260K(51648K)->51260K(51648K) Class: 7044K(7424K)->7044K(7424K)
[2025-04-16T09:47:51.152+0800][514.820s] GC(7) Pause Young (Normal) (G1 Evacuation Pause) 325M->47M(512M) 18.784ms
[2025-04-16T09:47:51.152+0800][514.820s] GC(7) User=0.11s Sys=0.00s Real=0.02s
[2025-04-16T11:18:26.910+0800][5950.313s] GC(8) Pause Young (Normal) (G1 Evacuation Pause)
[2025-04-16T11:18:26.910+0800][5950.313s] GC(8) Using 8 workers of 8 for evacuation
[2025-04-16T11:18:26.930+0800][5950.333s] GC(8)   Pre Evacuate Collection Set: 0.2ms
[2025-04-16T11:18:26.930+0800][5950.333s] GC(8)   Merge Heap Roots: 0.2ms
[2025-04-16T11:18:26.930+0800][5950.333s] GC(8)   Evacuate Collection Set: 15.8ms
[2025-04-16T11:18:26.930+0800][5950.333s] GC(8)   Post Evacuate Collection Set: 3.0ms
[2025-04-16T11:18:26.930+0800][5950.333s] GC(8)   Other: 0.2ms
[2025-04-16T11:18:26.930+0800][5950.333s] GC(8) Eden regions: 277->0(285)
[2025-04-16T11:18:26.930+0800][5950.333s] GC(8) Survivor regions: 30->22(39)
[2025-04-16T11:18:26.930+0800][5950.333s] GC(8) Old regions: 15->25
[2025-04-16T11:18:26.930+0800][5950.333s] GC(8) Archive regions: 0->0
[2025-04-16T11:18:26.930+0800][5950.333s] GC(8) Humongous regions: 4->4
[2025-04-16T11:18:26.930+0800][5950.333s] GC(8) Metaspace: 59375K(60096K)->59375K(60096K) NonClass: 52304K(52672K)->52304K(52672K) Class: 7071K(7424K)->7071K(7424K)
[2025-04-16T11:18:26.930+0800][5950.333s] GC(8) Pause Young (Normal) (G1 Evacuation Pause) 324M->49M(512M) 19.791ms
[2025-04-16T11:18:26.930+0800][5950.333s] GC(8) User=0.09s Sys=0.02s Real=0.02s
[2025-04-16T11:24:43.085+0800][6326.482s] GC(9) Pause Young (Normal) (G1 Evacuation Pause)
[2025-04-16T11:24:43.085+0800][6326.482s] GC(9) Using 8 workers of 8 for evacuation
[2025-04-16T11:24:43.097+0800][6326.494s] GC(9)   Pre Evacuate Collection Set: 0.1ms
[2025-04-16T11:24:43.097+0800][6326.494s] GC(9)   Merge Heap Roots: 0.1ms
[2025-04-16T11:24:43.097+0800][6326.494s] GC(9)   Evacuate Collection Set: 9.5ms
[2025-04-16T11:24:43.097+0800][6326.494s] GC(9)   Post Evacuate Collection Set: 2.1ms
[2025-04-16T11:24:43.097+0800][6326.494s] GC(9)   Other: 0.1ms
[2025-04-16T11:24:43.097+0800][6326.494s] GC(9) Eden regions: 285->0(284)
[2025-04-16T11:24:43.097+0800][6326.494s] GC(9) Survivor regions: 22->23(39)
[2025-04-16T11:24:43.097+0800][6326.494s] GC(9) Old regions: 25->25
[2025-04-16T11:24:43.097+0800][6326.494s] GC(9) Archive regions: 0->0
[2025-04-16T11:24:43.097+0800][6326.494s] GC(9) Humongous regions: 4->4
[2025-04-16T11:24:43.097+0800][6326.494s] GC(9) Metaspace: 59487K(60224K)->59487K(60224K) NonClass: 52416K(52800K)->52416K(52800K) Class: 7071K(7424K)->7071K(7424K)
[2025-04-16T11:24:43.098+0800][6326.494s] GC(9) Pause Young (Normal) (G1 Evacuation Pause) 334M->50M(512M) 12.218ms
[2025-04-16T11:24:43.098+0800][6326.494s] GC(9) User=0.09s Sys=0.02s Real=0.01s
[2025-04-16T11:24:49.118+0800][6332.515s] GC(10) Pause Young (Normal) (G1 Evacuation Pause)
[2025-04-16T11:24:49.118+0800][6332.515s] GC(10) Using 8 workers of 8 for evacuation
[2025-04-16T11:24:49.130+0800][6332.526s] GC(10)   Pre Evacuate Collection Set: 0.1ms
[2025-04-16T11:24:49.130+0800][6332.527s] GC(10)   Merge Heap Roots: 0.1ms
[2025-04-16T11:24:49.130+0800][6332.527s] GC(10)   Evacuate Collection Set: 10.3ms
[2025-04-16T11:24:49.130+0800][6332.527s] GC(10)   Post Evacuate Collection Set: 1.2ms
[2025-04-16T11:24:49.130+0800][6332.527s] GC(10)   Other: 0.1ms
[2025-04-16T11:24:49.130+0800][6332.527s] GC(10) Eden regions: 284->0(301)
[2025-04-16T11:24:49.130+0800][6332.527s] GC(10) Survivor regions: 23->6(39)
[2025-04-16T11:24:49.130+0800][6332.527s] GC(10) Old regions: 25->41
[2025-04-16T11:24:49.130+0800][6332.527s] GC(10) Archive regions: 0->0
[2025-04-16T11:24:49.130+0800][6332.527s] GC(10) Humongous regions: 4->4
[2025-04-16T11:24:49.130+0800][6332.527s] GC(10) Metaspace: 59501K(60224K)->59501K(60224K) NonClass: 52430K(52800K)->52430K(52800K) Class: 7071K(7424K)->7071K(7424K)
[2025-04-16T11:24:49.130+0800][6332.527s] GC(10) Pause Young (Normal) (G1 Evacuation Pause) 334M->50M(512M) 12.033ms
[2025-04-16T11:24:49.130+0800][6332.527s] GC(10) User=0.09s Sys=0.02s Real=0.01s
[2025-04-16T11:24:49.599+0800][6332.995s] GC(11) Pause Young (Normal) (G1 Evacuation Pause)
[2025-04-16T11:24:49.599+0800][6332.995s] GC(11) Using 8 workers of 8 for evacuation
[2025-04-16T11:24:49.603+0800][6332.999s] GC(11)   Pre Evacuate Collection Set: 0.2ms
[2025-04-16T11:24:49.603+0800][6332.999s] GC(11)   Merge Heap Roots: 0.2ms
[2025-04-16T11:24:49.603+0800][6332.999s] GC(11)   Evacuate Collection Set: 1.5ms
[2025-04-16T11:24:49.603+0800][6332.999s] GC(11)   Post Evacuate Collection Set: 1.1ms
[2025-04-16T11:24:49.603+0800][6332.999s] GC(11)   Other: 0.2ms
[2025-04-16T11:24:49.603+0800][6332.999s] GC(11) Eden regions: 301->0(302)
[2025-04-16T11:24:49.603+0800][6332.999s] GC(11) Survivor regions: 6->5(39)
[2025-04-16T11:24:49.603+0800][6332.999s] GC(11) Old regions: 41->41
[2025-04-16T11:24:49.603+0800][6332.999s] GC(11) Archive regions: 0->0
[2025-04-16T11:24:49.603+0800][6332.999s] GC(11) Humongous regions: 4->4
[2025-04-16T11:24:49.603+0800][6332.999s] GC(11) Metaspace: 59502K(60224K)->59502K(60224K) NonClass: 52430K(52800K)->52430K(52800K) Class: 7071K(7424K)->7071K(7424K)
[2025-04-16T11:24:49.603+0800][6332.999s] GC(11) Pause Young (Normal) (G1 Evacuation Pause) 351M->49M(512M) 3.901ms
[2025-04-16T11:24:49.603+0800][6332.999s] GC(11) User=0.00s Sys=0.00s Real=0.00s
[2025-04-16T23:37:52.252+0800][50315.549s] GC(12) Pause Young (Concurrent Start) (Metadata GC Threshold)
[2025-04-16T23:37:52.252+0800][50315.549s] GC(12) Using 8 workers of 8 for evacuation
[2025-04-16T23:37:52.277+0800][50315.574s] GC(12)   Pre Evacuate Collection Set: 3.4ms
[2025-04-16T23:37:52.277+0800][50315.574s] GC(12)   Merge Heap Roots: 0.4ms
[2025-04-16T23:37:52.277+0800][50315.574s] GC(12)   Evacuate Collection Set: 18.8ms
[2025-04-16T23:37:52.277+0800][50315.574s] GC(12)   Post Evacuate Collection Set: 2.3ms
[2025-04-16T23:37:52.277+0800][50315.574s] GC(12)   Other: 0.0ms
[2025-04-16T23:37:52.277+0800][50315.574s] GC(12) Eden regions: 267->0(303)
[2025-04-16T23:37:52.277+0800][50315.574s] GC(12) Survivor regions: 5->4(39)
[2025-04-16T23:37:52.277+0800][50315.574s] GC(12) Old regions: 41->41
[2025-04-16T23:37:52.277+0800][50315.574s] GC(12) Archive regions: 0->0
[2025-04-16T23:37:52.277+0800][50315.574s] GC(12) Humongous regions: 4->4
[2025-04-16T23:37:52.277+0800][50315.574s] GC(12) Metaspace: 59868K(60608K)->59868K(60608K) NonClass: 52763K(53120K)->52763K(53120K) Class: 7105K(7488K)->7105K(7488K)
[2025-04-16T23:37:52.277+0800][50315.575s] GC(12) Pause Young (Concurrent Start) (Metadata GC Threshold) 316M->48M(512M) 26.009ms
[2025-04-16T23:37:52.278+0800][50315.575s] GC(12) User=0.08s Sys=0.03s Real=0.03s
[2025-04-16T23:37:52.278+0800][50315.575s] GC(13) Concurrent Mark Cycle
[2025-04-16T23:37:52.278+0800][50315.575s] GC(13) Concurrent Clear Claimed Marks
[2025-04-16T23:37:52.278+0800][50315.575s] GC(13) Concurrent Clear Claimed Marks 0.128ms
[2025-04-16T23:37:52.278+0800][50315.575s] GC(13) Concurrent Scan Root Regions
[2025-04-16T23:37:52.291+0800][50315.589s] GC(13) Concurrent Scan Root Regions 13.373ms
[2025-04-16T23:37:52.291+0800][50315.589s] GC(13) Concurrent Mark
[2025-04-16T23:37:52.291+0800][50315.589s] GC(13) Concurrent Mark From Roots
[2025-04-16T23:37:52.292+0800][50315.589s] GC(13) Using 2 workers of 2 for marking
[2025-04-16T23:37:52.426+0800][50315.724s] GC(13) Concurrent Mark From Roots 134.947ms
[2025-04-16T23:37:52.426+0800][50315.724s] GC(13) Concurrent Preclean
[2025-04-16T23:37:52.426+0800][50315.725s] GC(13) Concurrent Preclean 0.726ms
[2025-04-16T23:37:52.428+0800][50315.725s] GC(13) Pause Remark
[2025-04-16T23:37:52.542+0800][50315.840s] GC(13) Pause Remark 53M->53M(512M) 114.680ms
[2025-04-16T23:37:52.542+0800][50315.840s] GC(13) User=0.14s Sys=0.48s Real=0.11s
[2025-04-16T23:37:52.543+0800][50315.840s] GC(13) Concurrent Mark 251.176ms
[2025-04-16T23:37:52.543+0800][50315.840s] GC(13) Concurrent Rebuild Remembered Sets
[2025-04-16T23:37:52.597+0800][50315.895s] GC(13) Concurrent Rebuild Remembered Sets 54.854ms
[2025-04-16T23:37:52.598+0800][50315.895s] GC(13) Pause Cleanup
[2025-04-16T23:37:52.598+0800][50315.896s] GC(13) Pause Cleanup 54M->54M(512M) 0.372ms
[2025-04-16T23:37:52.598+0800][50315.896s] GC(13) User=0.00s Sys=0.00s Real=0.00s
[2025-04-16T23:37:52.598+0800][50315.896s] GC(13) Concurrent Cleanup for Next Mark
[2025-04-16T23:37:52.602+0800][50315.900s] GC(13) Concurrent Cleanup for Next Mark 3.979ms
[2025-04-16T23:37:52.602+0800][50315.900s] GC(13) Concurrent Mark Cycle 324.954ms
[2025-04-16T23:37:52.653+0800][50315.951s] Heap
[2025-04-16T23:37:52.653+0800][50315.952s]  garbage-first heap   total 524288K, used 61982K [0x00000000e0000000, 0x0000000100000000)
[2025-04-16T23:37:52.654+0800][50315.952s]   region size 1024K, 16 young (16384K), 4 survivors (4096K)
[2025-04-16T23:37:52.654+0800][50315.952s]  Metaspace       used 59625K, committed 60736K, reserved 1114112K
[2025-04-16T23:37:52.654+0800][50315.952s]   class space    used 7029K, committed 7488K, reserved 1048576K
