[2025-04-12T23:41:51.722+0800][0.010s] CardTable entry size: 512
[2025-04-12T23:41:51.723+0800][0.010s] Using G1
[2025-04-12T23:41:51.850+0800][0.138s] Version: 19.0.1+10-21 (release)
[2025-04-12T23:41:51.850+0800][0.138s] CPUs: 8 total, 8 available
[2025-04-12T23:41:51.850+0800][0.138s] Memory: 16103M
[2025-04-12T23:41:51.850+0800][0.138s] Large Page Support: Disabled
[2025-04-12T23:41:51.850+0800][0.138s] NUMA Support: Disabled
[2025-04-12T23:41:51.850+0800][0.138s] Compressed Oops: Enabled (32-bit)
[2025-04-12T23:41:51.850+0800][0.138s] Heap Region Size: 1M
[2025-04-12T23:41:51.850+0800][0.138s] Heap Min Capacity: 512M
[2025-04-12T23:41:51.850+0800][0.138s] Heap Initial Capacity: 512M
[2025-04-12T23:41:51.850+0800][0.138s] Heap Max Capacity: 512M
[2025-04-12T23:41:51.851+0800][0.138s] Pre-touch: Enabled
[2025-04-12T23:41:51.851+0800][0.138s] Parallel Workers: 8
[2025-04-12T23:41:51.851+0800][0.138s] Concurrent Workers: 2
[2025-04-12T23:41:51.851+0800][0.138s] Concurrent Refinement Workers: 8
[2025-04-12T23:41:51.851+0800][0.138s] Periodic GC: Disabled
[2025-04-12T23:41:51.851+0800][0.139s] CDS archive(s) mapped at: [0x0000000800000000-0x0000000800c40000-0x0000000800c40000), size 12845056, SharedBaseAddress: 0x0000000800000000, ArchiveRelocationMode: 0.
[2025-04-12T23:41:51.851+0800][0.139s] Compressed class space mapped at: 0x0000000801000000-0x0000000841000000, reserved size: 1073741824
[2025-04-12T23:41:51.851+0800][0.139s] Narrow klass base: 0x0000000800000000, Narrow klass shift: 0, Narrow klass range: 0x100000000
[2025-04-12T23:41:52.527+0800][0.815s] GC(0) Pause Young (Normal) (G1 Evacuation Pause)
[2025-04-12T23:41:52.527+0800][0.816s] GC(0) Using 8 workers of 8 for evacuation
[2025-04-12T23:41:52.530+0800][0.818s] GC(0)   Pre Evacuate Collection Set: 0.1ms
[2025-04-12T23:41:52.530+0800][0.818s] GC(0)   Merge Heap Roots: 0.0ms
[2025-04-12T23:41:52.530+0800][0.818s] GC(0)   Evacuate Collection Set: 2.3ms
[2025-04-12T23:41:52.530+0800][0.819s] GC(0)   Post Evacuate Collection Set: 0.4ms
[2025-04-12T23:41:52.530+0800][0.819s] GC(0)   Other: 0.3ms
[2025-04-12T23:41:52.530+0800][0.819s] GC(0) Eden regions: 29->0(43)
[2025-04-12T23:41:52.530+0800][0.819s] GC(0) Survivor regions: 0->4(4)
[2025-04-12T23:41:52.530+0800][0.819s] GC(0) Old regions: 0->0
[2025-04-12T23:41:52.530+0800][0.819s] GC(0) Archive regions: 0->0
[2025-04-12T23:41:52.530+0800][0.819s] GC(0) Humongous regions: 0->0
[2025-04-12T23:41:52.530+0800][0.819s] GC(0) Metaspace: 7707K(8000K)->7707K(8000K) NonClass: 6831K(6976K)->6831K(6976K) Class: 875K(1024K)->875K(1024K)
[2025-04-12T23:41:52.530+0800][0.819s] GC(0) Pause Young (Normal) (G1 Evacuation Pause) 29M->3M(512M) 3.488ms
[2025-04-12T23:41:52.531+0800][0.819s] GC(0) User=0.00s Sys=0.00s Real=0.00s
[2025-04-12T23:41:57.748+0800][6.036s] GC(1) Pause Young (Normal) (G1 Evacuation Pause)
[2025-04-12T23:41:57.748+0800][6.036s] GC(1) Using 8 workers of 8 for evacuation
[2025-04-12T23:41:57.755+0800][6.043s] GC(1)   Pre Evacuate Collection Set: 0.1ms
[2025-04-12T23:41:57.755+0800][6.043s] GC(1)   Merge Heap Roots: 0.1ms
[2025-04-12T23:41:57.755+0800][6.043s] GC(1)   Evacuate Collection Set: 5.7ms
[2025-04-12T23:41:57.755+0800][6.043s] GC(1)   Post Evacuate Collection Set: 0.9ms
[2025-04-12T23:41:57.755+0800][6.043s] GC(1)   Other: 0.1ms
[2025-04-12T23:41:57.755+0800][6.043s] GC(1) Eden regions: 43->0(71)
[2025-04-12T23:41:57.755+0800][6.043s] GC(1) Survivor regions: 4->6(6)
[2025-04-12T23:41:57.755+0800][6.043s] GC(1) Old regions: 0->9
[2025-04-12T23:41:57.755+0800][6.043s] GC(1) Archive regions: 0->0
[2025-04-12T23:41:57.755+0800][6.043s] GC(1) Humongous regions: 4->4
[2025-04-12T23:41:57.755+0800][6.043s] GC(1) Metaspace: 19020K(19392K)->19020K(19392K) NonClass: 16889K(17088K)->16889K(17088K) Class: 2131K(2304K)->2131K(2304K)
[2025-04-12T23:41:57.755+0800][6.043s] GC(1) Pause Young (Normal) (G1 Evacuation Pause) 50M->18M(512M) 7.023ms
[2025-04-12T23:41:57.755+0800][6.043s] GC(1) User=0.00s Sys=0.00s Real=0.01s
[2025-04-12T23:41:58.037+0800][6.325s] GC(2) Pause Young (Normal) (G1 Evacuation Pause)
[2025-04-12T23:41:58.037+0800][6.325s] GC(2) Using 8 workers of 8 for evacuation
[2025-04-12T23:41:58.040+0800][6.328s] GC(2)   Pre Evacuate Collection Set: 0.1ms
[2025-04-12T23:41:58.040+0800][6.328s] GC(2)   Merge Heap Roots: 0.1ms
[2025-04-12T23:41:58.040+0800][6.328s] GC(2)   Evacuate Collection Set: 2.8ms
[2025-04-12T23:41:58.040+0800][6.328s] GC(2)   Post Evacuate Collection Set: 0.4ms
[2025-04-12T23:41:58.040+0800][6.328s] GC(2)   Other: 0.1ms
[2025-04-12T23:41:58.040+0800][6.328s] GC(2) Eden regions: 71->0(239)
[2025-04-12T23:41:58.040+0800][6.328s] GC(2) Survivor regions: 6->5(10)
[2025-04-12T23:41:58.040+0800][6.329s] GC(2) Old regions: 9->15
[2025-04-12T23:41:58.040+0800][6.329s] GC(2) Archive regions: 0->0
[2025-04-12T23:41:58.040+0800][6.329s] GC(2) Humongous regions: 4->4
[2025-04-12T23:41:58.040+0800][6.329s] GC(2) Metaspace: 19533K(19968K)->19533K(19968K) NonClass: 17350K(17536K)->17350K(17536K) Class: 2183K(2432K)->2183K(2432K)
[2025-04-12T23:41:58.040+0800][6.329s] GC(2) Pause Young (Normal) (G1 Evacuation Pause) 89M->23M(512M) 3.639ms
[2025-04-12T23:41:58.040+0800][6.329s] GC(2) User=0.02s Sys=0.00s Real=0.00s
[2025-04-12T23:41:58.325+0800][6.613s] GC(3) Pause Young (Concurrent Start) (Metadata GC Threshold)
[2025-04-12T23:41:58.325+0800][6.613s] GC(3) Using 8 workers of 8 for evacuation
[2025-04-12T23:41:58.327+0800][6.615s] GC(3)   Pre Evacuate Collection Set: 0.1ms
[2025-04-12T23:41:58.327+0800][6.615s] GC(3)   Merge Heap Roots: 0.0ms
[2025-04-12T23:41:58.327+0800][6.615s] GC(3)   Evacuate Collection Set: 1.1ms
[2025-04-12T23:41:58.327+0800][6.615s] GC(3)   Post Evacuate Collection Set: 0.2ms
[2025-04-12T23:41:58.327+0800][6.615s] GC(3)   Other: 0.0ms
[2025-04-12T23:41:58.327+0800][6.615s] GC(3) Eden regions: 50->0(301)
[2025-04-12T23:41:58.327+0800][6.615s] GC(3) Survivor regions: 5->6(31)
[2025-04-12T23:41:58.327+0800][6.615s] GC(3) Old regions: 15->15
[2025-04-12T23:41:58.327+0800][6.615s] GC(3) Archive regions: 0->0
[2025-04-12T23:41:58.327+0800][6.615s] GC(3) Humongous regions: 4->4
[2025-04-12T23:41:58.327+0800][6.615s] GC(3) Metaspace: 21113K(21504K)->21113K(21504K) NonClass: 18753K(18944K)->18753K(18944K) Class: 2360K(2560K)->2360K(2560K)
[2025-04-12T23:41:58.327+0800][6.615s] GC(3) Pause Young (Concurrent Start) (Metadata GC Threshold) 73M->24M(512M) 1.737ms
[2025-04-12T23:41:58.327+0800][6.615s] GC(3) User=0.00s Sys=0.00s Real=0.00s
[2025-04-12T23:41:58.327+0800][6.615s] GC(4) Concurrent Mark Cycle
[2025-04-12T23:41:58.327+0800][6.615s] GC(4) Concurrent Clear Claimed Marks
[2025-04-12T23:41:58.327+0800][6.615s] GC(4) Concurrent Clear Claimed Marks 0.018ms
[2025-04-12T23:41:58.327+0800][6.615s] GC(4) Concurrent Scan Root Regions
[2025-04-12T23:41:58.328+0800][6.616s] GC(4) Concurrent Scan Root Regions 0.870ms
[2025-04-12T23:41:58.328+0800][6.616s] GC(4) Concurrent Mark
[2025-04-12T23:41:58.328+0800][6.616s] GC(4) Concurrent Mark From Roots
[2025-04-12T23:41:58.328+0800][6.616s] GC(4) Using 2 workers of 2 for marking
[2025-04-12T23:41:58.337+0800][6.625s] GC(4) Concurrent Mark From Roots 8.659ms
[2025-04-12T23:41:58.337+0800][6.625s] GC(4) Concurrent Preclean
[2025-04-12T23:41:58.337+0800][6.625s] GC(4) Concurrent Preclean 0.045ms
[2025-04-12T23:41:58.337+0800][6.625s] GC(4) Pause Remark
[2025-04-12T23:41:58.338+0800][6.626s] GC(4) Pause Remark 25M->25M(512M) 1.328ms
[2025-04-12T23:41:58.338+0800][6.626s] GC(4) User=0.00s Sys=0.00s Real=0.00s
[2025-04-12T23:41:58.338+0800][6.626s] GC(4) Concurrent Mark 10.460ms
[2025-04-12T23:41:58.338+0800][6.626s] GC(4) Concurrent Rebuild Remembered Sets
[2025-04-12T23:41:58.343+0800][6.631s] GC(4) Concurrent Rebuild Remembered Sets 4.418ms
[2025-04-12T23:41:58.343+0800][6.631s] GC(4) Pause Cleanup
[2025-04-12T23:41:58.343+0800][6.631s] GC(4) Pause Cleanup 25M->25M(512M) 0.123ms
[2025-04-12T23:41:58.343+0800][6.631s] GC(4) User=0.00s Sys=0.00s Real=0.00s
[2025-04-12T23:41:58.343+0800][6.631s] GC(4) Concurrent Cleanup for Next Mark
[2025-04-12T23:41:58.344+0800][6.632s] GC(4) Concurrent Cleanup for Next Mark 0.879ms
[2025-04-12T23:41:58.344+0800][6.632s] GC(4) Concurrent Mark Cycle 17.396ms
[2025-04-12T23:41:59.379+0800][7.667s] GC(5) Pause Young (Prepare Mixed) (Metadata GC Threshold)
[2025-04-12T23:41:59.379+0800][7.667s] GC(5) Using 8 workers of 8 for evacuation
[2025-04-12T23:41:59.384+0800][7.671s] GC(5)   Pre Evacuate Collection Set: 0.1ms
[2025-04-12T23:41:59.384+0800][7.671s] GC(5)   Merge Heap Roots: 0.0ms
[2025-04-12T23:41:59.384+0800][7.671s] GC(5)   Evacuate Collection Set: 3.5ms
[2025-04-12T23:41:59.384+0800][7.671s] GC(5)   Post Evacuate Collection Set: 0.4ms
[2025-04-12T23:41:59.384+0800][7.671s] GC(5)   Other: 0.1ms
[2025-04-12T23:41:59.384+0800][7.671s] GC(5) Eden regions: 103->0(15)
[2025-04-12T23:41:59.384+0800][7.671s] GC(5) Survivor regions: 6->10(39)
[2025-04-12T23:41:59.384+0800][7.671s] GC(5) Old regions: 15->15
[2025-04-12T23:41:59.384+0800][7.671s] GC(5) Archive regions: 0->0
[2025-04-12T23:41:59.384+0800][7.671s] GC(5) Humongous regions: 4->4
[2025-04-12T23:41:59.384+0800][7.671s] GC(5) Metaspace: 35551K(36096K)->35551K(36096K) NonClass: 31484K(31744K)->31484K(31744K) Class: 4066K(4352K)->4066K(4352K)
[2025-04-12T23:41:59.384+0800][7.671s] GC(5) Pause Young (Prepare Mixed) (Metadata GC Threshold) 126M->28M(512M) 4.311ms
[2025-04-12T23:41:59.384+0800][7.671s] GC(5) User=0.00s Sys=0.00s Real=0.01s
[2025-04-12T23:41:59.410+0800][7.697s] GC(6) Pause Young (Mixed) (Metadata GC Threshold)
[2025-04-12T23:41:59.410+0800][7.697s] GC(6) Using 8 workers of 8 for evacuation
[2025-04-12T23:41:59.413+0800][7.701s] GC(6)   Pre Evacuate Collection Set: 0.0ms
[2025-04-12T23:41:59.413+0800][7.701s] GC(6)   Merge Heap Roots: 0.0ms
[2025-04-12T23:41:59.413+0800][7.701s] GC(6)   Evacuate Collection Set: 2.9ms
[2025-04-12T23:41:59.413+0800][7.701s] GC(6)   Post Evacuate Collection Set: 0.3ms
[2025-04-12T23:41:59.413+0800][7.701s] GC(6)   Other: 0.0ms
[2025-04-12T23:41:59.413+0800][7.701s] GC(6) Eden regions: 4->0(305)
[2025-04-12T23:41:59.413+0800][7.701s] GC(6) Survivor regions: 10->2(4)
[2025-04-12T23:41:59.413+0800][7.701s] GC(6) Old regions: 15->25
[2025-04-12T23:41:59.413+0800][7.701s] GC(6) Archive regions: 0->0
[2025-04-12T23:41:59.413+0800][7.701s] GC(6) Humongous regions: 4->4
[2025-04-12T23:41:59.413+0800][7.701s] GC(6) Metaspace: 35937K(36416K)->35937K(36416K) NonClass: 31824K(32064K)->31824K(32064K) Class: 4112K(4352K)->4112K(4352K)
[2025-04-12T23:41:59.413+0800][7.701s] GC(6) Pause Young (Mixed) (Metadata GC Threshold) 32M->29M(512M) 3.474ms
[2025-04-12T23:41:59.413+0800][7.701s] GC(6) User=0.00s Sys=0.00s Real=0.00s
[2025-04-12T23:41:59.450+0800][7.738s] GC(7) Pause Young (Concurrent Start) (Metadata GC Threshold)
[2025-04-12T23:41:59.450+0800][7.738s] GC(7) Using 8 workers of 8 for evacuation
[2025-04-12T23:41:59.451+0800][7.739s] GC(7)   Pre Evacuate Collection Set: 0.1ms
[2025-04-12T23:41:59.451+0800][7.739s] GC(7)   Merge Heap Roots: 0.0ms
[2025-04-12T23:41:59.451+0800][7.739s] GC(7)   Evacuate Collection Set: 0.6ms
[2025-04-12T23:41:59.451+0800][7.739s] GC(7)   Post Evacuate Collection Set: 0.4ms
[2025-04-12T23:41:59.451+0800][7.739s] GC(7)   Other: 0.1ms
[2025-04-12T23:41:59.451+0800][7.739s] GC(7) Eden regions: 3->0(306)
[2025-04-12T23:41:59.451+0800][7.739s] GC(7) Survivor regions: 2->1(39)
[2025-04-12T23:41:59.451+0800][7.739s] GC(7) Old regions: 25->25
[2025-04-12T23:41:59.451+0800][7.739s] GC(7) Archive regions: 0->0
[2025-04-12T23:41:59.451+0800][7.739s] GC(7) Humongous regions: 4->4
[2025-04-12T23:41:59.451+0800][7.739s] GC(7) Metaspace: 36255K(36736K)->36255K(36736K) NonClass: 32094K(32320K)->32094K(32320K) Class: 4161K(4416K)->4161K(4416K)
[2025-04-12T23:41:59.451+0800][7.739s] GC(7) Pause Young (Concurrent Start) (Metadata GC Threshold) 32M->28M(512M) 1.411ms
[2025-04-12T23:41:59.451+0800][7.739s] GC(7) User=0.00s Sys=0.00s Real=0.00s
[2025-04-12T23:41:59.451+0800][7.739s] GC(8) Concurrent Mark Cycle
[2025-04-12T23:41:59.451+0800][7.739s] GC(8) Concurrent Clear Claimed Marks
[2025-04-12T23:41:59.451+0800][7.739s] GC(8) Concurrent Clear Claimed Marks 0.022ms
[2025-04-12T23:41:59.451+0800][7.740s] GC(8) Concurrent Scan Root Regions
[2025-04-12T23:41:59.452+0800][7.740s] GC(8) Concurrent Scan Root Regions 0.740ms
[2025-04-12T23:41:59.452+0800][7.740s] GC(8) Concurrent Mark
[2025-04-12T23:41:59.452+0800][7.740s] GC(8) Concurrent Mark From Roots
[2025-04-12T23:41:59.452+0800][7.740s] GC(8) Using 2 workers of 2 for marking
[2025-04-12T23:41:59.469+0800][7.757s] GC(8) Concurrent Mark From Roots 16.288ms
[2025-04-12T23:41:59.469+0800][7.757s] GC(8) Concurrent Preclean
[2025-04-12T23:41:59.469+0800][7.757s] GC(8) Concurrent Preclean 0.094ms
[2025-04-12T23:41:59.469+0800][7.757s] GC(8) Pause Remark
[2025-04-12T23:41:59.471+0800][7.759s] GC(8) Pause Remark 30M->30M(512M) 1.921ms
[2025-04-12T23:41:59.471+0800][7.759s] GC(8) User=0.00s Sys=0.00s Real=0.00s
[2025-04-12T23:41:59.471+0800][7.759s] GC(8) Concurrent Mark 18.666ms
[2025-04-12T23:41:59.471+0800][7.759s] GC(8) Concurrent Rebuild Remembered Sets
[2025-04-12T23:41:59.478+0800][7.766s] GC(8) Concurrent Rebuild Remembered Sets 7.112ms
[2025-04-12T23:41:59.479+0800][7.766s] GC(8) Pause Cleanup
[2025-04-12T23:41:59.479+0800][7.766s] GC(8) Pause Cleanup 30M->30M(512M) 0.121ms
[2025-04-12T23:41:59.479+0800][7.766s] GC(8) User=0.02s Sys=0.00s Real=0.00s
[2025-04-12T23:41:59.479+0800][7.766s] GC(8) Concurrent Cleanup for Next Mark
[2025-04-12T23:41:59.480+0800][7.768s] GC(8) Concurrent Cleanup for Next Mark 1.174ms
[2025-04-12T23:41:59.480+0800][7.768s] GC(8) Concurrent Mark Cycle 28.214ms
