[2025-04-19T23:44:00.711+0800][0.016s] CardTable entry size: 512
[2025-04-19T23:44:00.711+0800][0.017s] Using G1
[2025-04-19T23:44:00.844+0800][0.151s] Version: 19.0.1+10-21 (release)
[2025-04-19T23:44:00.844+0800][0.151s] CPUs: 8 total, 8 available
[2025-04-19T23:44:00.844+0800][0.151s] Memory: 16103M
[2025-04-19T23:44:00.844+0800][0.151s] Large Page Support: Disabled
[2025-04-19T23:44:00.844+0800][0.151s] NUMA Support: Disabled
[2025-04-19T23:44:00.844+0800][0.151s] Compressed Oops: Enabled (32-bit)
[2025-04-19T23:44:00.844+0800][0.151s] Heap Region Size: 1M
[2025-04-19T23:44:00.844+0800][0.151s] Heap Min Capacity: 512M
[2025-04-19T23:44:00.844+0800][0.151s] Heap Initial Capacity: 512M
[2025-04-19T23:44:00.844+0800][0.151s] Heap Max Capacity: 512M
[2025-04-19T23:44:00.845+0800][0.151s] Pre-touch: Enabled
[2025-04-19T23:44:00.845+0800][0.151s] Parallel Workers: 8
[2025-04-19T23:44:00.845+0800][0.151s] Concurrent Workers: 2
[2025-04-19T23:44:00.845+0800][0.151s] Concurrent Refinement Workers: 8
[2025-04-19T23:44:00.845+0800][0.151s] Periodic GC: Disabled
[2025-04-19T23:44:00.845+0800][0.152s] CDS archive(s) mapped at: [0x0000000800000000-0x0000000800c40000-0x0000000800c40000), size 12845056, SharedBaseAddress: 0x0000000800000000, ArchiveRelocationMode: 0.
[2025-04-19T23:44:00.845+0800][0.152s] Compressed class space mapped at: 0x0000000801000000-0x0000000841000000, reserved size: 1073741824
[2025-04-19T23:44:00.845+0800][0.152s] Narrow klass base: 0x0000000800000000, Narrow klass shift: 0, Narrow klass range: 0x100000000
[2025-04-19T23:44:02.410+0800][1.716s] GC(0) Pause Young (Normal) (G1 Evacuation Pause)
[2025-04-19T23:44:02.410+0800][1.716s] GC(0) Using 8 workers of 8 for evacuation
[2025-04-19T23:44:02.417+0800][1.722s] GC(0)   Pre Evacuate Collection Set: 0.1ms
[2025-04-19T23:44:02.417+0800][1.723s] GC(0)   Merge Heap Roots: 0.0ms
[2025-04-19T23:44:02.417+0800][1.723s] GC(0)   Evacuate Collection Set: 5.1ms
[2025-04-19T23:44:02.417+0800][1.723s] GC(0)   Post Evacuate Collection Set: 0.7ms
[2025-04-19T23:44:02.417+0800][1.723s] GC(0)   Other: 0.5ms
[2025-04-19T23:44:02.417+0800][1.723s] GC(0) Eden regions: 29->0(42)
[2025-04-19T23:44:02.417+0800][1.723s] GC(0) Survivor regions: 0->4(4)
[2025-04-19T23:44:02.417+0800][1.723s] GC(0) Old regions: 0->0
[2025-04-19T23:44:02.417+0800][1.723s] GC(0) Archive regions: 0->0
[2025-04-19T23:44:02.417+0800][1.723s] GC(0) Humongous regions: 0->0
[2025-04-19T23:44:02.417+0800][1.723s] GC(0) Metaspace: 7720K(8000K)->7720K(8000K) NonClass: 6845K(6976K)->6845K(6976K) Class: 875K(1024K)->875K(1024K)
[2025-04-19T23:44:02.417+0800][1.723s] GC(0) Pause Young (Normal) (G1 Evacuation Pause) 29M->3M(512M) 6.874ms
[2025-04-19T23:44:02.417+0800][1.723s] GC(0) User=0.03s Sys=0.06s Real=0.01s
[2025-04-19T23:44:08.151+0800][7.456s] GC(1) Pause Young (Normal) (G1 Evacuation Pause)
[2025-04-19T23:44:08.151+0800][7.456s] GC(1) Using 8 workers of 8 for evacuation
[2025-04-19T23:44:08.160+0800][7.466s] GC(1)   Pre Evacuate Collection Set: 0.1ms
[2025-04-19T23:44:08.160+0800][7.466s] GC(1)   Merge Heap Roots: 0.1ms
[2025-04-19T23:44:08.160+0800][7.467s] GC(1)   Evacuate Collection Set: 9.1ms
[2025-04-19T23:44:08.160+0800][7.467s] GC(1)   Post Evacuate Collection Set: 0.7ms
[2025-04-19T23:44:08.161+0800][7.467s] GC(1)   Other: 0.1ms
[2025-04-19T23:44:08.161+0800][7.467s] GC(1) Eden regions: 42->0(70)
[2025-04-19T23:44:08.161+0800][7.467s] GC(1) Survivor regions: 4->6(6)
[2025-04-19T23:44:08.161+0800][7.467s] GC(1) Old regions: 0->9
[2025-04-19T23:44:08.161+0800][7.467s] GC(1) Archive regions: 0->0
[2025-04-19T23:44:08.161+0800][7.467s] GC(1) Humongous regions: 4->4
[2025-04-19T23:44:08.161+0800][7.467s] GC(1) Metaspace: 18822K(19264K)->18822K(19264K) NonClass: 16719K(16960K)->16719K(16960K) Class: 2102K(2304K)->2102K(2304K)
[2025-04-19T23:44:08.161+0800][7.467s] GC(1) Pause Young (Normal) (G1 Evacuation Pause) 49M->18M(512M) 10.430ms
[2025-04-19T23:44:08.161+0800][7.467s] GC(1) User=0.00s Sys=0.00s Real=0.01s
[2025-04-19T23:44:08.797+0800][8.103s] GC(2) Pause Young (Normal) (G1 Evacuation Pause)
[2025-04-19T23:44:08.797+0800][8.104s] GC(2) Using 8 workers of 8 for evacuation
[2025-04-19T23:44:08.801+0800][8.108s] GC(2)   Pre Evacuate Collection Set: 0.1ms
[2025-04-19T23:44:08.801+0800][8.108s] GC(2)   Merge Heap Roots: 0.1ms
[2025-04-19T23:44:08.802+0800][8.108s] GC(2)   Evacuate Collection Set: 3.4ms
[2025-04-19T23:44:08.802+0800][8.108s] GC(2)   Post Evacuate Collection Set: 0.4ms
[2025-04-19T23:44:08.802+0800][8.108s] GC(2)   Other: 0.1ms
[2025-04-19T23:44:08.802+0800][8.108s] GC(2) Eden regions: 70->0(232)
[2025-04-19T23:44:08.802+0800][8.108s] GC(2) Survivor regions: 6->5(10)
[2025-04-19T23:44:08.802+0800][8.108s] GC(2) Old regions: 9->15
[2025-04-19T23:44:08.802+0800][8.108s] GC(2) Archive regions: 0->0
[2025-04-19T23:44:08.802+0800][8.108s] GC(2) Humongous regions: 4->4
[2025-04-19T23:44:08.802+0800][8.108s] GC(2) Metaspace: 19553K(20032K)->19553K(20032K) NonClass: 17371K(17600K)->17371K(17600K) Class: 2182K(2432K)->2182K(2432K)
[2025-04-19T23:44:08.802+0800][8.108s] GC(2) Pause Young (Normal) (G1 Evacuation Pause) 88M->23M(512M) 4.385ms
[2025-04-19T23:44:08.802+0800][8.108s] GC(2) User=0.00s Sys=0.00s Real=0.01s
[2025-04-19T23:44:09.310+0800][8.616s] GC(3) Pause Young (Concurrent Start) (Metadata GC Threshold)
[2025-04-19T23:44:09.310+0800][8.616s] GC(3) Using 8 workers of 8 for evacuation
[2025-04-19T23:44:09.313+0800][8.618s] GC(3)   Pre Evacuate Collection Set: 0.2ms
[2025-04-19T23:44:09.313+0800][8.618s] GC(3)   Merge Heap Roots: 0.0ms
[2025-04-19T23:44:09.313+0800][8.618s] GC(3)   Evacuate Collection Set: 1.6ms
[2025-04-19T23:44:09.313+0800][8.618s] GC(3)   Post Evacuate Collection Set: 0.4ms
[2025-04-19T23:44:09.313+0800][8.618s] GC(3)   Other: 0.1ms
[2025-04-19T23:44:09.313+0800][8.618s] GC(3) Eden regions: 52->0(277)
[2025-04-19T23:44:09.313+0800][8.618s] GC(3) Survivor regions: 5->6(30)
[2025-04-19T23:44:09.313+0800][8.618s] GC(3) Old regions: 15->15
[2025-04-19T23:44:09.313+0800][8.618s] GC(3) Archive regions: 0->0
[2025-04-19T23:44:09.313+0800][8.618s] GC(3) Humongous regions: 4->4
[2025-04-19T23:44:09.313+0800][8.618s] GC(3) Metaspace: 21108K(21504K)->21108K(21504K) NonClass: 18751K(18944K)->18751K(18944K) Class: 2357K(2560K)->2357K(2560K)
[2025-04-19T23:44:09.313+0800][8.618s] GC(3) Pause Young (Concurrent Start) (Metadata GC Threshold) 74M->23M(512M) 2.546ms
[2025-04-19T23:44:09.313+0800][8.618s] GC(3) User=0.00s Sys=0.00s Real=0.00s
[2025-04-19T23:44:09.313+0800][8.618s] GC(4) Concurrent Mark Cycle
[2025-04-19T23:44:09.313+0800][8.618s] GC(4) Concurrent Clear Claimed Marks
[2025-04-19T23:44:09.313+0800][8.619s] GC(4) Concurrent Clear Claimed Marks 0.041ms
[2025-04-19T23:44:09.313+0800][8.619s] GC(4) Concurrent Scan Root Regions
[2025-04-19T23:44:09.314+0800][8.620s] GC(4) Concurrent Scan Root Regions 1.757ms
[2025-04-19T23:44:09.314+0800][8.620s] GC(4) Concurrent Mark
[2025-04-19T23:44:09.314+0800][8.620s] GC(4) Concurrent Mark From Roots
[2025-04-19T23:44:09.314+0800][8.620s] GC(4) Using 2 workers of 2 for marking
[2025-04-19T23:44:09.330+0800][8.636s] GC(4) Concurrent Mark From Roots 15.637ms
[2025-04-19T23:44:09.330+0800][8.636s] GC(4) Concurrent Preclean
[2025-04-19T23:44:09.331+0800][8.636s] GC(4) Concurrent Preclean 0.199ms
[2025-04-19T23:44:09.331+0800][8.636s] GC(4) Pause Remark
[2025-04-19T23:44:09.333+0800][8.639s] GC(4) Pause Remark 24M->24M(512M) 2.615ms
[2025-04-19T23:44:09.333+0800][8.639s] GC(4) User=0.00s Sys=0.00s Real=0.00s
[2025-04-19T23:44:09.333+0800][8.639s] GC(4) Concurrent Mark 18.830ms
[2025-04-19T23:44:09.333+0800][8.639s] GC(4) Concurrent Rebuild Remembered Sets
[2025-04-19T23:44:09.339+0800][8.644s] GC(4) Concurrent Rebuild Remembered Sets 5.251ms
[2025-04-19T23:44:09.339+0800][8.645s] GC(4) Pause Cleanup
[2025-04-19T23:44:09.339+0800][8.645s] GC(4) Pause Cleanup 25M->25M(512M) 0.086ms
[2025-04-19T23:44:09.339+0800][8.645s] GC(4) User=0.00s Sys=0.00s Real=0.00s
[2025-04-19T23:44:09.339+0800][8.645s] GC(4) Concurrent Cleanup for Next Mark
[2025-04-19T23:44:09.341+0800][8.647s] GC(4) Concurrent Cleanup for Next Mark 2.163ms
[2025-04-19T23:44:09.341+0800][8.647s] GC(4) Concurrent Mark Cycle 28.691ms
[2025-04-19T23:44:11.406+0800][10.712s] GC(5) Pause Young (Concurrent Start) (Metadata GC Threshold)
[2025-04-19T23:44:11.406+0800][10.712s] GC(5) Using 8 workers of 8 for evacuation
[2025-04-19T23:44:11.414+0800][10.720s] GC(5)   Pre Evacuate Collection Set: 0.1ms
[2025-04-19T23:44:11.414+0800][10.720s] GC(5)   Merge Heap Roots: 0.1ms
[2025-04-19T23:44:11.414+0800][10.720s] GC(5)   Evacuate Collection Set: 5.5ms
[2025-04-19T23:44:11.414+0800][10.720s] GC(5)   Post Evacuate Collection Set: 1.9ms
[2025-04-19T23:44:11.414+0800][10.720s] GC(5)   Other: 0.2ms
[2025-04-19T23:44:11.414+0800][10.721s] GC(5) Eden regions: 98->0(296)
[2025-04-19T23:44:11.414+0800][10.721s] GC(5) Survivor regions: 6->11(39)
[2025-04-19T23:44:11.414+0800][10.721s] GC(5) Old regions: 15->15
[2025-04-19T23:44:11.414+0800][10.721s] GC(5) Archive regions: 0->0
[2025-04-19T23:44:11.414+0800][10.721s] GC(5) Humongous regions: 4->4
[2025-04-19T23:44:11.414+0800][10.721s] GC(5) Metaspace: 35572K(36096K)->35572K(36096K) NonClass: 31509K(31808K)->31509K(31808K) Class: 4063K(4288K)->4063K(4288K)
[2025-04-19T23:44:11.414+0800][10.721s] GC(5) Pause Young (Concurrent Start) (Metadata GC Threshold) 121M->28M(512M) 8.394ms
[2025-04-19T23:44:11.414+0800][10.721s] GC(5) User=0.06s Sys=0.02s Real=0.01s
[2025-04-19T23:44:11.414+0800][10.721s] GC(6) Concurrent Mark Cycle
[2025-04-19T23:44:11.414+0800][10.721s] GC(6) Concurrent Clear Claimed Marks
[2025-04-19T23:44:11.414+0800][10.721s] GC(6) Concurrent Clear Claimed Marks 0.053ms
[2025-04-19T23:44:11.414+0800][10.721s] GC(6) Concurrent Scan Root Regions
[2025-04-19T23:44:11.418+0800][10.724s] GC(6) Concurrent Scan Root Regions 2.775ms
[2025-04-19T23:44:11.418+0800][10.724s] GC(6) Concurrent Mark
[2025-04-19T23:44:11.418+0800][10.724s] GC(6) Concurrent Mark From Roots
[2025-04-19T23:44:11.418+0800][10.724s] GC(6) Using 2 workers of 2 for marking
[2025-04-19T23:44:11.434+0800][10.740s] GC(6) Concurrent Mark From Roots 16.568ms
[2025-04-19T23:44:11.434+0800][10.740s] GC(6) Concurrent Preclean
[2025-04-19T23:44:11.434+0800][10.740s] GC(6) Concurrent Preclean 0.117ms
[2025-04-19T23:44:11.434+0800][10.741s] GC(6) Pause Remark
[2025-04-19T23:44:11.436+0800][10.743s] GC(6) Pause Remark 30M->30M(512M) 2.187ms
[2025-04-19T23:44:11.437+0800][10.743s] GC(6) User=0.00s Sys=0.00s Real=0.00s
[2025-04-19T23:44:11.437+0800][10.743s] GC(6) Concurrent Mark 19.255ms
[2025-04-19T23:44:11.437+0800][10.743s] GC(6) Concurrent Rebuild Remembered Sets
[2025-04-19T23:44:11.444+0800][10.750s] GC(6) Concurrent Rebuild Remembered Sets 7.208ms
[2025-04-19T23:44:11.445+0800][10.750s] GC(6) Pause Cleanup
[2025-04-19T23:44:11.445+0800][10.750s] GC(6) Pause Cleanup 31M->31M(512M) 0.127ms
[2025-04-19T23:44:11.445+0800][10.750s] GC(6) User=0.00s Sys=0.00s Real=0.00s
[2025-04-19T23:44:11.445+0800][10.750s] GC(6) Concurrent Cleanup for Next Mark
[2025-04-19T23:44:11.446+0800][10.752s] GC(6) Concurrent Cleanup for Next Mark 1.529ms
[2025-04-19T23:44:11.446+0800][10.752s] GC(6) Concurrent Mark Cycle 31.424ms
[2025-04-19T23:52:12.034+0800][491.340s] GC(7) Pause Young (Normal) (G1 Evacuation Pause)
[2025-04-19T23:52:12.034+0800][491.340s] GC(7) Using 8 workers of 8 for evacuation
[2025-04-19T23:52:12.056+0800][491.363s] GC(7)   Pre Evacuate Collection Set: 0.1ms
[2025-04-19T23:52:12.056+0800][491.363s] GC(7)   Merge Heap Roots: 0.1ms
[2025-04-19T23:52:12.056+0800][491.363s] GC(7)   Evacuate Collection Set: 20.4ms
[2025-04-19T23:52:12.056+0800][491.363s] GC(7)   Post Evacuate Collection Set: 2.2ms
[2025-04-19T23:52:12.056+0800][491.363s] GC(7)   Other: 0.1ms
[2025-04-19T23:52:12.056+0800][491.363s] GC(7) Eden regions: 296->0(276)
[2025-04-19T23:52:12.056+0800][491.363s] GC(7) Survivor regions: 11->31(39)
[2025-04-19T23:52:12.056+0800][491.363s] GC(7) Old regions: 15->15
[2025-04-19T23:52:12.056+0800][491.363s] GC(7) Archive regions: 0->0
[2025-04-19T23:52:12.056+0800][491.363s] GC(7) Humongous regions: 4->4
[2025-04-19T23:52:12.056+0800][491.363s] GC(7) Metaspace: 58124K(58944K)->58124K(58944K) NonClass: 51083K(51520K)->51083K(51520K) Class: 7040K(7424K)->7040K(7424K)
[2025-04-19T23:52:12.056+0800][491.363s] GC(7) Pause Young (Normal) (G1 Evacuation Pause) 324M->49M(512M) 23.255ms
[2025-04-19T23:52:12.056+0800][491.363s] GC(7) User=0.17s Sys=0.08s Real=0.02s
[2025-04-19T23:52:12.808+0800][492.114s] GC(8) Pause Young (Normal) (G1 Evacuation Pause)
[2025-04-19T23:52:12.808+0800][492.114s] GC(8) Using 8 workers of 8 for evacuation
[2025-04-19T23:52:12.823+0800][492.129s] GC(8)   Pre Evacuate Collection Set: 0.1ms
[2025-04-19T23:52:12.823+0800][492.129s] GC(8)   Merge Heap Roots: 0.1ms
[2025-04-19T23:52:12.823+0800][492.129s] GC(8)   Evacuate Collection Set: 12.8ms
[2025-04-19T23:52:12.823+0800][492.129s] GC(8)   Post Evacuate Collection Set: 1.8ms
[2025-04-19T23:52:12.823+0800][492.129s] GC(8)   Other: 0.1ms
[2025-04-19T23:52:12.823+0800][492.129s] GC(8) Eden regions: 276->0(302)
[2025-04-19T23:52:12.823+0800][492.129s] GC(8) Survivor regions: 31->5(39)
[2025-04-19T23:52:12.823+0800][492.129s] GC(8) Old regions: 15->45
[2025-04-19T23:52:12.823+0800][492.129s] GC(8) Archive regions: 0->0
[2025-04-19T23:52:12.823+0800][492.129s] GC(8) Humongous regions: 4->4
[2025-04-19T23:52:12.823+0800][492.129s] GC(8) Metaspace: 58300K(59072K)->58300K(59072K) NonClass: 51259K(51648K)->51259K(51648K) Class: 7041K(7424K)->7041K(7424K)
[2025-04-19T23:52:12.823+0800][492.129s] GC(8) Pause Young (Normal) (G1 Evacuation Pause) 325M->52M(512M) 15.175ms
[2025-04-19T23:52:12.823+0800][492.129s] GC(8) User=0.11s Sys=0.02s Real=0.01s
