[2025-04-17T11:20:36.936+0800][0.014s] CardTable entry size: 512
[2025-04-17T11:20:36.937+0800][0.015s] Using G1
[2025-04-17T11:20:37.028+0800][0.107s] Version: 19.0.1+10-21 (release)
[2025-04-17T11:20:37.029+0800][0.107s] CPUs: 8 total, 8 available
[2025-04-17T11:20:37.029+0800][0.107s] Memory: 16103M
[2025-04-17T11:20:37.029+0800][0.107s] Large Page Support: Disabled
[2025-04-17T11:20:37.029+0800][0.107s] NUMA Support: Disabled
[2025-04-17T11:20:37.029+0800][0.107s] Compressed Oops: Enabled (32-bit)
[2025-04-17T11:20:37.029+0800][0.107s] Heap Region Size: 1M
[2025-04-17T11:20:37.029+0800][0.107s] Heap Min Capacity: 512M
[2025-04-17T11:20:37.029+0800][0.107s] Heap Initial Capacity: 512M
[2025-04-17T11:20:37.029+0800][0.107s] Heap Max Capacity: 512M
[2025-04-17T11:20:37.029+0800][0.107s] Pre-touch: Enabled
[2025-04-17T11:20:37.029+0800][0.107s] Parallel Workers: 8
[2025-04-17T11:20:37.029+0800][0.107s] Concurrent Workers: 2
[2025-04-17T11:20:37.029+0800][0.107s] Concurrent Refinement Workers: 8
[2025-04-17T11:20:37.029+0800][0.107s] Periodic GC: Disabled
[2025-04-17T11:20:37.029+0800][0.107s] CDS archive(s) mapped at: [0x0000000800000000-0x0000000800c40000-0x0000000800c40000), size 12845056, SharedBaseAddress: 0x0000000800000000, ArchiveRelocationMode: 0.
[2025-04-17T11:20:37.029+0800][0.107s] Compressed class space mapped at: 0x0000000801000000-0x0000000841000000, reserved size: 1073741824
[2025-04-17T11:20:37.029+0800][0.107s] Narrow klass base: 0x0000000800000000, Narrow klass shift: 0, Narrow klass range: 0x100000000
[2025-04-17T11:20:37.939+0800][1.017s] GC(0) Pause Young (Normal) (G1 Evacuation Pause)
[2025-04-17T11:20:37.939+0800][1.017s] GC(0) Using 8 workers of 8 for evacuation
[2025-04-17T11:20:37.943+0800][1.021s] GC(0)   Pre Evacuate Collection Set: 0.1ms
[2025-04-17T11:20:37.943+0800][1.021s] GC(0)   Merge Heap Roots: 0.0ms
[2025-04-17T11:20:37.943+0800][1.021s] GC(0)   Evacuate Collection Set: 2.6ms
[2025-04-17T11:20:37.943+0800][1.021s] GC(0)   Post Evacuate Collection Set: 0.6ms
[2025-04-17T11:20:37.943+0800][1.021s] GC(0)   Other: 0.3ms
[2025-04-17T11:20:37.943+0800][1.021s] GC(0) Eden regions: 29->0(43)
[2025-04-17T11:20:37.943+0800][1.021s] GC(0) Survivor regions: 0->4(4)
[2025-04-17T11:20:37.943+0800][1.021s] GC(0) Old regions: 0->0
[2025-04-17T11:20:37.943+0800][1.021s] GC(0) Archive regions: 0->0
[2025-04-17T11:20:37.943+0800][1.021s] GC(0) Humongous regions: 0->0
[2025-04-17T11:20:37.943+0800][1.021s] GC(0) Metaspace: 7725K(8000K)->7725K(8000K) NonClass: 6848K(6976K)->6848K(6976K) Class: 877K(1024K)->877K(1024K)
[2025-04-17T11:20:37.943+0800][1.021s] GC(0) Pause Young (Normal) (G1 Evacuation Pause) 29M->3M(512M) 4.042ms
[2025-04-17T11:20:37.943+0800][1.021s] GC(0) User=0.00s Sys=0.00s Real=0.00s
[2025-04-17T11:20:44.375+0800][7.453s] GC(1) Pause Young (Normal) (G1 Evacuation Pause)
[2025-04-17T11:20:44.375+0800][7.453s] GC(1) Using 8 workers of 8 for evacuation
[2025-04-17T11:20:44.391+0800][7.469s] GC(1)   Pre Evacuate Collection Set: 0.2ms
[2025-04-17T11:20:44.391+0800][7.469s] GC(1)   Merge Heap Roots: 0.1ms
[2025-04-17T11:20:44.391+0800][7.469s] GC(1)   Evacuate Collection Set: 13.6ms
[2025-04-17T11:20:44.391+0800][7.469s] GC(1)   Post Evacuate Collection Set: 1.5ms
[2025-04-17T11:20:44.391+0800][7.469s] GC(1)   Other: 0.1ms
[2025-04-17T11:20:44.391+0800][7.469s] GC(1) Eden regions: 43->0(70)
[2025-04-17T11:20:44.391+0800][7.469s] GC(1) Survivor regions: 4->6(6)
[2025-04-17T11:20:44.391+0800][7.469s] GC(1) Old regions: 0->9
[2025-04-17T11:20:44.391+0800][7.469s] GC(1) Archive regions: 0->0
[2025-04-17T11:20:44.391+0800][7.469s] GC(1) Humongous regions: 4->4
[2025-04-17T11:20:44.391+0800][7.469s] GC(1) Metaspace: 19160K(19520K)->19160K(19520K) NonClass: 17007K(17216K)->17007K(17216K) Class: 2153K(2304K)->2153K(2304K)
[2025-04-17T11:20:44.392+0800][7.469s] GC(1) Pause Young (Normal) (G1 Evacuation Pause) 50M->18M(512M) 16.058ms
[2025-04-17T11:20:44.392+0800][7.469s] GC(1) User=0.02s Sys=0.03s Real=0.02s
[2025-04-17T11:20:44.972+0800][8.050s] GC(2) Pause Young (Normal) (G1 Evacuation Pause)
[2025-04-17T11:20:44.973+0800][8.050s] GC(2) Using 8 workers of 8 for evacuation
[2025-04-17T11:20:44.978+0800][8.055s] GC(2)   Pre Evacuate Collection Set: 0.1ms
[2025-04-17T11:20:44.978+0800][8.055s] GC(2)   Merge Heap Roots: 0.1ms
[2025-04-17T11:20:44.978+0800][8.055s] GC(2)   Evacuate Collection Set: 3.9ms
[2025-04-17T11:20:44.978+0800][8.055s] GC(2)   Post Evacuate Collection Set: 0.5ms
[2025-04-17T11:20:44.978+0800][8.055s] GC(2)   Other: 0.1ms
[2025-04-17T11:20:44.978+0800][8.055s] GC(2) Eden regions: 70->0(210)
[2025-04-17T11:20:44.978+0800][8.055s] GC(2) Survivor regions: 6->5(10)
[2025-04-17T11:20:44.978+0800][8.055s] GC(2) Old regions: 9->15
[2025-04-17T11:20:44.978+0800][8.055s] GC(2) Archive regions: 0->0
[2025-04-17T11:20:44.978+0800][8.055s] GC(2) Humongous regions: 4->4
[2025-04-17T11:20:44.978+0800][8.055s] GC(2) Metaspace: 19621K(20096K)->19621K(20096K) NonClass: 17436K(17664K)->17436K(17664K) Class: 2185K(2432K)->2185K(2432K)
[2025-04-17T11:20:44.978+0800][8.055s] GC(2) Pause Young (Normal) (G1 Evacuation Pause) 88M->23M(512M) 5.046ms
[2025-04-17T11:20:44.978+0800][8.055s] GC(2) User=0.00s Sys=0.00s Real=0.01s
[2025-04-17T11:20:45.233+0800][8.311s] GC(3) Pause Young (Concurrent Start) (Metadata GC Threshold)
[2025-04-17T11:20:45.233+0800][8.311s] GC(3) Using 8 workers of 8 for evacuation
[2025-04-17T11:20:45.235+0800][8.313s] GC(3)   Pre Evacuate Collection Set: 0.2ms
[2025-04-17T11:20:45.235+0800][8.313s] GC(3)   Merge Heap Roots: 0.0ms
[2025-04-17T11:20:45.235+0800][8.313s] GC(3)   Evacuate Collection Set: 1.1ms
[2025-04-17T11:20:45.235+0800][8.313s] GC(3)   Post Evacuate Collection Set: 0.3ms
[2025-04-17T11:20:45.235+0800][8.313s] GC(3)   Other: 0.0ms
[2025-04-17T11:20:45.235+0800][8.313s] GC(3) Eden regions: 22->0(302)
[2025-04-17T11:20:45.235+0800][8.313s] GC(3) Survivor regions: 5->5(27)
[2025-04-17T11:20:45.235+0800][8.313s] GC(3) Old regions: 15->15
[2025-04-17T11:20:45.235+0800][8.313s] GC(3) Archive regions: 0->0
[2025-04-17T11:20:45.235+0800][8.313s] GC(3) Humongous regions: 4->4
[2025-04-17T11:20:45.235+0800][8.313s] GC(3) Metaspace: 21081K(21504K)->21081K(21504K) NonClass: 18731K(18944K)->18731K(18944K) Class: 2349K(2560K)->2349K(2560K)
[2025-04-17T11:20:45.235+0800][8.313s] GC(3) Pause Young (Concurrent Start) (Metadata GC Threshold) 45M->23M(512M) 1.927ms
[2025-04-17T11:20:45.235+0800][8.313s] GC(3) User=0.02s Sys=0.11s Real=0.00s
[2025-04-17T11:20:45.235+0800][8.313s] GC(4) Concurrent Mark Cycle
[2025-04-17T11:20:45.236+0800][8.313s] GC(4) Concurrent Clear Claimed Marks
[2025-04-17T11:20:45.236+0800][8.313s] GC(4) Concurrent Clear Claimed Marks 0.030ms
[2025-04-17T11:20:45.236+0800][8.313s] GC(4) Concurrent Scan Root Regions
[2025-04-17T11:20:45.236+0800][8.314s] GC(4) Concurrent Scan Root Regions 0.912ms
[2025-04-17T11:20:45.237+0800][8.314s] GC(4) Concurrent Mark
[2025-04-17T11:20:45.237+0800][8.314s] GC(4) Concurrent Mark From Roots
[2025-04-17T11:20:45.237+0800][8.314s] GC(4) Using 2 workers of 2 for marking
[2025-04-17T11:20:45.248+0800][8.325s] GC(4) Concurrent Mark From Roots 11.361ms
[2025-04-17T11:20:45.248+0800][8.325s] GC(4) Concurrent Preclean
[2025-04-17T11:20:45.248+0800][8.325s] GC(4) Concurrent Preclean 0.049ms
[2025-04-17T11:20:45.248+0800][8.326s] GC(4) Pause Remark
[2025-04-17T11:20:45.249+0800][8.327s] GC(4) Pause Remark 24M->24M(512M) 1.530ms
[2025-04-17T11:20:45.249+0800][8.327s] GC(4) User=0.00s Sys=0.00s Real=0.00s
[2025-04-17T11:20:45.250+0800][8.327s] GC(4) Concurrent Mark 13.274ms
[2025-04-17T11:20:45.250+0800][8.327s] GC(4) Concurrent Rebuild Remembered Sets
[2025-04-17T11:20:45.254+0800][8.332s] GC(4) Concurrent Rebuild Remembered Sets 4.800ms
[2025-04-17T11:20:45.254+0800][8.332s] GC(4) Pause Cleanup
[2025-04-17T11:20:45.255+0800][8.332s] GC(4) Pause Cleanup 25M->25M(512M) 0.077ms
[2025-04-17T11:20:45.255+0800][8.332s] GC(4) User=0.00s Sys=0.00s Real=0.00s
[2025-04-17T11:20:45.255+0800][8.332s] GC(4) Concurrent Cleanup for Next Mark
[2025-04-17T11:20:45.256+0800][8.333s] GC(4) Concurrent Cleanup for Next Mark 1.066ms
[2025-04-17T11:20:45.256+0800][8.333s] GC(4) Concurrent Mark Cycle 20.546ms
[2025-04-17T11:20:46.935+0800][10.013s] GC(5) Pause Young (Concurrent Start) (Metadata GC Threshold)
[2025-04-17T11:20:46.935+0800][10.013s] GC(5) Using 8 workers of 8 for evacuation
[2025-04-17T11:20:46.941+0800][10.019s] GC(5)   Pre Evacuate Collection Set: 0.1ms
[2025-04-17T11:20:46.941+0800][10.019s] GC(5)   Merge Heap Roots: 0.0ms
[2025-04-17T11:20:46.941+0800][10.019s] GC(5)   Evacuate Collection Set: 5.6ms
[2025-04-17T11:20:46.941+0800][10.019s] GC(5)   Post Evacuate Collection Set: 0.7ms
[2025-04-17T11:20:46.941+0800][10.019s] GC(5)   Other: 0.1ms
[2025-04-17T11:20:46.941+0800][10.019s] GC(5) Eden regions: 104->0(297)
[2025-04-17T11:20:46.941+0800][10.019s] GC(5) Survivor regions: 5->10(39)
[2025-04-17T11:20:46.941+0800][10.019s] GC(5) Old regions: 15->15
[2025-04-17T11:20:46.942+0800][10.019s] GC(5) Archive regions: 0->0
[2025-04-17T11:20:46.942+0800][10.019s] GC(5) Humongous regions: 4->4
[2025-04-17T11:20:46.942+0800][10.019s] GC(5) Metaspace: 35591K(36096K)->35591K(36096K) NonClass: 31523K(31744K)->31523K(31744K) Class: 4067K(4352K)->4067K(4352K)
[2025-04-17T11:20:46.942+0800][10.020s] GC(5) Pause Young (Concurrent Start) (Metadata GC Threshold) 126M->28M(512M) 6.776ms
[2025-04-17T11:20:46.942+0800][10.020s] GC(6) Concurrent Mark Cycle
[2025-04-17T11:20:46.942+0800][10.020s] GC(5) User=0.06s Sys=0.03s Real=0.01s
[2025-04-17T11:20:46.942+0800][10.020s] GC(6) Concurrent Clear Claimed Marks
[2025-04-17T11:20:46.942+0800][10.020s] GC(6) Concurrent Clear Claimed Marks 0.082ms
[2025-04-17T11:20:46.942+0800][10.020s] GC(6) Concurrent Scan Root Regions
[2025-04-17T11:20:46.946+0800][10.023s] GC(6) Concurrent Scan Root Regions 3.720ms
[2025-04-17T11:20:46.946+0800][10.024s] GC(6) Concurrent Mark
[2025-04-17T11:20:46.946+0800][10.024s] GC(6) Concurrent Mark From Roots
[2025-04-17T11:20:46.946+0800][10.024s] GC(6) Using 2 workers of 2 for marking
[2025-04-17T11:20:46.958+0800][10.036s] GC(6) Concurrent Mark From Roots 12.911ms
[2025-04-17T11:20:46.958+0800][10.036s] GC(6) Concurrent Preclean
[2025-04-17T11:20:46.959+0800][10.037s] GC(6) Concurrent Preclean 0.037ms
[2025-04-17T11:20:46.959+0800][10.037s] GC(6) Pause Remark
[2025-04-17T11:20:46.960+0800][10.038s] GC(6) Pause Remark 30M->30M(512M) 1.859ms
[2025-04-17T11:20:46.960+0800][10.039s] GC(6) User=0.00s Sys=0.00s Real=0.00s
[2025-04-17T11:20:46.960+0800][10.039s] GC(6) Concurrent Mark 15.067ms
[2025-04-17T11:20:46.960+0800][10.039s] GC(6) Concurrent Rebuild Remembered Sets
[2025-04-17T11:20:46.966+0800][10.044s] GC(6) Concurrent Rebuild Remembered Sets 5.544ms
[2025-04-17T11:20:46.967+0800][10.044s] GC(6) Pause Cleanup
[2025-04-17T11:20:46.967+0800][10.044s] GC(6) Pause Cleanup 30M->30M(512M) 0.085ms
[2025-04-17T11:20:46.967+0800][10.044s] GC(6) User=0.00s Sys=0.00s Real=0.00s
[2025-04-17T11:20:46.967+0800][10.044s] GC(6) Concurrent Cleanup for Next Mark
[2025-04-17T11:20:46.968+0800][10.045s] GC(6) Concurrent Cleanup for Next Mark 0.966ms
[2025-04-17T11:20:46.968+0800][10.045s] GC(6) Concurrent Mark Cycle 25.911ms
[2025-04-17T15:11:06.852+0800][13829.930s] GC(7) Pause Young (Normal) (G1 Evacuation Pause)
[2025-04-17T15:11:06.852+0800][13829.930s] GC(7) Using 8 workers of 8 for evacuation
[2025-04-17T15:11:06.903+0800][13829.981s] GC(7)   Pre Evacuate Collection Set: 0.8ms
[2025-04-17T15:11:06.903+0800][13829.981s] GC(7)   Merge Heap Roots: 0.2ms
[2025-04-17T15:11:06.903+0800][13829.981s] GC(7)   Evacuate Collection Set: 47.0ms
[2025-04-17T15:11:06.903+0800][13829.981s] GC(7)   Post Evacuate Collection Set: 2.6ms
[2025-04-17T15:11:06.903+0800][13829.981s] GC(7)   Other: 0.3ms
[2025-04-17T15:11:06.904+0800][13829.981s] GC(7) Eden regions: 297->0(276)
[2025-04-17T15:11:06.904+0800][13829.981s] GC(7) Survivor regions: 10->31(39)
[2025-04-17T15:11:06.904+0800][13829.981s] GC(7) Old regions: 15->15
[2025-04-17T15:11:06.904+0800][13829.981s] GC(7) Archive regions: 0->0
[2025-04-17T15:11:06.904+0800][13829.981s] GC(7) Humongous regions: 4->4
[2025-04-17T15:11:06.904+0800][13829.981s] GC(7) Metaspace: 58427K(59136K)->58427K(59136K) NonClass: 51347K(51712K)->51347K(51712K) Class: 7080K(7424K)->7080K(7424K)
[2025-04-17T15:11:06.904+0800][13829.981s] GC(7) Pause Young (Normal) (G1 Evacuation Pause) 325M->49M(512M) 51.385ms
[2025-04-17T15:11:06.904+0800][13829.981s] GC(7) User=0.17s Sys=0.12s Real=0.05s
[2025-04-17T15:12:07.231+0800][13890.308s] GC(8) Pause Young (Normal) (G1 Evacuation Pause)
[2025-04-17T15:12:07.231+0800][13890.309s] GC(8) Using 8 workers of 8 for evacuation
[2025-04-17T15:12:07.246+0800][13890.323s] GC(8)   Pre Evacuate Collection Set: 0.1ms
[2025-04-17T15:12:07.246+0800][13890.323s] GC(8)   Merge Heap Roots: 0.1ms
[2025-04-17T15:12:07.246+0800][13890.323s] GC(8)   Evacuate Collection Set: 13.1ms
[2025-04-17T15:12:07.246+0800][13890.323s] GC(8)   Post Evacuate Collection Set: 1.5ms
[2025-04-17T15:12:07.246+0800][13890.323s] GC(8)   Other: 0.1ms
[2025-04-17T15:12:07.246+0800][13890.323s] GC(8) Eden regions: 276->0(302)
[2025-04-17T15:12:07.246+0800][13890.323s] GC(8) Survivor regions: 31->5(39)
[2025-04-17T15:12:07.246+0800][13890.323s] GC(8) Old regions: 15->44
[2025-04-17T15:12:07.246+0800][13890.323s] GC(8) Archive regions: 0->0
[2025-04-17T15:12:07.246+0800][13890.323s] GC(8) Humongous regions: 4->4
[2025-04-17T15:12:07.246+0800][13890.323s] GC(8) Metaspace: 58475K(59200K)->58475K(59200K) NonClass: 51388K(51776K)->51388K(51776K) Class: 7086K(7424K)->7086K(7424K)
[2025-04-17T15:12:07.246+0800][13890.324s] GC(8) Pause Young (Normal) (G1 Evacuation Pause) 325M->52M(512M) 15.079ms
[2025-04-17T15:12:07.246+0800][13890.324s] GC(8) User=0.11s Sys=0.02s Real=0.02s
[2025-04-17T15:15:06.132+0800][14069.209s] GC(9) Pause Young (Normal) (G1 Evacuation Pause)
[2025-04-17T15:15:06.132+0800][14069.209s] GC(9) Using 8 workers of 8 for evacuation
[2025-04-17T15:15:06.134+0800][14069.211s] GC(9)   Pre Evacuate Collection Set: 0.2ms
[2025-04-17T15:15:06.134+0800][14069.211s] GC(9)   Merge Heap Roots: 0.1ms
[2025-04-17T15:15:06.134+0800][14069.211s] GC(9)   Evacuate Collection Set: 0.9ms
[2025-04-17T15:15:06.134+0800][14069.211s] GC(9)   Post Evacuate Collection Set: 0.6ms
[2025-04-17T15:15:06.134+0800][14069.211s] GC(9)   Other: 0.1ms
[2025-04-17T15:15:06.134+0800][14069.211s] GC(9) Eden regions: 302->0(304)
[2025-04-17T15:15:06.134+0800][14069.211s] GC(9) Survivor regions: 5->3(39)
[2025-04-17T15:15:06.134+0800][14069.211s] GC(9) Old regions: 44->44
[2025-04-17T15:15:06.134+0800][14069.211s] GC(9) Archive regions: 0->0
[2025-04-17T15:15:06.134+0800][14069.212s] GC(9) Humongous regions: 4->4
[2025-04-17T15:15:06.134+0800][14069.212s] GC(9) Metaspace: 58531K(59264K)->58531K(59264K) NonClass: 51444K(51840K)->51444K(51840K) Class: 7086K(7424K)->7086K(7424K)
[2025-04-17T15:15:06.134+0800][14069.212s] GC(9) Pause Young (Normal) (G1 Evacuation Pause) 354M->49M(512M) 2.197ms
[2025-04-17T15:15:06.134+0800][14069.212s] GC(9) User=0.00s Sys=0.00s Real=0.00s
[2025-04-17T16:50:34.374+0800][19797.452s] GC(10) Pause Young (Normal) (G1 Evacuation Pause)
[2025-04-17T16:50:34.374+0800][19797.452s] GC(10) Using 8 workers of 8 for evacuation
[2025-04-17T16:50:34.379+0800][19797.457s] GC(10)   Pre Evacuate Collection Set: 0.6ms
[2025-04-17T16:50:34.379+0800][19797.457s] GC(10)   Merge Heap Roots: 0.2ms
[2025-04-17T16:50:34.379+0800][19797.457s] GC(10)   Evacuate Collection Set: 3.1ms
[2025-04-17T16:50:34.379+0800][19797.457s] GC(10)   Post Evacuate Collection Set: 0.8ms
[2025-04-17T16:50:34.379+0800][19797.457s] GC(10)   Other: 0.2ms
[2025-04-17T16:50:34.379+0800][19797.457s] GC(10) Eden regions: 304->0(304)
[2025-04-17T16:50:34.379+0800][19797.457s] GC(10) Survivor regions: 3->3(39)
[2025-04-17T16:50:34.379+0800][19797.457s] GC(10) Old regions: 44->44
[2025-04-17T16:50:34.379+0800][19797.457s] GC(10) Archive regions: 0->0
[2025-04-17T16:50:34.379+0800][19797.457s] GC(10) Humongous regions: 4->4
[2025-04-17T16:50:34.379+0800][19797.457s] GC(10) Metaspace: 58946K(59712K)->58946K(59712K) NonClass: 51823K(52224K)->51823K(52224K) Class: 7123K(7488K)->7123K(7488K)
[2025-04-17T16:50:34.379+0800][19797.457s] GC(10) Pause Young (Normal) (G1 Evacuation Pause) 353M->49M(512M) 5.214ms
[2025-04-17T16:50:34.379+0800][19797.457s] GC(10) User=0.02s Sys=0.00s Real=0.00s
[2025-04-17T16:53:22.611+0800][19965.689s] GC(11) Pause Young (Normal) (G1 Evacuation Pause)
[2025-04-17T16:53:22.611+0800][19965.689s] GC(11) Using 8 workers of 8 for evacuation
[2025-04-17T16:53:22.614+0800][19965.692s] GC(11)   Pre Evacuate Collection Set: 0.2ms
[2025-04-17T16:53:22.614+0800][19965.692s] GC(11)   Merge Heap Roots: 0.3ms
[2025-04-17T16:53:22.614+0800][19965.692s] GC(11)   Evacuate Collection Set: 2.0ms
[2025-04-17T16:53:22.614+0800][19965.692s] GC(11)   Post Evacuate Collection Set: 0.7ms
[2025-04-17T16:53:22.614+0800][19965.692s] GC(11)   Other: 0.1ms
[2025-04-17T16:53:22.614+0800][19965.692s] GC(11) Eden regions: 304->0(303)
[2025-04-17T16:53:22.614+0800][19965.692s] GC(11) Survivor regions: 3->4(39)
[2025-04-17T16:53:22.614+0800][19965.692s] GC(11) Old regions: 44->44
[2025-04-17T16:53:22.614+0800][19965.692s] GC(11) Archive regions: 0->0
[2025-04-17T16:53:22.614+0800][19965.692s] GC(11) Humongous regions: 4->4
[2025-04-17T16:53:22.614+0800][19965.692s] GC(11) Metaspace: 59059K(59776K)->59059K(59776K) NonClass: 51936K(52288K)->51936K(52288K) Class: 7123K(7488K)->7123K(7488K)
[2025-04-17T16:53:22.614+0800][19965.692s] GC(11) Pause Young (Normal) (G1 Evacuation Pause) 353M->50M(512M) 3.470ms
[2025-04-17T16:53:22.614+0800][19965.692s] GC(11) User=0.00s Sys=0.00s Real=0.00s
[2025-04-17T16:53:51.642+0800][19994.719s] GC(12) Pause Young (Normal) (G1 Evacuation Pause)
[2025-04-17T16:53:51.642+0800][19994.719s] GC(12) Using 8 workers of 8 for evacuation
[2025-04-17T16:53:51.644+0800][19994.722s] GC(12)   Pre Evacuate Collection Set: 0.1ms
[2025-04-17T16:53:51.644+0800][19994.722s] GC(12)   Merge Heap Roots: 0.2ms
[2025-04-17T16:53:51.644+0800][19994.722s] GC(12)   Evacuate Collection Set: 1.5ms
[2025-04-17T16:53:51.644+0800][19994.722s] GC(12)   Post Evacuate Collection Set: 0.6ms
[2025-04-17T16:53:51.644+0800][19994.722s] GC(12)   Other: 0.1ms
[2025-04-17T16:53:51.644+0800][19994.722s] GC(12) Eden regions: 303->0(303)
[2025-04-17T16:53:51.644+0800][19994.722s] GC(12) Survivor regions: 4->4(39)
[2025-04-17T16:53:51.644+0800][19994.722s] GC(12) Old regions: 44->44
[2025-04-17T16:53:51.644+0800][19994.722s] GC(12) Archive regions: 0->0
[2025-04-17T16:53:51.644+0800][19994.722s] GC(12) Humongous regions: 4->4
[2025-04-17T16:53:51.644+0800][19994.722s] GC(12) Metaspace: 59188K(59968K)->59188K(59968K) NonClass: 52065K(52480K)->52065K(52480K) Class: 7123K(7488K)->7123K(7488K)
[2025-04-17T16:53:51.644+0800][19994.722s] GC(12) Pause Young (Normal) (G1 Evacuation Pause) 353M->50M(512M) 2.713ms
[2025-04-17T16:53:51.644+0800][19994.722s] GC(12) User=0.00s Sys=0.00s Real=0.00s
[2025-04-17T17:43:58.899+0800][23001.977s] GC(13) Pause Young (Normal) (G1 Evacuation Pause)
[2025-04-17T17:43:58.899+0800][23001.977s] GC(13) Using 8 workers of 8 for evacuation
[2025-04-17T17:43:58.907+0800][23001.984s] GC(13)   Pre Evacuate Collection Set: 0.7ms
[2025-04-17T17:43:58.907+0800][23001.984s] GC(13)   Merge Heap Roots: 0.2ms
[2025-04-17T17:43:58.907+0800][23001.984s] GC(13)   Evacuate Collection Set: 4.2ms
[2025-04-17T17:43:58.907+0800][23001.984s] GC(13)   Post Evacuate Collection Set: 1.1ms
[2025-04-17T17:43:58.907+0800][23001.984s] GC(13)   Other: 0.3ms
[2025-04-17T17:43:58.907+0800][23001.984s] GC(13) Eden regions: 303->0(303)
[2025-04-17T17:43:58.907+0800][23001.984s] GC(13) Survivor regions: 4->4(39)
[2025-04-17T17:43:58.907+0800][23001.984s] GC(13) Old regions: 44->44
[2025-04-17T17:43:58.907+0800][23001.984s] GC(13) Archive regions: 0->0
[2025-04-17T17:43:58.907+0800][23001.984s] GC(13) Humongous regions: 4->4
[2025-04-17T17:43:58.907+0800][23001.984s] GC(13) Metaspace: 59565K(60288K)->59565K(60288K) NonClass: 52440K(52800K)->52440K(52800K) Class: 7125K(7488K)->7125K(7488K)
[2025-04-17T17:43:58.907+0800][23001.984s] GC(13) Pause Young (Normal) (G1 Evacuation Pause) 353M->50M(512M) 7.148ms
[2025-04-17T17:43:58.907+0800][23001.984s] GC(13) User=0.06s Sys=0.03s Real=0.01s
[2025-04-17T19:24:20.649+0800][29023.727s] GC(14) Pause Young (Normal) (G1 Evacuation Pause)
[2025-04-17T19:24:20.650+0800][29023.728s] GC(14) Using 8 workers of 8 for evacuation
[2025-04-17T19:24:20.656+0800][29023.734s] GC(14)   Pre Evacuate Collection Set: 0.7ms
[2025-04-17T19:24:20.656+0800][29023.734s] GC(14)   Merge Heap Roots: 0.1ms
[2025-04-17T19:24:20.656+0800][29023.734s] GC(14)   Evacuate Collection Set: 4.0ms
[2025-04-17T19:24:20.656+0800][29023.734s] GC(14)   Post Evacuate Collection Set: 1.1ms
[2025-04-17T19:24:20.656+0800][29023.734s] GC(14)   Other: 0.4ms
[2025-04-17T19:24:20.656+0800][29023.734s] GC(14) Eden regions: 303->0(303)
[2025-04-17T19:24:20.656+0800][29023.734s] GC(14) Survivor regions: 4->4(39)
[2025-04-17T19:24:20.656+0800][29023.734s] GC(14) Old regions: 44->44
[2025-04-17T19:24:20.656+0800][29023.734s] GC(14) Archive regions: 0->0
[2025-04-17T19:24:20.656+0800][29023.734s] GC(14) Humongous regions: 4->4
[2025-04-17T19:24:20.656+0800][29023.734s] GC(14) Metaspace: 59743K(60480K)->59743K(60480K) NonClass: 52617K(52992K)->52617K(52992K) Class: 7125K(7488K)->7125K(7488K)
[2025-04-17T19:24:20.656+0800][29023.734s] GC(14) Pause Young (Normal) (G1 Evacuation Pause) 353M->51M(512M) 6.760ms
[2025-04-17T19:24:20.656+0800][29023.734s] GC(14) User=0.00s Sys=0.02s Real=0.01s
[2025-04-17T19:25:41.142+0800][29104.220s] GC(15) Pause Young (Normal) (G1 Evacuation Pause)
[2025-04-17T19:25:41.143+0800][29104.220s] GC(15) Using 8 workers of 8 for evacuation
[2025-04-17T19:25:41.146+0800][29104.224s] GC(15)   Pre Evacuate Collection Set: 0.2ms
[2025-04-17T19:25:41.146+0800][29104.224s] GC(15)   Merge Heap Roots: 0.1ms
[2025-04-17T19:25:41.146+0800][29104.224s] GC(15)   Evacuate Collection Set: 2.6ms
[2025-04-17T19:25:41.146+0800][29104.224s] GC(15)   Post Evacuate Collection Set: 0.8ms
[2025-04-17T19:25:41.146+0800][29104.224s] GC(15)   Other: 0.2ms
[2025-04-17T19:25:41.146+0800][29104.224s] GC(15) Eden regions: 303->0(303)
[2025-04-17T19:25:41.146+0800][29104.224s] GC(15) Survivor regions: 4->4(39)
[2025-04-17T19:25:41.146+0800][29104.224s] GC(15) Old regions: 44->44
[2025-04-17T19:25:41.146+0800][29104.224s] GC(15) Archive regions: 0->0
[2025-04-17T19:25:41.146+0800][29104.224s] GC(15) Humongous regions: 4->4
[2025-04-17T19:25:41.146+0800][29104.224s] GC(15) Metaspace: 59763K(60480K)->59763K(60480K) NonClass: 52637K(52992K)->52637K(52992K) Class: 7125K(7488K)->7125K(7488K)
[2025-04-17T19:25:41.146+0800][29104.224s] GC(15) Pause Young (Normal) (G1 Evacuation Pause) 354M->50M(512M) 4.381ms
[2025-04-17T19:25:41.146+0800][29104.224s] GC(15) User=0.00s Sys=0.00s Real=0.00s
[2025-04-17T20:21:27.499+0800][32450.385s] GC(16) Pause Young (Concurrent Start) (Metadata GC Threshold)
[2025-04-17T20:21:27.499+0800][32450.385s] GC(16) Using 8 workers of 8 for evacuation
[2025-04-17T20:21:27.510+0800][32450.396s] GC(16)   Pre Evacuate Collection Set: 0.8ms
[2025-04-17T20:21:27.510+0800][32450.396s] GC(16)   Merge Heap Roots: 0.2ms
[2025-04-17T20:21:27.510+0800][32450.396s] GC(16)   Evacuate Collection Set: 8.0ms
[2025-04-17T20:21:27.510+0800][32450.396s] GC(16)   Post Evacuate Collection Set: 1.3ms
[2025-04-17T20:21:27.510+0800][32450.396s] GC(16)   Other: 0.1ms
[2025-04-17T20:21:27.510+0800][32450.396s] GC(16) Eden regions: 225->0(303)
[2025-04-17T20:21:27.510+0800][32450.396s] GC(16) Survivor regions: 4->4(39)
[2025-04-17T20:21:27.510+0800][32450.396s] GC(16) Old regions: 44->44
[2025-04-17T20:21:27.510+0800][32450.396s] GC(16) Archive regions: 0->0
[2025-04-17T20:21:27.510+0800][32450.396s] GC(16) Humongous regions: 4->4
[2025-04-17T20:21:27.510+0800][32450.396s] GC(16) Metaspace: 59789K(60480K)->59789K(60480K) NonClass: 52664K(52992K)->52664K(52992K) Class: 7125K(7488K)->7125K(7488K)
[2025-04-17T20:21:27.510+0800][32450.396s] GC(16) Pause Young (Concurrent Start) (Metadata GC Threshold) 274M->50M(512M) 10.897ms
[2025-04-17T20:21:27.510+0800][32450.396s] GC(16) User=0.09s Sys=0.02s Real=0.01s
[2025-04-17T20:21:27.510+0800][32450.396s] GC(17) Concurrent Mark Cycle
[2025-04-17T20:21:27.510+0800][32450.396s] GC(17) Concurrent Clear Claimed Marks
[2025-04-17T20:21:27.510+0800][32450.396s] GC(17) Concurrent Clear Claimed Marks 0.120ms
[2025-04-17T20:21:27.510+0800][32450.396s] GC(17) Concurrent Scan Root Regions
[2025-04-17T20:21:27.525+0800][32450.412s] GC(17) Concurrent Scan Root Regions 15.486ms
[2025-04-17T20:21:27.525+0800][32450.412s] GC(17) Concurrent Mark
[2025-04-17T20:21:27.525+0800][32450.412s] GC(17) Concurrent Mark From Roots
[2025-04-17T20:21:27.525+0800][32450.412s] GC(17) Using 2 workers of 2 for marking
[2025-04-17T20:21:27.577+0800][32450.464s] GC(17) Concurrent Mark From Roots 51.556ms
[2025-04-17T20:21:27.577+0800][32450.464s] GC(17) Concurrent Preclean
[2025-04-17T20:21:27.578+0800][32450.465s] GC(17) Concurrent Preclean 0.839ms
[2025-04-17T20:21:27.579+0800][32450.465s] GC(17) Pause Remark
[2025-04-17T20:21:27.647+0800][32450.534s] GC(17) Pause Remark 51M->51M(512M) 68.872ms
[2025-04-17T20:21:27.647+0800][32450.534s] GC(17) User=0.03s Sys=0.17s Real=0.07s
[2025-04-17T20:21:27.648+0800][32450.534s] GC(17) Concurrent Mark 121.945ms
[2025-04-17T20:21:27.648+0800][32450.534s] GC(17) Concurrent Rebuild Remembered Sets
[2025-04-17T20:21:27.667+0800][32450.554s] GC(17) Concurrent Rebuild Remembered Sets 19.894ms
[2025-04-17T20:21:27.667+0800][32450.554s] GC(17) Pause Cleanup
[2025-04-17T20:21:27.667+0800][32450.554s] GC(17) Pause Cleanup 51M->51M(512M) 0.158ms
[2025-04-17T20:21:27.667+0800][32450.554s] GC(17) User=0.00s Sys=0.00s Real=0.00s
[2025-04-17T20:21:27.667+0800][32450.554s] GC(17) Concurrent Cleanup for Next Mark
[2025-04-17T20:21:27.669+0800][32450.555s] GC(17) Concurrent Cleanup for Next Mark 1.253ms
[2025-04-17T20:21:27.670+0800][32450.555s] GC(17) Concurrent Mark Cycle 159.379ms
[2025-04-17T20:26:03.189+0800][32726.045s] GC(18) Pause Young (Prepare Mixed) (G1 Evacuation Pause)
[2025-04-17T20:26:03.190+0800][32726.045s] GC(18) Using 8 workers of 8 for evacuation
[2025-04-17T20:26:03.194+0800][32726.050s] GC(18)   Pre Evacuate Collection Set: 0.3ms
[2025-04-17T20:26:03.194+0800][32726.050s] GC(18)   Merge Heap Roots: 0.1ms
[2025-04-17T20:26:03.194+0800][32726.050s] GC(18)   Evacuate Collection Set: 3.2ms
[2025-04-17T20:26:03.194+0800][32726.050s] GC(18)   Post Evacuate Collection Set: 0.8ms
[2025-04-17T20:26:03.194+0800][32726.050s] GC(18)   Other: 0.2ms
[2025-04-17T20:26:03.194+0800][32726.050s] GC(18) Eden regions: 303->0(21)
[2025-04-17T20:26:03.194+0800][32726.050s] GC(18) Survivor regions: 4->4(39)
[2025-04-17T20:26:03.194+0800][32726.050s] GC(18) Old regions: 44->44
[2025-04-17T20:26:03.194+0800][32726.050s] GC(18) Archive regions: 0->0
[2025-04-17T20:26:03.194+0800][32726.050s] GC(18) Humongous regions: 4->4
[2025-04-17T20:26:03.194+0800][32726.050s] GC(18) Metaspace: 59645K(60608K)->59645K(60608K) NonClass: 52625K(53120K)->52625K(53120K) Class: 7019K(7488K)->7019K(7488K)
[2025-04-17T20:26:03.194+0800][32726.050s] GC(18) Pause Young (Prepare Mixed) (G1 Evacuation Pause) 353M->50M(512M) 4.882ms
[2025-04-17T20:26:03.194+0800][32726.050s] GC(18) User=0.00s Sys=0.12s Real=0.01s
[2025-04-17T20:26:03.211+0800][32726.067s] GC(19) Pause Young (Mixed) (G1 Evacuation Pause)
[2025-04-17T20:26:03.211+0800][32726.067s] GC(19) Using 8 workers of 8 for evacuation
[2025-04-17T20:26:03.215+0800][32726.071s] GC(19)   Pre Evacuate Collection Set: 0.1ms
[2025-04-17T20:26:03.215+0800][32726.071s] GC(19)   Merge Heap Roots: 0.1ms
[2025-04-17T20:26:03.215+0800][32726.071s] GC(19)   Evacuate Collection Set: 3.8ms
[2025-04-17T20:26:03.215+0800][32726.071s] GC(19)   Post Evacuate Collection Set: 0.6ms
[2025-04-17T20:26:03.215+0800][32726.072s] GC(19)   Other: 0.1ms
[2025-04-17T20:26:03.215+0800][32726.072s] GC(19) Eden regions: 21->0(304)
[2025-04-17T20:26:03.215+0800][32726.072s] GC(19) Survivor regions: 4->3(4)
[2025-04-17T20:26:03.215+0800][32726.072s] GC(19) Old regions: 44->44
[2025-04-17T20:26:03.215+0800][32726.072s] GC(19) Archive regions: 0->0
[2025-04-17T20:26:03.215+0800][32726.072s] GC(19) Humongous regions: 4->4
[2025-04-17T20:26:03.215+0800][32726.072s] GC(19) Metaspace: 59645K(60608K)->59645K(60608K) NonClass: 52625K(53120K)->52625K(53120K) Class: 7019K(7488K)->7019K(7488K)
[2025-04-17T20:26:03.215+0800][32726.072s] GC(19) Pause Young (Mixed) (G1 Evacuation Pause) 71M->49M(512M) 5.034ms
[2025-04-17T20:26:03.216+0800][32726.072s] GC(19) User=0.00s Sys=0.00s Real=0.01s
[2025-04-17T20:26:05.822+0800][32728.677s] GC(20) Pause Young (Normal) (G1 Evacuation Pause)
[2025-04-17T20:26:05.822+0800][32728.677s] GC(20) Using 8 workers of 8 for evacuation
[2025-04-17T20:26:05.823+0800][32728.679s] GC(20)   Pre Evacuate Collection Set: 0.1ms
[2025-04-17T20:26:05.823+0800][32728.679s] GC(20)   Merge Heap Roots: 0.2ms
[2025-04-17T20:26:05.823+0800][32728.679s] GC(20)   Evacuate Collection Set: 0.8ms
[2025-04-17T20:26:05.823+0800][32728.679s] GC(20)   Post Evacuate Collection Set: 0.8ms
[2025-04-17T20:26:05.823+0800][32728.679s] GC(20)   Other: 0.1ms
[2025-04-17T20:26:05.823+0800][32728.679s] GC(20) Eden regions: 304->0(304)
[2025-04-17T20:26:05.823+0800][32728.679s] GC(20) Survivor regions: 3->3(39)
[2025-04-17T20:26:05.823+0800][32728.679s] GC(20) Old regions: 44->44
[2025-04-17T20:26:05.823+0800][32728.679s] GC(20) Archive regions: 0->0
[2025-04-17T20:26:05.823+0800][32728.679s] GC(20) Humongous regions: 4->4
[2025-04-17T20:26:05.823+0800][32728.679s] GC(20) Metaspace: 59657K(60608K)->59657K(60608K) NonClass: 52637K(53120K)->52637K(53120K) Class: 7019K(7488K)->7019K(7488K)
[2025-04-17T20:26:05.824+0800][32728.679s] GC(20) Pause Young (Normal) (G1 Evacuation Pause) 353M->50M(512M) 2.286ms
[2025-04-17T20:26:05.824+0800][32728.679s] GC(20) User=0.00s Sys=0.00s Real=0.00s
[2025-04-17T20:26:06.863+0800][32729.718s] GC(21) Pause Young (Normal) (G1 Evacuation Pause)
[2025-04-17T20:26:06.863+0800][32729.718s] GC(21) Using 8 workers of 8 for evacuation
[2025-04-17T20:26:06.865+0800][32729.720s] GC(21)   Pre Evacuate Collection Set: 0.1ms
[2025-04-17T20:26:06.865+0800][32729.721s] GC(21)   Merge Heap Roots: 0.2ms
[2025-04-17T20:26:06.865+0800][32729.721s] GC(21)   Evacuate Collection Set: 1.0ms
[2025-04-17T20:26:06.865+0800][32729.721s] GC(21)   Post Evacuate Collection Set: 0.6ms
[2025-04-17T20:26:06.865+0800][32729.721s] GC(21)   Other: 0.1ms
[2025-04-17T20:26:06.865+0800][32729.721s] GC(21) Eden regions: 304->0(304)
[2025-04-17T20:26:06.865+0800][32729.721s] GC(21) Survivor regions: 3->3(39)
[2025-04-17T20:26:06.865+0800][32729.721s] GC(21) Old regions: 44->44
[2025-04-17T20:26:06.865+0800][32729.721s] GC(21) Archive regions: 0->0
[2025-04-17T20:26:06.865+0800][32729.721s] GC(21) Humongous regions: 4->4
[2025-04-17T20:26:06.865+0800][32729.721s] GC(21) Metaspace: 59658K(60608K)->59658K(60608K) NonClass: 52638K(53120K)->52638K(53120K) Class: 7019K(7488K)->7019K(7488K)
[2025-04-17T20:26:06.865+0800][32729.721s] GC(21) Pause Young (Normal) (G1 Evacuation Pause) 354M->50M(512M) 2.202ms
[2025-04-17T20:26:06.865+0800][32729.721s] GC(21) User=0.00s Sys=0.00s Real=0.00s
[2025-04-17T20:26:07.890+0800][32730.745s] GC(22) Pause Young (Normal) (G1 Evacuation Pause)
[2025-04-17T20:26:07.890+0800][32730.745s] GC(22) Using 8 workers of 8 for evacuation
[2025-04-17T20:26:07.892+0800][32730.747s] GC(22)   Pre Evacuate Collection Set: 0.1ms
[2025-04-17T20:26:07.892+0800][32730.747s] GC(22)   Merge Heap Roots: 0.1ms
[2025-04-17T20:26:07.892+0800][32730.747s] GC(22)   Evacuate Collection Set: 1.4ms
[2025-04-17T20:26:07.892+0800][32730.747s] GC(22)   Post Evacuate Collection Set: 0.6ms
[2025-04-17T20:26:07.892+0800][32730.748s] GC(22)   Other: 0.2ms
[2025-04-17T20:26:07.892+0800][32730.748s] GC(22) Eden regions: 304->0(304)
[2025-04-17T20:26:07.892+0800][32730.748s] GC(22) Survivor regions: 3->3(39)
[2025-04-17T20:26:07.892+0800][32730.748s] GC(22) Old regions: 44->44
[2025-04-17T20:26:07.892+0800][32730.748s] GC(22) Archive regions: 0->0
[2025-04-17T20:26:07.892+0800][32730.748s] GC(22) Humongous regions: 4->4
[2025-04-17T20:26:07.892+0800][32730.748s] GC(22) Metaspace: 59660K(60608K)->59660K(60608K) NonClass: 52640K(53120K)->52640K(53120K) Class: 7019K(7488K)->7019K(7488K)
[2025-04-17T20:26:07.893+0800][32730.748s] GC(22) Pause Young (Normal) (G1 Evacuation Pause) 354M->50M(512M) 2.885ms
[2025-04-17T20:26:07.893+0800][32730.748s] GC(22) User=0.00s Sys=0.00s Real=0.00s
[2025-04-17T20:26:08.769+0800][32731.624s] GC(23) Pause Young (Normal) (G1 Evacuation Pause)
[2025-04-17T20:26:08.769+0800][32731.624s] GC(23) Using 8 workers of 8 for evacuation
[2025-04-17T20:26:08.771+0800][32731.626s] GC(23)   Pre Evacuate Collection Set: 0.2ms
[2025-04-17T20:26:08.771+0800][32731.626s] GC(23)   Merge Heap Roots: 0.1ms
[2025-04-17T20:26:08.771+0800][32731.626s] GC(23)   Evacuate Collection Set: 1.0ms
[2025-04-17T20:26:08.771+0800][32731.626s] GC(23)   Post Evacuate Collection Set: 0.6ms
[2025-04-17T20:26:08.771+0800][32731.626s] GC(23)   Other: 0.1ms
[2025-04-17T20:26:08.771+0800][32731.626s] GC(23) Eden regions: 304->0(304)
[2025-04-17T20:26:08.771+0800][32731.626s] GC(23) Survivor regions: 3->3(39)
[2025-04-17T20:26:08.771+0800][32731.626s] GC(23) Old regions: 44->44
[2025-04-17T20:26:08.771+0800][32731.626s] GC(23) Archive regions: 0->0
[2025-04-17T20:26:08.771+0800][32731.626s] GC(23) Humongous regions: 4->4
[2025-04-17T20:26:08.771+0800][32731.626s] GC(23) Metaspace: 59660K(60608K)->59660K(60608K) NonClass: 52640K(53120K)->52640K(53120K) Class: 7019K(7488K)->7019K(7488K)
[2025-04-17T20:26:08.771+0800][32731.626s] GC(23) Pause Young (Normal) (G1 Evacuation Pause) 354M->50M(512M) 2.219ms
[2025-04-17T20:26:08.771+0800][32731.626s] GC(23) User=0.05s Sys=0.00s Real=0.00s
[2025-04-17T20:26:09.691+0800][32732.545s] GC(24) Pause Young (Normal) (G1 Evacuation Pause)
[2025-04-17T20:26:09.691+0800][32732.546s] GC(24) Using 8 workers of 8 for evacuation
[2025-04-17T20:26:09.693+0800][32732.548s] GC(24)   Pre Evacuate Collection Set: 0.3ms
[2025-04-17T20:26:09.693+0800][32732.548s] GC(24)   Merge Heap Roots: 0.1ms
[2025-04-17T20:26:09.693+0800][32732.548s] GC(24)   Evacuate Collection Set: 1.1ms
[2025-04-17T20:26:09.693+0800][32732.548s] GC(24)   Post Evacuate Collection Set: 0.6ms
[2025-04-17T20:26:09.693+0800][32732.548s] GC(24)   Other: 0.2ms
[2025-04-17T20:26:09.693+0800][32732.548s] GC(24) Eden regions: 304->0(304)
[2025-04-17T20:26:09.693+0800][32732.548s] GC(24) Survivor regions: 3->3(39)
[2025-04-17T20:26:09.693+0800][32732.548s] GC(24) Old regions: 44->44
[2025-04-17T20:26:09.693+0800][32732.548s] GC(24) Archive regions: 0->0
[2025-04-17T20:26:09.693+0800][32732.548s] GC(24) Humongous regions: 4->4
[2025-04-17T20:26:09.693+0800][32732.548s] GC(24) Metaspace: 59663K(60608K)->59663K(60608K) NonClass: 52643K(53120K)->52643K(53120K) Class: 7019K(7488K)->7019K(7488K)
[2025-04-17T20:26:09.693+0800][32732.548s] GC(24) Pause Young (Normal) (G1 Evacuation Pause) 354M->50M(512M) 2.708ms
[2025-04-17T20:26:09.693+0800][32732.548s] GC(24) User=0.00s Sys=0.09s Real=0.00s
[2025-04-17T20:26:10.692+0800][32733.547s] GC(25) Pause Young (Normal) (G1 Evacuation Pause)
[2025-04-17T20:26:10.692+0800][32733.547s] GC(25) Using 8 workers of 8 for evacuation
[2025-04-17T20:26:10.695+0800][32733.549s] GC(25)   Pre Evacuate Collection Set: 0.1ms
[2025-04-17T20:26:10.695+0800][32733.549s] GC(25)   Merge Heap Roots: 0.1ms
[2025-04-17T20:26:10.695+0800][32733.549s] GC(25)   Evacuate Collection Set: 1.1ms
[2025-04-17T20:26:10.695+0800][32733.549s] GC(25)   Post Evacuate Collection Set: 0.7ms
[2025-04-17T20:26:10.695+0800][32733.549s] GC(25)   Other: 0.1ms
[2025-04-17T20:26:10.695+0800][32733.549s] GC(25) Eden regions: 304->0(304)
[2025-04-17T20:26:10.695+0800][32733.549s] GC(25) Survivor regions: 3->3(39)
[2025-04-17T20:26:10.695+0800][32733.549s] GC(25) Old regions: 44->44
[2025-04-17T20:26:10.695+0800][32733.549s] GC(25) Archive regions: 0->0
[2025-04-17T20:26:10.695+0800][32733.549s] GC(25) Humongous regions: 4->4
[2025-04-17T20:26:10.695+0800][32733.549s] GC(25) Metaspace: 59664K(60608K)->59664K(60608K) NonClass: 52645K(53120K)->52645K(53120K) Class: 7019K(7488K)->7019K(7488K)
[2025-04-17T20:26:10.695+0800][32733.549s] GC(25) Pause Young (Normal) (G1 Evacuation Pause) 354M->50M(512M) 2.214ms
[2025-04-17T20:26:10.695+0800][32733.549s] GC(25) User=0.00s Sys=0.00s Real=0.00s
[2025-04-17T20:26:11.565+0800][32734.420s] GC(26) Pause Young (Normal) (G1 Evacuation Pause)
[2025-04-17T20:26:11.565+0800][32734.420s] GC(26) Using 8 workers of 8 for evacuation
[2025-04-17T20:26:11.567+0800][32734.422s] GC(26)   Pre Evacuate Collection Set: 0.1ms
[2025-04-17T20:26:11.567+0800][32734.422s] GC(26)   Merge Heap Roots: 0.1ms
[2025-04-17T20:26:11.567+0800][32734.422s] GC(26)   Evacuate Collection Set: 1.2ms
[2025-04-17T20:26:11.567+0800][32734.422s] GC(26)   Post Evacuate Collection Set: 0.5ms
[2025-04-17T20:26:11.567+0800][32734.422s] GC(26)   Other: 0.1ms
[2025-04-17T20:26:11.567+0800][32734.422s] GC(26) Eden regions: 304->0(304)
[2025-04-17T20:26:11.567+0800][32734.422s] GC(26) Survivor regions: 3->3(39)
[2025-04-17T20:26:11.567+0800][32734.422s] GC(26) Old regions: 44->44
[2025-04-17T20:26:11.567+0800][32734.422s] GC(26) Archive regions: 0->0
[2025-04-17T20:26:11.568+0800][32734.423s] GC(26) Humongous regions: 4->4
[2025-04-17T20:26:11.568+0800][32734.423s] GC(26) Metaspace: 59667K(60608K)->59667K(60608K) NonClass: 52647K(53120K)->52647K(53120K) Class: 7019K(7488K)->7019K(7488K)
[2025-04-17T20:26:11.568+0800][32734.423s] GC(26) Pause Young (Normal) (G1 Evacuation Pause) 354M->50M(512M) 2.349ms
[2025-04-17T20:26:11.568+0800][32734.423s] GC(26) User=0.02s Sys=0.08s Real=0.00s
[2025-04-17T20:26:12.450+0800][32735.305s] GC(27) Pause Young (Normal) (G1 Evacuation Pause)
[2025-04-17T20:26:12.450+0800][32735.305s] GC(27) Using 8 workers of 8 for evacuation
[2025-04-17T20:26:12.452+0800][32735.307s] GC(27)   Pre Evacuate Collection Set: 0.1ms
[2025-04-17T20:26:12.452+0800][32735.307s] GC(27)   Merge Heap Roots: 0.1ms
[2025-04-17T20:26:12.452+0800][32735.307s] GC(27)   Evacuate Collection Set: 1.1ms
[2025-04-17T20:26:12.452+0800][32735.307s] GC(27)   Post Evacuate Collection Set: 0.6ms
[2025-04-17T20:26:12.452+0800][32735.307s] GC(27)   Other: 0.2ms
[2025-04-17T20:26:12.452+0800][32735.307s] GC(27) Eden regions: 304->0(304)
[2025-04-17T20:26:12.452+0800][32735.307s] GC(27) Survivor regions: 3->3(39)
[2025-04-17T20:26:12.452+0800][32735.307s] GC(27) Old regions: 44->44
[2025-04-17T20:26:12.452+0800][32735.307s] GC(27) Archive regions: 0->0
[2025-04-17T20:26:12.452+0800][32735.307s] GC(27) Humongous regions: 4->4
[2025-04-17T20:26:12.452+0800][32735.307s] GC(27) Metaspace: 59671K(60608K)->59671K(60608K) NonClass: 52651K(53120K)->52651K(53120K) Class: 7019K(7488K)->7019K(7488K)
[2025-04-17T20:26:12.452+0800][32735.307s] GC(27) Pause Young (Normal) (G1 Evacuation Pause) 354M->50M(512M) 2.526ms
[2025-04-17T20:26:12.452+0800][32735.307s] GC(27) User=0.00s Sys=0.00s Real=0.00s
[2025-04-17T20:26:13.523+0800][32736.378s] GC(28) Pause Young (Normal) (G1 Evacuation Pause)
[2025-04-17T20:26:13.523+0800][32736.378s] GC(28) Using 8 workers of 8 for evacuation
[2025-04-17T20:26:13.526+0800][32736.380s] GC(28)   Pre Evacuate Collection Set: 0.4ms
[2025-04-17T20:26:13.526+0800][32736.381s] GC(28)   Merge Heap Roots: 0.4ms
[2025-04-17T20:26:13.526+0800][32736.381s] GC(28)   Evacuate Collection Set: 1.2ms
[2025-04-17T20:26:13.526+0800][32736.381s] GC(28)   Post Evacuate Collection Set: 0.6ms
[2025-04-17T20:26:13.526+0800][32736.381s] GC(28)   Other: 0.1ms
[2025-04-17T20:26:13.526+0800][32736.381s] GC(28) Eden regions: 304->0(304)
[2025-04-17T20:26:13.526+0800][32736.381s] GC(28) Survivor regions: 3->3(39)
[2025-04-17T20:26:13.527+0800][32736.381s] GC(28) Old regions: 44->44
[2025-04-17T20:26:13.527+0800][32736.381s] GC(28) Archive regions: 0->0
[2025-04-17T20:26:13.527+0800][32736.381s] GC(28) Humongous regions: 4->4
[2025-04-17T20:26:13.527+0800][32736.381s] GC(28) Metaspace: 59671K(60608K)->59671K(60608K) NonClass: 52651K(53120K)->52651K(53120K) Class: 7019K(7488K)->7019K(7488K)
[2025-04-17T20:26:13.527+0800][32736.381s] GC(28) Pause Young (Normal) (G1 Evacuation Pause) 354M->50M(512M) 3.006ms
[2025-04-17T20:26:13.527+0800][32736.381s] GC(28) User=0.00s Sys=0.00s Real=0.00s
[2025-04-17T20:26:14.415+0800][32737.270s] GC(29) Pause Young (Normal) (G1 Evacuation Pause)
[2025-04-17T20:26:14.415+0800][32737.270s] GC(29) Using 8 workers of 8 for evacuation
[2025-04-17T20:26:14.417+0800][32737.272s] GC(29)   Pre Evacuate Collection Set: 0.1ms
[2025-04-17T20:26:14.417+0800][32737.272s] GC(29)   Merge Heap Roots: 0.1ms
[2025-04-17T20:26:14.417+0800][32737.272s] GC(29)   Evacuate Collection Set: 1.1ms
[2025-04-17T20:26:14.417+0800][32737.272s] GC(29)   Post Evacuate Collection Set: 0.6ms
[2025-04-17T20:26:14.417+0800][32737.272s] GC(29)   Other: 0.1ms
[2025-04-17T20:26:14.417+0800][32737.272s] GC(29) Eden regions: 304->0(304)
[2025-04-17T20:26:14.417+0800][32737.272s] GC(29) Survivor regions: 3->3(39)
[2025-04-17T20:26:14.417+0800][32737.272s] GC(29) Old regions: 44->44
[2025-04-17T20:26:14.417+0800][32737.272s] GC(29) Archive regions: 0->0
[2025-04-17T20:26:14.417+0800][32737.272s] GC(29) Humongous regions: 4->4
[2025-04-17T20:26:14.417+0800][32737.272s] GC(29) Metaspace: 59674K(60608K)->59674K(60608K) NonClass: 52654K(53120K)->52654K(53120K) Class: 7019K(7488K)->7019K(7488K)
[2025-04-17T20:26:14.417+0800][32737.272s] GC(29) Pause Young (Normal) (G1 Evacuation Pause) 354M->50M(512M) 2.096ms
[2025-04-17T20:26:14.417+0800][32737.272s] GC(29) User=0.00s Sys=0.00s Real=0.00s
[2025-04-17T20:28:40.026+0800][32882.865s] GC(30) Pause Young (Normal) (G1 Evacuation Pause)
[2025-04-17T20:28:40.027+0800][32882.865s] GC(30) Using 8 workers of 8 for evacuation
[2025-04-17T20:28:40.029+0800][32882.867s] GC(30)   Pre Evacuate Collection Set: 0.2ms
[2025-04-17T20:28:40.029+0800][32882.867s] GC(30)   Merge Heap Roots: 0.2ms
[2025-04-17T20:28:40.029+0800][32882.867s] GC(30)   Evacuate Collection Set: 1.1ms
[2025-04-17T20:28:40.029+0800][32882.867s] GC(30)   Post Evacuate Collection Set: 0.5ms
[2025-04-17T20:28:40.029+0800][32882.867s] GC(30)   Other: 0.1ms
[2025-04-17T20:28:40.029+0800][32882.867s] GC(30) Eden regions: 304->0(304)
[2025-04-17T20:28:40.029+0800][32882.867s] GC(30) Survivor regions: 3->3(39)
[2025-04-17T20:28:40.029+0800][32882.867s] GC(30) Old regions: 44->44
[2025-04-17T20:28:40.029+0800][32882.867s] GC(30) Archive regions: 0->0
[2025-04-17T20:28:40.029+0800][32882.867s] GC(30) Humongous regions: 4->4
[2025-04-17T20:28:40.029+0800][32882.867s] GC(30) Metaspace: 59680K(60608K)->59680K(60608K) NonClass: 52660K(53120K)->52660K(53120K) Class: 7019K(7488K)->7019K(7488K)
[2025-04-17T20:28:40.029+0800][32882.867s] GC(30) Pause Young (Normal) (G1 Evacuation Pause) 354M->50M(512M) 2.210ms
[2025-04-17T20:28:40.029+0800][32882.867s] GC(30) User=0.00s Sys=0.00s Real=0.00s
[2025-04-17T20:28:41.754+0800][32884.592s] GC(31) Pause Young (Normal) (G1 Evacuation Pause)
[2025-04-17T20:28:41.754+0800][32884.592s] GC(31) Using 8 workers of 8 for evacuation
[2025-04-17T20:28:41.756+0800][32884.594s] GC(31)   Pre Evacuate Collection Set: 0.1ms
[2025-04-17T20:28:41.756+0800][32884.594s] GC(31)   Merge Heap Roots: 0.2ms
[2025-04-17T20:28:41.756+0800][32884.594s] GC(31)   Evacuate Collection Set: 0.9ms
[2025-04-17T20:28:41.756+0800][32884.594s] GC(31)   Post Evacuate Collection Set: 0.5ms
[2025-04-17T20:28:41.756+0800][32884.594s] GC(31)   Other: 0.1ms
[2025-04-17T20:28:41.756+0800][32884.594s] GC(31) Eden regions: 304->0(304)
[2025-04-17T20:28:41.756+0800][32884.594s] GC(31) Survivor regions: 3->3(39)
[2025-04-17T20:28:41.756+0800][32884.594s] GC(31) Old regions: 44->44
[2025-04-17T20:28:41.756+0800][32884.594s] GC(31) Archive regions: 0->0
[2025-04-17T20:28:41.756+0800][32884.594s] GC(31) Humongous regions: 4->4
[2025-04-17T20:28:41.756+0800][32884.594s] GC(31) Metaspace: 59684K(60608K)->59684K(60608K) NonClass: 52664K(53120K)->52664K(53120K) Class: 7019K(7488K)->7019K(7488K)
[2025-04-17T20:28:41.756+0800][32884.594s] GC(31) Pause Young (Normal) (G1 Evacuation Pause) 354M->50M(512M) 2.015ms
[2025-04-17T20:28:41.756+0800][32884.594s] GC(31) User=0.12s Sys=0.00s Real=0.00s
[2025-04-17T21:41:18.594+0800][37241.189s] GC(32) Pause Young (Normal) (G1 Evacuation Pause)
[2025-04-17T21:41:18.594+0800][37241.190s] GC(32) Using 8 workers of 8 for evacuation
[2025-04-17T21:41:18.600+0800][37241.196s] GC(32)   Pre Evacuate Collection Set: 0.7ms
[2025-04-17T21:41:18.600+0800][37241.196s] GC(32)   Merge Heap Roots: 0.3ms
[2025-04-17T21:41:18.600+0800][37241.196s] GC(32)   Evacuate Collection Set: 3.9ms
[2025-04-17T21:41:18.600+0800][37241.196s] GC(32)   Post Evacuate Collection Set: 1.5ms
[2025-04-17T21:41:18.600+0800][37241.196s] GC(32)   Other: 0.2ms
[2025-04-17T21:41:18.600+0800][37241.196s] GC(32) Eden regions: 304->0(303)
[2025-04-17T21:41:18.601+0800][37241.196s] GC(32) Survivor regions: 3->4(39)
[2025-04-17T21:41:18.601+0800][37241.196s] GC(32) Old regions: 44->44
[2025-04-17T21:41:18.601+0800][37241.196s] GC(32) Archive regions: 0->0
[2025-04-17T21:41:18.601+0800][37241.196s] GC(32) Humongous regions: 4->4
[2025-04-17T21:41:18.601+0800][37241.196s] GC(32) Metaspace: 60400K(61056K)->60400K(61056K) NonClass: 53313K(53568K)->53313K(53568K) Class: 7087K(7488K)->7087K(7488K)
[2025-04-17T21:41:18.601+0800][37241.196s] GC(32) Pause Young (Normal) (G1 Evacuation Pause) 354M->51M(512M) 7.054ms
[2025-04-17T21:41:18.601+0800][37241.196s] GC(32) User=0.00s Sys=0.00s Real=0.01s
[2025-04-17T21:41:19.244+0800][37241.841s] GC(33) Pause Young (Normal) (G1 Evacuation Pause)
[2025-04-17T21:41:19.245+0800][37241.841s] GC(33) Using 8 workers of 8 for evacuation
[2025-04-17T21:41:19.248+0800][37241.844s] GC(33)   Pre Evacuate Collection Set: 0.2ms
[2025-04-17T21:41:19.248+0800][37241.844s] GC(33)   Merge Heap Roots: 0.1ms
[2025-04-17T21:41:19.248+0800][37241.844s] GC(33)   Evacuate Collection Set: 2.1ms
[2025-04-17T21:41:19.248+0800][37241.844s] GC(33)   Post Evacuate Collection Set: 0.7ms
[2025-04-17T21:41:19.248+0800][37241.844s] GC(33)   Other: 0.1ms
[2025-04-17T21:41:19.248+0800][37241.844s] GC(33) Eden regions: 303->0(302)
[2025-04-17T21:41:19.248+0800][37241.844s] GC(33) Survivor regions: 4->5(39)
[2025-04-17T21:41:19.248+0800][37241.844s] GC(33) Old regions: 44->44
[2025-04-17T21:41:19.248+0800][37241.844s] GC(33) Archive regions: 0->0
[2025-04-17T21:41:19.248+0800][37241.844s] GC(33) Humongous regions: 4->4
[2025-04-17T21:41:19.248+0800][37241.844s] GC(33) Metaspace: 60401K(61056K)->60401K(61056K) NonClass: 53314K(53568K)->53314K(53568K) Class: 7087K(7488K)->7087K(7488K)
[2025-04-17T21:41:19.248+0800][37241.844s] GC(33) Pause Young (Normal) (G1 Evacuation Pause) 354M->51M(512M) 3.515ms
[2025-04-17T21:41:19.248+0800][37241.845s] GC(33) User=0.09s Sys=0.03s Real=0.00s
[2025-04-18T00:00:20.084+0800][45582.611s] Heap
[2025-04-18T00:00:20.084+0800][45582.612s]  garbage-first heap   total 524288K, used 184945K [0x00000000e0000000, 0x0000000100000000)
[2025-04-18T00:00:20.084+0800][45582.612s]   region size 1024K, 134 young (137216K), 5 survivors (5120K)
[2025-04-18T00:00:20.084+0800][45582.612s]  Metaspace       used 60879K, committed 61440K, reserved 1114112K
[2025-04-18T00:00:20.084+0800][45582.612s]   class space    used 7159K, committed 7488K, reserved 1048576K
