[2025-04-18T00:17:32.907+0800][0.010s] CardTable entry size: 512
[2025-04-18T00:17:32.908+0800][0.011s] Using G1
[2025-04-18T00:17:33.060+0800][0.164s] Version: 19.0.1+10-21 (release)
[2025-04-18T00:17:33.060+0800][0.164s] CPUs: 8 total, 8 available
[2025-04-18T00:17:33.060+0800][0.164s] Memory: 16103M
[2025-04-18T00:17:33.060+0800][0.164s] Large Page Support: Disabled
[2025-04-18T00:17:33.060+0800][0.164s] NUMA Support: Disabled
[2025-04-18T00:17:33.060+0800][0.164s] Compressed Oops: Enabled (32-bit)
[2025-04-18T00:17:33.060+0800][0.164s] Heap Region Size: 1M
[2025-04-18T00:17:33.060+0800][0.164s] Heap Min Capacity: 512M
[2025-04-18T00:17:33.060+0800][0.164s] Heap Initial Capacity: 512M
[2025-04-18T00:17:33.060+0800][0.164s] Heap Max Capacity: 512M
[2025-04-18T00:17:33.061+0800][0.164s] Pre-touch: Enabled
[2025-04-18T00:17:33.061+0800][0.164s] Parallel Workers: 8
[2025-04-18T00:17:33.061+0800][0.164s] Concurrent Workers: 2
[2025-04-18T00:17:33.061+0800][0.164s] Concurrent Refinement Workers: 8
[2025-04-18T00:17:33.061+0800][0.164s] Periodic GC: Disabled
[2025-04-18T00:17:33.061+0800][0.165s] CDS archive(s) mapped at: [0x0000000800000000-0x0000000800c40000-0x0000000800c40000), size 12845056, SharedBaseAddress: 0x0000000800000000, ArchiveRelocationMode: 0.
[2025-04-18T00:17:33.061+0800][0.165s] Compressed class space mapped at: 0x0000000801000000-0x0000000841000000, reserved size: 1073741824
[2025-04-18T00:17:33.061+0800][0.165s] Narrow klass base: 0x0000000800000000, Narrow klass shift: 0, Narrow klass range: 0x100000000
[2025-04-18T00:17:34.304+0800][1.407s] GC(0) Pause Young (Normal) (G1 Evacuation Pause)
[2025-04-18T00:17:34.305+0800][1.408s] GC(0) Using 8 workers of 8 for evacuation
[2025-04-18T00:17:34.315+0800][1.419s] GC(0)   Pre Evacuate Collection Set: 0.2ms
[2025-04-18T00:17:34.315+0800][1.419s] GC(0)   Merge Heap Roots: 0.1ms
[2025-04-18T00:17:34.315+0800][1.419s] GC(0)   Evacuate Collection Set: 9.8ms
[2025-04-18T00:17:34.315+0800][1.419s] GC(0)   Post Evacuate Collection Set: 0.9ms
[2025-04-18T00:17:34.316+0800][1.419s] GC(0)   Other: 0.7ms
[2025-04-18T00:17:34.316+0800][1.419s] GC(0) Eden regions: 29->0(42)
[2025-04-18T00:17:34.316+0800][1.419s] GC(0) Survivor regions: 0->4(4)
[2025-04-18T00:17:34.316+0800][1.419s] GC(0) Old regions: 0->0
[2025-04-18T00:17:34.316+0800][1.419s] GC(0) Archive regions: 0->0
[2025-04-18T00:17:34.316+0800][1.419s] GC(0) Humongous regions: 0->0
[2025-04-18T00:17:34.316+0800][1.419s] GC(0) Metaspace: 7716K(8000K)->7716K(8000K) NonClass: 6840K(6976K)->6840K(6976K) Class: 875K(1024K)->875K(1024K)
[2025-04-18T00:17:34.316+0800][1.419s] GC(0) Pause Young (Normal) (G1 Evacuation Pause) 29M->3M(512M) 12.261ms
[2025-04-18T00:17:34.316+0800][1.420s] GC(0) User=0.02s Sys=0.05s Real=0.01s
[2025-04-18T00:17:39.847+0800][6.950s] GC(1) Pause Young (Normal) (G1 Evacuation Pause)
[2025-04-18T00:17:39.847+0800][6.950s] GC(1) Using 8 workers of 8 for evacuation
[2025-04-18T00:17:39.854+0800][6.958s] GC(1)   Pre Evacuate Collection Set: 0.2ms
[2025-04-18T00:17:39.854+0800][6.958s] GC(1)   Merge Heap Roots: 0.1ms
[2025-04-18T00:17:39.854+0800][6.958s] GC(1)   Evacuate Collection Set: 6.6ms
[2025-04-18T00:17:39.854+0800][6.958s] GC(1)   Post Evacuate Collection Set: 0.8ms
[2025-04-18T00:17:39.854+0800][6.958s] GC(1)   Other: 0.1ms
[2025-04-18T00:17:39.854+0800][6.958s] GC(1) Eden regions: 42->0(79)
[2025-04-18T00:17:39.854+0800][6.958s] GC(1) Survivor regions: 4->6(6)
[2025-04-18T00:17:39.854+0800][6.958s] GC(1) Old regions: 0->9
[2025-04-18T00:17:39.854+0800][6.958s] GC(1) Archive regions: 0->0
[2025-04-18T00:17:39.854+0800][6.958s] GC(1) Humongous regions: 4->4
[2025-04-18T00:17:39.854+0800][6.958s] GC(1) Metaspace: 18770K(19200K)->18770K(19200K) NonClass: 16667K(16896K)->16667K(16896K) Class: 2102K(2304K)->2102K(2304K)
[2025-04-18T00:17:39.854+0800][6.958s] GC(1) Pause Young (Normal) (G1 Evacuation Pause) 49M->18M(512M) 8.227ms
[2025-04-18T00:17:39.854+0800][6.958s] GC(1) User=0.02s Sys=0.00s Real=0.01s
[2025-04-18T00:17:40.248+0800][7.351s] GC(2) Pause Young (Normal) (G1 Evacuation Pause)
[2025-04-18T00:17:40.248+0800][7.351s] GC(2) Using 8 workers of 8 for evacuation
[2025-04-18T00:17:40.252+0800][7.356s] GC(2)   Pre Evacuate Collection Set: 0.1ms
[2025-04-18T00:17:40.252+0800][7.356s] GC(2)   Merge Heap Roots: 0.1ms
[2025-04-18T00:17:40.252+0800][7.356s] GC(2)   Evacuate Collection Set: 3.4ms
[2025-04-18T00:17:40.252+0800][7.356s] GC(2)   Post Evacuate Collection Set: 0.8ms
[2025-04-18T00:17:40.252+0800][7.356s] GC(2)   Other: 0.1ms
[2025-04-18T00:17:40.252+0800][7.356s] GC(2) Eden regions: 79->0(278)
[2025-04-18T00:17:40.252+0800][7.356s] GC(2) Survivor regions: 6->5(11)
[2025-04-18T00:17:40.252+0800][7.356s] GC(2) Old regions: 9->15
[2025-04-18T00:17:40.252+0800][7.356s] GC(2) Archive regions: 0->0
[2025-04-18T00:17:40.252+0800][7.356s] GC(2) Humongous regions: 4->4
[2025-04-18T00:17:40.252+0800][7.356s] GC(2) Metaspace: 19544K(19968K)->19544K(19968K) NonClass: 17358K(17536K)->17358K(17536K) Class: 2185K(2432K)->2185K(2432K)
[2025-04-18T00:17:40.252+0800][7.356s] GC(2) Pause Young (Normal) (G1 Evacuation Pause) 97M->23M(512M) 4.831ms
[2025-04-18T00:17:40.252+0800][7.356s] GC(2) User=0.00s Sys=0.00s Real=0.00s
[2025-04-18T00:17:40.666+0800][7.769s] GC(3) Pause Young (Concurrent Start) (Metadata GC Threshold)
[2025-04-18T00:17:40.666+0800][7.769s] GC(3) Using 8 workers of 8 for evacuation
[2025-04-18T00:17:40.668+0800][7.771s] GC(3)   Pre Evacuate Collection Set: 0.2ms
[2025-04-18T00:17:40.668+0800][7.771s] GC(3)   Merge Heap Roots: 0.1ms
[2025-04-18T00:17:40.668+0800][7.771s] GC(3)   Evacuate Collection Set: 1.5ms
[2025-04-18T00:17:40.668+0800][7.771s] GC(3)   Post Evacuate Collection Set: 0.6ms
[2025-04-18T00:17:40.668+0800][7.771s] GC(3)   Other: 0.1ms
[2025-04-18T00:17:40.668+0800][7.771s] GC(3) Eden regions: 43->0(301)
[2025-04-18T00:17:40.668+0800][7.771s] GC(3) Survivor regions: 5->6(36)
[2025-04-18T00:17:40.668+0800][7.771s] GC(3) Old regions: 15->15
[2025-04-18T00:17:40.668+0800][7.771s] GC(3) Archive regions: 0->0
[2025-04-18T00:17:40.668+0800][7.771s] GC(3) Humongous regions: 4->4
[2025-04-18T00:17:40.668+0800][7.771s] GC(3) Metaspace: 21117K(21504K)->21117K(21504K) NonClass: 18755K(18944K)->18755K(18944K) Class: 2362K(2560K)->2362K(2560K)
[2025-04-18T00:17:40.668+0800][7.771s] GC(3) Pause Young (Concurrent Start) (Metadata GC Threshold) 66M->24M(512M) 2.739ms
[2025-04-18T00:17:40.668+0800][7.772s] GC(3) User=0.00s Sys=0.00s Real=0.00s
[2025-04-18T00:17:40.668+0800][7.772s] GC(4) Concurrent Mark Cycle
[2025-04-18T00:17:40.669+0800][7.772s] GC(4) Concurrent Clear Claimed Marks
[2025-04-18T00:17:40.669+0800][7.772s] GC(4) Concurrent Clear Claimed Marks 0.046ms
[2025-04-18T00:17:40.669+0800][7.772s] GC(4) Concurrent Scan Root Regions
[2025-04-18T00:17:40.670+0800][7.774s] GC(4) Concurrent Scan Root Regions 2.007ms
[2025-04-18T00:17:40.670+0800][7.774s] GC(4) Concurrent Mark
[2025-04-18T00:17:40.670+0800][7.774s] GC(4) Concurrent Mark From Roots
[2025-04-18T00:17:40.670+0800][7.774s] GC(4) Using 2 workers of 2 for marking
[2025-04-18T00:17:40.684+0800][7.788s] GC(4) Concurrent Mark From Roots 14.254ms
[2025-04-18T00:17:40.684+0800][7.788s] GC(4) Concurrent Preclean
[2025-04-18T00:17:40.685+0800][7.788s] GC(4) Concurrent Preclean 0.177ms
[2025-04-18T00:17:40.685+0800][7.788s] GC(4) Pause Remark
[2025-04-18T00:17:40.687+0800][7.791s] GC(4) Pause Remark 25M->25M(512M) 2.376ms
[2025-04-18T00:17:40.687+0800][7.791s] GC(4) User=0.00s Sys=0.00s Real=0.00s
[2025-04-18T00:17:40.687+0800][7.791s] GC(4) Concurrent Mark 17.167ms
[2025-04-18T00:17:40.687+0800][7.791s] GC(4) Concurrent Rebuild Remembered Sets
[2025-04-18T00:17:40.694+0800][7.797s] GC(4) Concurrent Rebuild Remembered Sets 6.278ms
[2025-04-18T00:17:40.694+0800][7.798s] GC(4) Pause Cleanup
[2025-04-18T00:17:40.694+0800][7.798s] GC(4) Pause Cleanup 25M->25M(512M) 0.147ms
[2025-04-18T00:17:40.695+0800][7.798s] GC(4) User=0.00s Sys=0.00s Real=0.00s
[2025-04-18T00:17:40.695+0800][7.798s] GC(4) Concurrent Cleanup for Next Mark
[2025-04-18T00:17:40.695+0800][7.799s] GC(4) Concurrent Cleanup for Next Mark 0.895ms
[2025-04-18T00:17:40.696+0800][7.799s] GC(4) Concurrent Mark Cycle 27.233ms
[2025-04-18T00:17:42.969+0800][10.072s] GC(5) Pause Young (Concurrent Start) (Metadata GC Threshold)
[2025-04-18T00:17:42.969+0800][10.072s] GC(5) Using 8 workers of 8 for evacuation
[2025-04-18T00:17:42.977+0800][10.080s] GC(5)   Pre Evacuate Collection Set: 0.2ms
[2025-04-18T00:17:42.977+0800][10.080s] GC(5)   Merge Heap Roots: 0.1ms
[2025-04-18T00:17:42.977+0800][10.080s] GC(5)   Evacuate Collection Set: 6.1ms
[2025-04-18T00:17:42.977+0800][10.080s] GC(5)   Post Evacuate Collection Set: 0.7ms
[2025-04-18T00:17:42.977+0800][10.080s] GC(5)   Other: 0.1ms
[2025-04-18T00:17:42.977+0800][10.080s] GC(5) Eden regions: 121->0(297)
[2025-04-18T00:17:42.977+0800][10.080s] GC(5) Survivor regions: 6->10(39)
[2025-04-18T00:17:42.977+0800][10.080s] GC(5) Old regions: 15->15
[2025-04-18T00:17:42.977+0800][10.080s] GC(5) Archive regions: 0->0
[2025-04-18T00:17:42.977+0800][10.080s] GC(5) Humongous regions: 4->4
[2025-04-18T00:17:42.977+0800][10.080s] GC(5) Metaspace: 35591K(36096K)->35591K(36096K) NonClass: 31523K(31744K)->31523K(31744K) Class: 4068K(4352K)->4068K(4352K)
[2025-04-18T00:17:42.977+0800][10.080s] GC(5) Pause Young (Concurrent Start) (Metadata GC Threshold) 144M->28M(512M) 7.652ms
[2025-04-18T00:17:42.977+0800][10.080s] GC(5) User=0.09s Sys=0.02s Real=0.01s
[2025-04-18T00:17:42.977+0800][10.080s] GC(6) Concurrent Mark Cycle
[2025-04-18T00:17:42.977+0800][10.080s] GC(6) Concurrent Clear Claimed Marks
[2025-04-18T00:17:42.977+0800][10.080s] GC(6) Concurrent Clear Claimed Marks 0.039ms
[2025-04-18T00:17:42.977+0800][10.080s] GC(6) Concurrent Scan Root Regions
[2025-04-18T00:17:42.981+0800][10.084s] GC(6) Concurrent Scan Root Regions 4.140ms
[2025-04-18T00:17:42.981+0800][10.084s] GC(6) Concurrent Mark
[2025-04-18T00:17:42.981+0800][10.084s] GC(6) Concurrent Mark From Roots
[2025-04-18T00:17:42.981+0800][10.084s] GC(6) Using 2 workers of 2 for marking
[2025-04-18T00:17:42.999+0800][10.102s] GC(6) Concurrent Mark From Roots 17.701ms
[2025-04-18T00:17:42.999+0800][10.102s] GC(6) Concurrent Preclean
[2025-04-18T00:17:42.999+0800][10.102s] GC(6) Concurrent Preclean 0.107ms
[2025-04-18T00:17:42.999+0800][10.103s] GC(6) Pause Remark
[2025-04-18T00:17:43.003+0800][10.106s] GC(6) Pause Remark 30M->30M(512M) 3.619ms
[2025-04-18T00:17:43.003+0800][10.106s] GC(6) User=0.00s Sys=0.00s Real=0.00s
[2025-04-18T00:17:43.003+0800][10.106s] GC(6) Concurrent Mark 22.009ms
[2025-04-18T00:17:43.003+0800][10.106s] GC(6) Concurrent Rebuild Remembered Sets
[2025-04-18T00:17:43.014+0800][10.117s] GC(6) Concurrent Rebuild Remembered Sets 10.853ms
[2025-04-18T00:17:43.014+0800][10.118s] GC(6) Pause Cleanup
[2025-04-18T00:17:43.014+0800][10.118s] GC(6) Pause Cleanup 31M->31M(512M) 0.168ms
[2025-04-18T00:17:43.014+0800][10.118s] GC(6) User=0.00s Sys=0.00s Real=0.00s
[2025-04-18T00:17:43.014+0800][10.118s] GC(6) Concurrent Cleanup for Next Mark
[2025-04-18T00:17:43.015+0800][10.119s] GC(6) Concurrent Cleanup for Next Mark 1.028ms
[2025-04-18T00:17:43.015+0800][10.119s] GC(6) Concurrent Mark Cycle 38.749ms
[2025-04-18T00:31:32.209+0800][839.312s] GC(7) Pause Young (Normal) (G1 Evacuation Pause)
[2025-04-18T00:31:32.209+0800][839.312s] GC(7) Using 8 workers of 8 for evacuation
[2025-04-18T00:31:32.226+0800][839.329s] GC(7)   Pre Evacuate Collection Set: 0.1ms
[2025-04-18T00:31:32.226+0800][839.329s] GC(7)   Merge Heap Roots: 0.1ms
[2025-04-18T00:31:32.226+0800][839.329s] GC(7)   Evacuate Collection Set: 14.4ms
[2025-04-18T00:31:32.226+0800][839.329s] GC(7)   Post Evacuate Collection Set: 2.4ms
[2025-04-18T00:31:32.226+0800][839.329s] GC(7)   Other: 0.1ms
[2025-04-18T00:31:32.226+0800][839.329s] GC(7) Eden regions: 297->0(275)
[2025-04-18T00:31:32.226+0800][839.329s] GC(7) Survivor regions: 10->32(39)
[2025-04-18T00:31:32.226+0800][839.329s] GC(7) Old regions: 15->15
[2025-04-18T00:31:32.226+0800][839.329s] GC(7) Archive regions: 0->0
[2025-04-18T00:31:32.226+0800][839.329s] GC(7) Humongous regions: 4->4
[2025-04-18T00:31:32.226+0800][839.329s] GC(7) Metaspace: 58264K(59072K)->58264K(59072K) NonClass: 51200K(51648K)->51200K(51648K) Class: 7064K(7424K)->7064K(7424K)
[2025-04-18T00:31:32.226+0800][839.329s] GC(7) Pause Young (Normal) (G1 Evacuation Pause) 325M->49M(512M) 17.466ms
[2025-04-18T00:31:32.226+0800][839.329s] GC(7) User=0.09s Sys=0.03s Real=0.02s
[2025-04-18T00:43:43.155+0800][1570.258s] Heap
[2025-04-18T00:43:43.155+0800][1570.258s]  garbage-first heap   total 524288K, used 85381K [0x00000000e0000000, 0x0000000100000000)
[2025-04-18T00:43:43.155+0800][1570.258s]   region size 1024K, 66 young (67584K), 32 survivors (32768K)
[2025-04-18T00:43:43.155+0800][1570.258s]  Metaspace       used 58713K, committed 59520K, reserved 1114112K
[2025-04-18T00:43:43.155+0800][1570.258s]   class space    used 7119K, committed 7488K, reserved 1048576K
